
- NASM Map file ---------------------------------------------------------------

Source file:  /opt/syslinux/memdisk/memdisk_chs_512.asm
Output file:  memdisk_chs_512.bin

-- Program origin -------------------------------------------------------------

00000000

-- Sections (summary) ---------------------------------------------------------

Vstart            Start             Stop              Length    Class     Name
               0                 0               436  00000436  progbits  .text
             440               440               544  00000104  progbits  .data

-- Sections (detailed) --------------------------------------------------------

---- Section .text ------------------------------------------------------------

class:     progbits
length:                 436
start:                    0
align:     not defined
follows:   not defined
vstart:                   0
valign:    not defined
vfollows:  not defined

---- Section .data ------------------------------------------------------------

class:     progbits
length:                 104
start:                  440
align:                   10
follows:   not defined
vstart:                 440
valign:    not defined
vfollows:  not defined

-- Symbols --------------------------------------------------------------------

---- No Section ---------------------------------------------------------------

Value     Name
00000017  Int13FuncsCnt
0000001E  MDI_Len
00000046  mBFT_Len


---- Section .text ------------------------------------------------------------

Real              Virtual           Name
               0                 0  Pointers
              B4                B4  IretPtr
               A                 A  Int13Start
              29                29  Int13Start.SafeHookEnd
              67                67  Int13Start.nomatch
              95                95  Int13Start.restoredl
              98                98  Int13Start.norestoredl
              B4                B4  Int13Start.iret
              B5                B5  recursive
              B5                B5  jmp_oldint13
              BA                BA  our_drive
              D7                D7  Done
              DA                DA  DoneWeird
              FC                FC  Reset
             10E               10E  Reset.hard_disk
             116               116  Reset.pass_on
             127               127  Invalid
             128               128  Invalid_jump
             12C               12C  GetDriveType
             144               144  GetDriveType.floppy
             14C               14C  GetStatus
             157               157  ReadMult
             157               157  Read
             15A               15A  do_copy
             162               162  WriteMult
             162               162  Write
             171               171  Write.readonly
             174               174  Seek
             174               174  Verify
             177               177  CheckIfReady
             177               177  Recalibrate
             177               177  InitWithParms
             177               177  DetectChange
             177               177  EDDDetectChange
             177               177  EDDLock
             177               177  SetMode
             177               177  success
             17A               17A  GetParms
             197               197  GetParms.hd
             1E6               1E6  GetParms.notic
             1E9               1E9  setup_regs
             24C               24C  setup_regs.overrun
             251               251  int15_e820
             272               272  int15_e820.renew
             2B7               2B7  int15_e820.notdone
             2C3               2C3  int15_success
             2C9               2C9  err86
             2D1               2D1  Int15Start
             2EA               2EA  oldint15
             2F0               2F0  int15_e801
             2FF               2FF  int15_e881
             312               312  int15_88
             318               318  bcopy
             335               335  bcopy.realmode
             33E               33E  bcopy.raw
             386               386  bcopy.skip_a20e
             3BE               3BE  bcopy.skip_a20d
             3C2               3C2  bcopy.fakeint15
             3C5               3C5  bcopy.protmode
             3C5               3C5  bcopy.anymode
             3C5               3C5  bcopy.copy_loop
             3DA               3DA  bcopy.safe_size
             422               422  bcopy.error
             422               422  bcopy.done
             42B               42B  real_int15_stub
             42F               42F  fake_int15_stub

---- Section .data ------------------------------------------------------------

Real              Virtual           Name
             440               440  Int13Funcs
             46E               46E  Int13FuncsEnd
             470               470  Shaker
             478               478  Shaker_RMDS
             480               480  Shaker_DS
             488               488  ShakerEnd
             488               488  Mover
             49A               49A  Mover_src1
             49F               49F  Mover_src2
             4A2               4A2  Mover_dst1
             4A7               4A7  Mover_dst2
             4A8               4A8  Mover_dummy2
             4C0               4C0  mBFT
             4E8               4E8  MemDisk_Info
             4E8               4E8  MDI_Bytes
             4EA               4EA  MDI_Version
             4EC               4EC  DiskBuf
             4F0               4F0  DiskSize
             4F4               4F4  CommandLine
             4F8               4F8  OldInt13
             4FC               4FC  OldInt15
             500               500  OldDosMem
             502               502  BootLoaderID
             504               504  DPT_ptr
             506               506  DriveShiftLimit
             50A               50A  MemInt1588
             50C               50C  Cylinders
             50E               50E  Heads
             510               510  Sectors
             514               514  Mem1MB
             518               518  Mem16MB
             51C               51C  DriveNo
             51D               51D  DriveType
             51E               51E  DriveCnt
             51F               51F  ConfigFlags
             520               520  MyStack
             522               522  StatusPtr
             524               524  DPT
             534               534  OldInt1E
             538               538  Stack
             53E               53E  SavedAX
             540               540  Recursive
             544               544  E820Table
             544               544  TotalSize

