
- NASM Map file ---------------------------------------------------------------

Source file:  /opt/syslinux/memdisk/memdisk_iso_2048.asm
Output file:  memdisk_iso_2048.bin

-- Program origin -------------------------------------------------------------

00000000

-- Sections (summary) ---------------------------------------------------------

Vstart            Start             Stop              Length    Class     Name
               0                 0               562  00000562  progbits  .text
             570               570               744  000001D4  progbits  .data

-- Sections (detailed) --------------------------------------------------------

---- Section .text ------------------------------------------------------------

class:     progbits
length:                 562
start:                    0
align:     not defined
follows:   not defined
vstart:                   0
valign:    not defined
vfollows:  not defined

---- Section .data ------------------------------------------------------------

class:     progbits
length:                 1D4
start:                  570
align:                   10
follows:   not defined
vstart:                 570
valign:    not defined
vfollows:  not defined

-- Symbols --------------------------------------------------------------------

---- No Section ---------------------------------------------------------------

Value     Name
0000004E  Int13FuncsCnt
0000001E  MDI_Len
00000046  mBFT_Len


---- Section .text ------------------------------------------------------------

Real              Virtual           Name
               0                 0  Pointers
              BD                BD  IretPtr
               A                 A  Int13Start
              29                29  Int13Start.SafeHookEnd
              70                70  Int13Start.nomatch
              9E                9E  Int13Start.restoredl
              A1                A1  Int13Start.norestoredl
              BD                BD  Int13Start.iret
              BE                BE  recursive
              BE                BE  jmp_oldint13
              C3                C3  our_drive
              E1                E1  our_drive.emulation
              EC                EC  Done
              EF                EF  DoneWeird
             111               111  Reset
             123               123  Reset.hard_disk
             12B               12B  Reset.pass_on
             13C               13C  Invalid
             13D               13D  Invalid_jump
             141               141  GetDriveType
             159               159  GetDriveType.floppy
             161               161  GetStatus
             16C               16C  ReadMult
             16C               16C  Read
             16F               16F  do_copy
             177               177  WriteMult
             177               177  Write
             186               186  Write.readonly
             189               189  Seek
             189               189  Verify
             18C               18C  CheckIfReady
             18C               18C  Recalibrate
             18C               18C  InitWithParms
             18C               18C  DetectChange
             18C               18C  EDDDetectChange
             18C               18C  EDDLock
             18C               18C  SetMode
             18C               18C  success
             18F               18F  GetParms
             1AC               1AC  GetParms.hd
             1FB               1FB  GetParms.notic
             1FE               1FE  EDDPresence
             21C               21C  EDDRead
             225               225  EDDWrite
             231               231  EDDVerify
             231               231  EDDSeek
             237               237  EDDGetParms
             24F               24F  EDDGetParms.oksize
             259               259  EDDGetParms.overrun
             25D               25D  setup_regs
             2C0               2C0  setup_regs.overrun
             2C5               2C5  edd_setup_regs
             2F1               2F1  edd_setup_regs.linear_address
             306               306  edd_setup_regs.got_address
             33A               33A  edd_setup_regs.baddapa
             340               340  edd_setup_regs.overrun
             343               343  edd_setup_regs.error
             34B               34B  EDDEject
             34F               34F  ElToritoTerminate
             365               365  ElToritoTerminate.doit
             379               379  ElToritoEmulate
             379               379  ElToritoBoot
             379               379  ElToritoCatalog
             379               379  ElToritoErr
             37D               37D  int15_e820
             39E               39E  int15_e820.renew
             3E3               3E3  int15_e820.notdone
             3EF               3EF  int15_success
             3F5               3F5  err86
             3FD               3FD  Int15Start
             416               416  oldint15
             41C               41C  int15_e801
             42B               42B  int15_e881
             43E               43E  int15_88
             444               444  bcopy
             461               461  bcopy.realmode
             46A               46A  bcopy.raw
             4B2               4B2  bcopy.skip_a20e
             4EA               4EA  bcopy.skip_a20d
             4EE               4EE  bcopy.fakeint15
             4F1               4F1  bcopy.protmode
             4F1               4F1  bcopy.anymode
             4F1               4F1  bcopy.copy_loop
             506               506  bcopy.safe_size
             54E               54E  bcopy.error
             54E               54E  bcopy.done
             557               557  real_int15_stub
             55B               55B  fake_int15_stub

---- Section .data ------------------------------------------------------------

Real              Virtual           Name
             570               570  Int13Funcs
             60C               60C  Int13FuncsEnd
             610               610  Shaker
             618               618  Shaker_RMDS
             620               620  Shaker_DS
             628               628  ShakerEnd
             628               628  Mover
             63A               63A  Mover_src1
             63F               63F  Mover_src2
             642               642  Mover_dst1
             647               647  Mover_dst2
             648               648  Mover_dummy2
             660               660  mBFT
             688               688  MemDisk_Info
             688               688  MDI_Bytes
             68A               68A  MDI_Version
             68C               68C  DiskBuf
             690               690  DiskSize
             694               694  CommandLine
             698               698  OldInt13
             69C               69C  OldInt15
             6A0               6A0  OldDosMem
             6A2               6A2  BootLoaderID
             6A4               6A4  DPT_ptr
             6A6               6A6  DriveShiftLimit
             6AA               6AA  MemInt1588
             6AC               6AC  Cylinders
             6AE               6AE  Heads
             6B0               6B0  Sectors
             6B4               6B4  Mem1MB
             6B8               6B8  Mem16MB
             6BC               6BC  DriveNo
             6BD               6BD  DriveType
             6BE               6BE  DriveCnt
             6BF               6BF  ConfigFlags
             6C0               6C0  MyStack
             6C2               6C2  StatusPtr
             6C4               6C4  DPT
             6D4               6D4  OldInt1E
             6D8               6D8  EDD_DPT
             6D8               6D8  EDD_DPT.length
             6DA               6DA  EDD_DPT.info
             6DC               6DC  EDD_DPT.cylinders
             6E0               6E0  EDD_DPT.heads
             6E4               6E4  EDD_DPT.sectors
             6E8               6E8  EDD_DPT.totalsize
             6F0               6F0  EDD_DPT.bytespersec
             6F2               6F2  EDD_DPT.eddtable
             6F6               6F6  EDD_DPT.dpikey
             6F8               6F8  EDD_DPT.dpilen
             6F9               6F9  EDD_DPT.res1
             6FA               6FA  EDD_DPT.res2
             6FC               6FC  EDD_DPT.bustype
             700               700  EDD_DPT.inttype
             708               708  EDD_DPT.intpath
             710               710  EDD_DPT.devpath
             720               720  EDD_DPT.res3
             721               721  EDD_DPT.chksum
             722               722  CD_PKT
             722               722  CD_PKT.size
             723               723  CD_PKT.type
             724               724  CD_PKT.driveno
             725               725  CD_PKT.controller
             726               726  CD_PKT.start
             72A               72A  CD_PKT.devno
             72C               72C  CD_PKT.user_buf
             72E               72E  CD_PKT.load_seg
             730               730  CD_PKT.sect_count
             732               732  CD_PKT.geom1
             733               733  CD_PKT.geom2
             734               734  CD_PKT.geom3
             738               738  Stack
             73E               73E  SavedAX
             740               740  Recursive
             744               744  E820Table
             744               744  TotalSize

