
- NASM Map file ---------------------------------------------------------------

Source file:  /opt/syslinux/memdisk/memdisk_edd_512.asm
Output file:  memdisk_edd_512.bin

-- Program origin -------------------------------------------------------------

00000000

-- Sections (summary) ---------------------------------------------------------

Vstart            Start             Stop              Length    Class     Name
               0                 0               51F  0000051F  progbits  .text
             520               520               6D0  000001B0  progbits  .data

-- Sections (detailed) --------------------------------------------------------

---- Section .text ------------------------------------------------------------

class:     progbits
length:                 51F
start:                    0
align:     not defined
follows:   not defined
vstart:                   0
valign:    not defined
vfollows:  not defined

---- Section .data ------------------------------------------------------------

class:     progbits
length:                 1B0
start:                  520
align:                   10
follows:   not defined
vstart:                 520
valign:    not defined
vfollows:  not defined

-- Symbols --------------------------------------------------------------------

---- No Section ---------------------------------------------------------------

Value     Name
0000004A  Int13FuncsCnt
0000001E  MDI_Len
00000046  mBFT_Len


---- Section .text ------------------------------------------------------------

Real              Virtual           Name
               0                 0  Pointers
              B4                B4  IretPtr
               A                 A  Int13Start
              29                29  Int13Start.SafeHookEnd
              67                67  Int13Start.nomatch
              95                95  Int13Start.restoredl
              98                98  Int13Start.norestoredl
              B4                B4  Int13Start.iret
              B5                B5  recursive
              B5                B5  jmp_oldint13
              BA                BA  our_drive
              D7                D7  Done
              DA                DA  DoneWeird
              FC                FC  Reset
             10E               10E  Reset.hard_disk
             116               116  Reset.pass_on
             127               127  Invalid
             128               128  Invalid_jump
             12C               12C  GetDriveType
             144               144  GetDriveType.floppy
             14C               14C  GetStatus
             157               157  ReadMult
             157               157  Read
             15A               15A  do_copy
             162               162  WriteMult
             162               162  Write
             171               171  Write.readonly
             174               174  Seek
             174               174  Verify
             177               177  CheckIfReady
             177               177  Recalibrate
             177               177  InitWithParms
             177               177  DetectChange
             177               177  EDDDetectChange
             177               177  EDDLock
             177               177  SetMode
             177               177  success
             17A               17A  GetParms
             197               197  GetParms.hd
             1E6               1E6  GetParms.notic
             1E9               1E9  EDDPresence
             207               207  EDDRead
             210               210  EDDWrite
             21C               21C  EDDVerify
             21C               21C  EDDSeek
             222               222  EDDGetParms
             23A               23A  EDDGetParms.oksize
             244               244  EDDGetParms.overrun
             248               248  setup_regs
             2AB               2AB  setup_regs.overrun
             2B0               2B0  edd_setup_regs
             2DC               2DC  edd_setup_regs.linear_address
             2F1               2F1  edd_setup_regs.got_address
             325               325  edd_setup_regs.baddapa
             32B               32B  edd_setup_regs.overrun
             32E               32E  edd_setup_regs.error
             336               336  EDDEject
             33A               33A  int15_e820
             35B               35B  int15_e820.renew
             3A0               3A0  int15_e820.notdone
             3AC               3AC  int15_success
             3B2               3B2  err86
             3BA               3BA  Int15Start
             3D3               3D3  oldint15
             3D9               3D9  int15_e801
             3E8               3E8  int15_e881
             3FB               3FB  int15_88
             401               401  bcopy
             41E               41E  bcopy.realmode
             427               427  bcopy.raw
             46F               46F  bcopy.skip_a20e
             4A7               4A7  bcopy.skip_a20d
             4AB               4AB  bcopy.fakeint15
             4AE               4AE  bcopy.protmode
             4AE               4AE  bcopy.anymode
             4AE               4AE  bcopy.copy_loop
             4C3               4C3  bcopy.safe_size
             50B               50B  bcopy.error
             50B               50B  bcopy.done
             514               514  real_int15_stub
             518               518  fake_int15_stub

---- Section .data ------------------------------------------------------------

Real              Virtual           Name
             520               520  Int13Funcs
             5B4               5B4  Int13FuncsEnd
             5B8               5B8  Shaker
             5C0               5C0  Shaker_RMDS
             5C8               5C8  Shaker_DS
             5D0               5D0  ShakerEnd
             5D0               5D0  Mover
             5E2               5E2  Mover_src1
             5E7               5E7  Mover_src2
             5EA               5EA  Mover_dst1
             5EF               5EF  Mover_dst2
             5F0               5F0  Mover_dummy2
             600               600  mBFT
             628               628  MemDisk_Info
             628               628  MDI_Bytes
             62A               62A  MDI_Version
             62C               62C  DiskBuf
             630               630  DiskSize
             634               634  CommandLine
             638               638  OldInt13
             63C               63C  OldInt15
             640               640  OldDosMem
             642               642  BootLoaderID
             644               644  DPT_ptr
             646               646  DriveShiftLimit
             64A               64A  MemInt1588
             64C               64C  Cylinders
             64E               64E  Heads
             650               650  Sectors
             654               654  Mem1MB
             658               658  Mem16MB
             65C               65C  DriveNo
             65D               65D  DriveType
             65E               65E  DriveCnt
             65F               65F  ConfigFlags
             660               660  MyStack
             662               662  StatusPtr
             664               664  DPT
             674               674  OldInt1E
             678               678  EDD_DPT
             678               678  EDD_DPT.length
             67A               67A  EDD_DPT.info
             67C               67C  EDD_DPT.cylinders
             680               680  EDD_DPT.heads
             684               684  EDD_DPT.sectors
             688               688  EDD_DPT.totalsize
             690               690  EDD_DPT.bytespersec
             692               692  EDD_DPT.eddtable
             696               696  EDD_DPT.dpikey
             698               698  EDD_DPT.dpilen
             699               699  EDD_DPT.res1
             69A               69A  EDD_DPT.res2
             69C               69C  EDD_DPT.bustype
             6A0               6A0  EDD_DPT.inttype
             6A8               6A8  EDD_DPT.intpath
             6B0               6B0  EDD_DPT.devpath
             6C0               6C0  EDD_DPT.res3
             6C1               6C1  EDD_DPT.chksum
             6C4               6C4  Stack
             6CA               6CA  SavedAX
             6CC               6CC  Recursive
             6D0               6D0  E820Table
             6D0               6D0  TotalSize

