Archive member included to satisfy reference by file (symbol)

libcom32.a(writestr.o)        isolinux.o (crlf)
libcom32.a(idle.o)            isolinux.o (__idle)
libcom32.a(cleanup.o)         isolinux.o (cleanup_hardware)
libcom32.a(init.o)            isolinux.o (mem_init)
libcom32.a(conio.o)           isolinux.o (pm_write_serial)
libcom32.a(writehex.o)        isolinux.o (pm_writehex2)
libcom32.a(load_env32.o)      isolinux.o (load_env32)
libcom32.a(getcwd.o)          libcom32.a(load_env32.o) (core_getcwd)
libcom32.a(readdir.o)         isolinux.o (opendir)
libcom32.a(fs.o)              libcom32.a(readdir.o) (_close_file)
libcom32.a(iso9660.o)         isolinux.o (iso_fs_ops)
libcom32.a(susp_rr.o)         libcom32.a(iso9660.o) (susp_rr_get_nm)
libcom32.a(chdir.o)           isolinux.o (pm_realpath)
libcom32.a(diskio.o)          libcom32.a(fs.o) (device_init)
libcom32.a(diskio_bios.o)     isolinux.o (pm_fs_init)
libcom32.a(nonextextent.o)    libcom32.a(iso9660.o) (no_next_extent)
libcom32.a(mangle.o)          libcom32.a(iso9660.o) (generic_mangle_name)
libcom32.a(searchconfig.o)    libcom32.a(load_env32.o) (search_dirs)
libcom32.a(close.o)           libcom32.a(iso9660.o) (generic_close_file)
libcom32.a(cache.o)           libcom32.a(fs.o) (cache_init)
libcom32.a(pmapi.o)           isolinux.o (pm_api_vector)
libcom32.a(rllpack.o)         isolinux.o (rllpack)
libcom32.a(hello.o)           isolinux.o (hello)
libcom32.a(graphics.o)        isolinux.o (syslinux_force_text_mode)
libcom32.a(font.o)            libcom32.a(graphics.o) (use_font)
libcom32.a(bios.o)            libcom32.a(conio.o) (KbdMap)
libcom32.a(path.o)            libcom32.a(load_env32.o) (path_add)
libcom32.a(init.o)            isolinux.o (init)
libcom32.a(lzo1x_f2.o)        isolinux.o (_lzo1x_decompress_asm_fast_safe)
libcom32.a(errno.o)           libcom32.a(fs.o) (errno)
libcom32.a(serirq.o)          libcom32.a(conio.o) (SerialHead)
libcom32.a(malloc.o)          libcom32.a(bios.o) (bios_malloc)
libcom32.a(free.o)            libcom32.a(bios.o) (bios_free)
libcom32.a(sysappend.o)       libcom32.a(pmapi.o) (sysappend_strings)
libcom32.a(kaboom.o)          libcom32.a(iso9660.o) (_kaboom)
libcom32.a(call16.o)          libcom32.a(bios.o) (call16)
libcom32.a(dmi.o)             libcom32.a(bios.o) (dmi_init)
libcom32.a(getfssec.o)        libcom32.a(iso9660.o) (generic_getfssec)
libcom32.a(sem_asm.o)         libcom32.a(malloc.o) (sem_down)
libcom32.a(semaphore.o)       libcom32.a(sem_asm.o) (__sem_down_slow)
libcom32.a(root_thread.o)     libcom32.a(semaphore.o) (__current)
libcom32.a(schedule.o)        libcom32.a(semaphore.o) (__schedule)
libcom32.a(thread_asm.o)      libcom32.a(schedule.o) (__switch_to)
libcom32.a(exit_thread.o)     libcom32.a(thread_asm.o) (__exit_thread)
/opt/syslinux/bios/com32/lib/libcom32core.a(memcpy.o)
                              (--whole-archive)
/opt/syslinux/bios/com32/lib/libcom32core.a(memset.o)
                              (--whole-archive)
/opt/syslinux/bios/com32/lib/libcom32core.a(memcmp.o)
                              (--whole-archive)
/opt/syslinux/bios/com32/lib/libcom32core.a(printf.o)
                              (--whole-archive)
/opt/syslinux/bios/com32/lib/libcom32core.a(strncmp.o)
                              (--whole-archive)
/opt/syslinux/bios/com32/lib/libcom32core.a(vfprintf.o)
                              (--whole-archive)
/opt/syslinux/bios/com32/lib/libcom32core.a(strlen.o)
                              (--whole-archive)
/opt/syslinux/bios/com32/lib/libcom32core.a(vsnprintf.o)
                              (--whole-archive)
/opt/syslinux/bios/com32/lib/libcom32core.a(snprintf.o)
                              (--whole-archive)
/opt/syslinux/bios/com32/lib/libcom32core.a(stpcpy.o)
                              (--whole-archive)
/opt/syslinux/bios/com32/lib/libcom32core.a(strcmp.o)
                              (--whole-archive)
/opt/syslinux/bios/com32/lib/libcom32core.a(strdup.o)
                              (--whole-archive)
/opt/syslinux/bios/com32/lib/libcom32core.a(strcpy.o)
                              (--whole-archive)
/opt/syslinux/bios/com32/lib/libcom32core.a(strncpy.o)
                              (--whole-archive)
/opt/syslinux/bios/com32/lib/libcom32core.a(setjmp.o)
                              (--whole-archive)
/opt/syslinux/bios/com32/lib/libcom32core.a(fopen.o)
                              (--whole-archive)
/opt/syslinux/bios/com32/lib/libcom32core.a(fread.o)
                              (--whole-archive)
/opt/syslinux/bios/com32/lib/libcom32core.a(fread2.o)
                              (--whole-archive)
/opt/syslinux/bios/com32/lib/libcom32core.a(puts.o)
                              (--whole-archive)
/opt/syslinux/bios/com32/lib/libcom32core.a(strtoul.o)
                              (--whole-archive)
/opt/syslinux/bios/com32/lib/libcom32core.a(strntoumax.o)
                              (--whole-archive)
/opt/syslinux/bios/com32/lib/libcom32core.a(strcasecmp.o)
[...]
Memory Configuration

Name             Origin             Length             Attributes
*default*        0x0000000000000000 0xffffffffffffffff

Linker script and memory map

                0x0000000000010000                STACK32_LEN = 0x10000
                0x0000000000000000                . = 0x0
                0x0000000000000000                __module_start = ABSOLUTE (.)

.prefix         0x0000000000000000       0x14
 *(.prefix)
 .prefix        0x0000000000000000       0x14 isolinux.o
                0x0000000000001000                . = 0x1000

.earlybss       0x0000000000001000     0x28bc
                0x0000000000001000                __earlybss_start = .
 *(.earlybss)
 .earlybss      0x0000000000001000     0x28bc isolinux.o
                0x0000000000001000                trackbuf
                0x0000000000003012                BIOSName
                0x0000000000003014                BIOSType
                0x0000000000003017                DriveNumber
                0x0000000000003020                Hidden
                0x0000000000003030                spec_packet
                0x00000000000038b8                RealModeSSSP
                0x00000000000038bc                __earlybss_end = .
                0x00000000000028bc                __earlybss_len = (ABSOLUTE (__earlybss_end) - ABSOLUTE (__earlybss_start))
                0x0000000000000a2f                __earlybss_dwords = ((__earlybss_len + 0x3) >> 0x2)
                0x00000000000038bc                . = ALIGN (0x4)

.bss16          0x00000000000038c0      0x226
                0x00000000000038c0                __bss16_start = .
 *(.bss16)
 .bss16         0x00000000000038c0      0x221 isolinux.o
                0x00000000000038cc                KernelName
                0x00000000000039cc                CurrentDirName
                0x0000000000003add                OrigFDCTabPtr
 *fill*         0x0000000000003ae1        0x1 
 .bss16         0x0000000000003ae2        0x4 libcom32.a(fs.o)
                0x0000000000003ae2                SectorShift
                0x0000000000003ae4                SectorSize
                0x0000000000003ae6                __bss16_end = .
                0x0000000000000226                __bss16_len = (ABSOLUTE (__bss16_end) - ABSOLUTE (__bss16_start))
                0x000000000000008a                __bss16_dwords = ((__bss16_len + 0x3) >> 0x2)
                0x0000000000003ae8                . = ALIGN (0x4)

.config         0x0000000000003ae8        0x0 load address 0x0000000000008ef0
                0x0000000000003ae8                __config_start = .
 *(.config)
 .config        0x0000000000003ae8        0x0 isolinux.o
                0x0000000000003ae8                __config_end = .
                0x0000000000000000                __config_len = (ABSOLUTE (__config_end) - ABSOLUTE (__config_start))
                0x0000000000000000                __config_dwords = ((__config_len + 0x3) >> 0x2)
                0x0000000000003b00                . = ALIGN (0x80)

.replacestub    0x0000000000003b00        0x0 load address 0x0000000000008ef0
                0x0000000000003b00                __replacestub_start = .
 *(.replacestub)
 .replacestub   0x0000000000003b00        0x0 isolinux.o
                0x0000000000003b00                __replacestub_end = .
                0x0000000000000000                __replacestub_len = (ABSOLUTE (__replacestub_end) - ABSOLUTE (__replacestub_start))
                0x0000000000000000                __replacestub_dwords = ((__replacestub_len + 0x3) >> 0x2)
                0x0000000000003b00                . = ALIGN (0x10)
                0x0000000000003b00                __gentextnr_lma = .

.gentextnr      0x0000000000003b00      0x418
                0x0000000000003b00                __gentextnr_start = .
 *(.gentextnr)
 .gentextnr     0x0000000000003b00      0x418 isolinux.o
                0x0000000000003f18                __gentextnr_end = .
                0x0000000000000418                __gentextnr_len = (ABSOLUTE (__gentextnr_end) - ABSOLUTE (__gentextnr_start))
                0x0000000000000106                __gentextnr_dwords = ((__gentextnr_len + 0x3) >> 0x2)
                0x0000000000006c00                . = STACK_BASE

.stack16        0x0000000000006c00     0x1000
                0x0000000000006c00                __stack16_start = .
                0x0000000000007c00                . = (. + STACK_LEN)
 *fill*         0x0000000000006c00     0x1000 
                0x0000000000007c00                __stack16_end = .
 .stack16       0x0000000000007c00        0x0 isolinux.o
                0x0000000000001000                __stack16_len = (ABSOLUTE (__stack16_end) - ABSOLUTE (__stack16_start))
                0x0000000000000400                __stack16_dwords = ((__stack16_len + 0x3) >> 0x2)
                0x0000000000007c00                . = 0x7c00

.init           0x0000000000007c00      0x800
 FILL mask 0x90909090
                0x0000000000007c00                __init_start = .
 *(.init)
 .init          0x0000000000007c00      0x800 isolinux.o
                0x0000000000007c00                _start
                0x0000000000007c08                iso_boot_info
                0x0000000000007f21                getlinsec
                0x00000000000080c3                kaboom
                0x000000000000813a                syslinux_banner
                0x000000000000814c                copyright_str
                0x0000000000008384                bios_cdrom
                0x0000000000008400                __init_end = .
                0x0000000000000800                __init_len = (ABSOLUTE (__init_end) - ABSOLUTE (__init_start))
                0x0000000000000200                __init_dwords = ((__init_len + 0x3) >> 0x2)
                0x0000000000008400                . = ALIGN (0x4)

.text16         0x0000000000008400      0x54c
 FILL mask 0x90909090
                0x0000000000008400                __text16_start = .
 *(.text16)
 .text16        0x0000000000008400      0x54c isolinux.o
                0x0000000000008482                local_boot16
                0x00000000000086c3                adv_init
                0x00000000000087f6                adv_write
                0x000000000000892a                bios_timer_cleanup
                0x0000000000008933                timer_irq
                0x0000000000008948                BIOS_timer_next
                0x000000000000894c                __text16_end = .
                0x000000000000054c                __text16_len = (ABSOLUTE (__text16_end) - ABSOLUTE (__text16_start))
                0x0000000000000153                __text16_dwords = ((__text16_len + 0x3) >> 0x2)
                0x0000000000008950                . = ALIGN (0x10)

.textnr         0x0000000000008950      0x360
 FILL mask 0x90909090
                0x0000000000008950                __textnr_start = .
 *(.textnr)
 .textnr        0x0000000000008950       0xae isolinux.o
                0x00000000000089fd                core_pm_null_hook
 *fill*         0x00000000000089fe        0x2 90909090
 .textnr        0x0000000000008a00      0x2b0 libcom32.a(lzo1x_f2.o)
                0x0000000000008a00                _lzo1x_decompress_asm_fast_safe
                0x0000000000008cb0                __textnr_end = .
                0x0000000000000360                __textnr_len = (ABSOLUTE (__textnr_end) - ABSOLUTE (__textnr_start))
                0x00000000000000d8                __textnr_dwords = ((__textnr_len + 0x3) >> 0x2)
                0x0000000000008cb0                . = ALIGN (0x10)
                0x0000000000008cb0                __bcopyxx_start = .

.bcopyxx.text   0x0000000000008cb0      0x147
 FILL mask 0x90909090
                0x0000000000008cb0                __bcopyxx_text_start = .
 *(.bcopyxx.text)
 .bcopyxx.text  0x0000000000008cb0      0x147 isolinux.o
                0x0000000000008d66                do_raw_shuffle_and_boot
                0x0000000000008df7                __bcopyxx_text_end = .
                0x0000000000000147                __bcopyxx_text_len = (ABSOLUTE (__bcopyxx_text_end) - ABSOLUTE (__bcopyxx_text_start))
                0x0000000000000052                __bcopyxx_text_dwords = ((__bcopyxx_text_len + 0x3) >> 0x2)

.bcopyxx.data   0x0000000000008e00       0x36
                0x0000000000008e00                __bcopyxx_data_start = .
 *(.bcopyxx.text)
                0x0000000000008e00                __bcopyxx_data_end = .
 .bcopyxx.data  0x0000000000008e00       0x36 isolinux.o
                0x0000000000000000                __bcopyxx_data_len = (ABSOLUTE (__bcopyxx_data_end) - ABSOLUTE (__bcopyxx_data_start))
                0x0000000000000000                __bcopyxx_data_dwords = ((__bcopyxx_data_len + 0x3) >> 0x2)
                0x0000000000008e36                __bcopyxx_end = .
                0x0000000000000186                __bcopyxx_len = (ABSOLUTE (__bcopyxx_end) - ABSOLUTE (__bcopyxx_start))
                0x0000000000000062                __bcopyxx_dwords = ((__bcopyxx_len + 0x3) >> 0x2)
                0x0000000000008e38                . = ALIGN (0x4)

.data16         0x0000000000008e40       0xaf
                0x0000000000008e40                __data16_start = .
 *(.data16)
 .data16        0x0000000000008e40       0xaf isolinux.o
                0x0000000000008e40                BaseStack
                0x0000000000008e50                __com32
                0x0000000000008e84                core_pm_hook
                0x0000000000008ebc                __jiffies
                0x0000000000008ec0                __ms_timer
                0x0000000000008eef                __data16_end = .
                0x00000000000000af                __data16_len = (ABSOLUTE (__data16_end) - ABSOLUTE (__data16_start))
                0x000000000000002c                __data16_dwords = ((__data16_len + 0x3) >> 0x2)
                0x0000000000008ef0                . = ALIGN (0x4)
                0x0000000000008ef0                __config_lma = ABSOLUTE (.)
                0x0000000000008ef0                . = (. + SIZEOF (.config))
                0x0000000000008ef0                . = ALIGN (0x4)
                0x0000000000008ef0                __replacestub_lma = ABSOLUTE (.)
                0x0000000000008ef0                . = (. + SIZEOF (.replacestub))
                0x0000000000008ef0                . = ALIGN (0x10)
                0x0000000000008ef0                __pm_code_lma = ABSOLUTE (.)
                0x0000000000008ef0                __high_clear_start = .
                0x0000000000009000                . = ALIGN (0x200)

.adv            0x0000000000009000      0x400
                0x0000000000009000                __adv_start = .
 *(.adv)
 .adv           0x0000000000009000      0x400 isolinux.o
                0x0000000000009400                __adv_end = .
                0x0000000000000400                __adv_len = (ABSOLUTE (__adv_end) - ABSOLUTE (__adv_start))
                0x0000000000000100                __adv_dwords = ((__adv_len + 0x3) >> 0x2)
                0x0000000000009400                . = ALIGN (0x4)

.uibss          0x0000000000009400      0x100
                0x0000000000009400                __uibss_start = .
 *(.uibss)
 .uibss         0x0000000000009400      0x100 isolinux.o
                0x0000000000009500                __uibss_end = .
                0x0000000000000100                __uibss_len = (ABSOLUTE (__uibss_end) - ABSOLUTE (__uibss_start))
                0x0000000000000040                __uibss_dwords = ((__uibss_len + 0x3) >> 0x2)
                0x0000000000009500                _end16 = .
                0x0000000000000001                __assert_end16 = ASSERT ((_end16 <= 0x10000), 64K overflow)
                0x0000000000010000                . = ALIGN (0x10000)

.xfer_buf       0x0000000000010000    0x10000
 *(.xfer_buf)
 .xfer_buf      0x0000000000010000    0x10000 isolinux.o
                0x0000000000010000                core_xfer_buf
                0x0000000000001000                xfer_buf_seg = (core_xfer_buf >> 0x4)
                0x0000000000020000                . = ALIGN (0x10)

.auxseg         0x0000000000020000        0x0
                0x0000000000020000                __auxseg_start = .
 *(.auxseg)
                0x0000000000020000                __auxseg_end = .
                0x0000000000000000                __auxseg_len = (ABSOLUTE (__auxseg_end) - ABSOLUTE (__auxseg_start))
                0x0000000000000000                __auxseg_dwords = ((__auxseg_len + 0x3) >> 0x2)
                0x0000000000002000                aux_seg = (__auxseg_start >> 0x4)

.lowmem         0x0000000000020000     0x2060
                0x0000000000020000                __lowmem_start = .
 *(.lowmem)
 .lowmem        0x0000000000020000       0x5c libcom32.a(diskio_bios.o)
 *fill*         0x000000000002005c        0x4 
 .lowmem        0x0000000000020060     0x2000 libcom32.a(font.o)
                0x0000000000020060                fontbuf
                0x0000000000022060                __lowmem_end = .
                0x0000000000002060                __lowmem_len = (ABSOLUTE (__lowmem_end) - ABSOLUTE (__lowmem_start))
                0x0000000000000818                __lowmem_dwords = ((__lowmem_len + 0x3) >> 0x2)
                0x0000000000022060                __high_clear_end = .
                0x0000000000019170                __high_clear_len = (ABSOLUTE (__high_clear_end) - ABSOLUTE (__high_clear_start))
                0x000000000000645c                __high_clear_dwords = ((__high_clear_len + 0x3) >> 0x2)
                0x0000000000022060                . = ALIGN (0x10)
                0x0000000000022060                __lowmem_heap = .
                0x0000000000100000                . = 0x100000
                0x0000000000100000                __pm_code_start = .
                0xfffffffffff08ef0                __vma_to_lma = ABSOLUTE ((__pm_code_lma - __pm_code_start))

.text           0x0000000000100000     0x7b51 load address 0x0000000000008ef0
 FILL mask 0x90909090
                0x0000000000100000                __text_start = .
 *(.text)
 .text          0x0000000000100000      0x12d isolinux.o
                0x0000000000100000                core_farcall
                0x0000000000100006                core_intcall
                0x00000000001000a6                core_cfarcall
 .text          0x000000000010012d       0x37 libcom32.a(writestr.o)
                0x000000000010012d                crlf
                0x0000000000100141                writestr
                0x0000000000100155                pm_writestr
 .text          0x0000000000100164       0x3c libcom32.a(idle.o)
                0x0000000000100164                reset_idle
                0x0000000000100170                __idle
 .text          0x00000000001001a0        0x8 libcom32.a(cleanup.o)
                0x00000000001001a0                cleanup_hardware
 .text          0x00000000001001a8      0x115 libcom32.a(init.o)
                0x00000000001001a8                scan_highmem_area
                0x0000000000100200                mem_init
 .text          0x00000000001002bd      0x2f5 libcom32.a(conio.o)
                0x00000000001002bd                loadkeys
                0x00000000001002ef                write_serial
                0x0000000000100340                pm_write_serial
                0x0000000000100346                serialcfg
                0x0000000000100388                pm_serialcfg
                0x0000000000100393                write_serial_str
                0x00000000001003a8                bios_pollchar
                0x000000000010041f                pollchar
                0x000000000010042a                pm_pollchar
                0x0000000000100446                bios_getchar
                0x0000000000100543                bios_shiftflags
                0x0000000000100583                kbd_shiftflags
                0x0000000000100597                getchar
                0x00000000001005a2                pm_getchar
 .text          0x00000000001005b2       0x61 libcom32.a(writehex.o)
                0x00000000001005e6                writehex2
                0x00000000001005ed                writehex4
                0x00000000001005f7                writehex8
                0x0000000000100601                pm_writehex2
                0x0000000000100607                pm_writehex4
                0x000000000010060d                pm_writehex8
 .text          0x0000000000100613      0x3af libcom32.a(load_env32.o)
                0x0000000000100628                init_module_subsystem
                0x000000000010064e                start_ldlinux
                0x00000000001007aa                load_env32
                0x00000000001008af                com32_cmdline
                0x00000000001008b5                create_args_and_load
                0x00000000001009a0                pm_env32_run
 .text          0x00000000001009c2       0x33 libcom32.a(getcwd.o)
                0x00000000001009c2                core_getcwd
 .text          0x00000000001009f5       0x64 libcom32.a(readdir.o)
                0x00000000001009f5                opendir
                0x0000000000100a2d                readdir
                0x0000000000100a51                closedir
 .text          0x0000000000100a59      0x520 libcom32.a(fs.o)
                0x0000000000100a59                alloc_inode
                0x0000000000100a81                put_inode
                0x0000000000100aab                _close_file
                0x0000000000100aca                open_config
                0x0000000000100b2f                mangle_name
                0x0000000000100b3a                pmapi_read_file
                0x0000000000100b8a                searchdir
                0x0000000000100ded                open_file
                0x0000000000100e60                close_file
                0x0000000000100e77                fs_uuid
                0x0000000000100e92                fs_init
 .text          0x0000000000100f79      0x479 libcom32.a(iso9660.o)
 .text          0x00000000001013f2      0x5e3 libcom32.a(susp_rr.o)
                0x000000000010144b                susp_rr_get_entries
                0x00000000001017f0                susp_rr_get_nm
                0x0000000000101872                susp_rr_check_signatures
 .text          0x00000000001019d5      0x1f7 libcom32.a(chdir.o)
                0x0000000000101a47                realpath
                0x0000000000101ace                pm_realpath
                0x0000000000101af2                chdir
 .text          0x0000000000101bcc       0x72 libcom32.a(diskio.o)
                0x0000000000101bcc                getoneblk
                0x0000000000101c0a                device_init
 .text          0x0000000000101c3e      0x716 libcom32.a(diskio_bios.o)
                0x000000000010212a                bios_disk_init
                0x0000000000102342                pm_fs_init
 .text          0x0000000000102354        0x4 libcom32.a(nonextextent.o)
                0x0000000000102354                no_next_extent
 .text          0x0000000000102358       0x55 libcom32.a(mangle.o)
                0x0000000000102358                generic_mangle_name
 .text          0x00000000001023ad       0xb2 libcom32.a(searchconfig.o)
                0x00000000001023ad                search_dirs
 .text          0x000000000010245f       0x16 libcom32.a(close.o)
                0x000000000010245f                generic_close_file
 .text          0x0000000000102475      0x1c1 libcom32.a(cache.o)
                0x0000000000102475                cache_init
                0x0000000000102510                cache_lock_block
                0x000000000010252e                _get_cache_block
                0x000000000010257b                get_cache
                0x00000000001025b7                cache_read
 .text          0x0000000000102636        0x0 libcom32.a(pmapi.o)
 .text          0x0000000000102636      0x15e libcom32.a(rllpack.o)
                0x0000000000102636                rllpack
                0x00000000001026f4                rllunpack
 .text          0x0000000000102794       0xeb libcom32.a(hello.o)
                0x00000000001027bb                myputchar
                0x00000000001027d6                myputs
                0x00000000001027ea                hello
                0x0000000000102802                hexdump
                0x000000000010284d                mp1
                0x0000000000102857                mp2
                0x0000000000102861                mp3
                0x000000000010286b                mp4
                0x0000000000102875                mp5
 .text          0x000000000010287f      0x446 libcom32.a(graphics.o)
                0x00000000001028d9                syslinux_force_text_mode
                0x0000000000102952                vgadisplayfile
                0x0000000000102c72                vgahidecursor
                0x0000000000102c86                vgashowcursor
                0x0000000000102c9a                using_vga
                0x0000000000102cb7                pm_using_vga
 .text          0x0000000000102cc5      0x1f6 libcom32.a(font.o)
                0x0000000000102cc5                bios_adjust_screen
                0x0000000000102d09                use_font
                0x0000000000102e08                loadfont
                0x0000000000102e97                adjust_screen
                0x0000000000102ea6                pm_adjust_screen
                0x0000000000102ea8                pm_userfont
 .text          0x0000000000102ebb      0xb72 libcom32.a(bios.o)
                0x00000000001031c7                bios_adv_init
                0x00000000001031e9                bios_adv_write
                0x0000000000103635                bios_init
                0x0000000000103a22                syslinux_register_bios
 .text          0x0000000000103a2d       0x52 libcom32.a(path.o)
                0x0000000000103a2d                path_add
 .text          0x0000000000103a7f        0x7 libcom32.a(init.o)
                0x0000000000103a7f                init
 .text          0x0000000000103a86        0x0 libcom32.a(lzo1x_f2.o)
 .text          0x0000000000103a86        0x0 libcom32.a(errno.o)
 .text          0x0000000000103a86      0x293 libcom32.a(serirq.o)
                0x0000000000103b7a                sirq_cleanup_nowipe
                0x0000000000103be3                sirq_cleanup
                0x0000000000103bf9                sirq_install
 .text          0x0000000000103d19      0x2d5 libcom32.a(malloc.o)
                0x0000000000103d54                bios_malloc
                0x0000000000103e0c                malloc
                0x0000000000103e18                lmalloc
                0x0000000000103e36                pmapi_lmalloc
                0x0000000000103e45                bios_realloc
                0x0000000000103fc5                realloc
                0x0000000000103fd1                zalloc
 .text          0x0000000000103fee      0x1db libcom32.a(free.o)
                0x00000000001040bc                bios_free
                0x00000000001040c4                free
                0x00000000001040f0                __inject_free_block
                0x000000000010416f                comboot_cleanup_lowmem
 .text          0x00000000001041c9      0x132 libcom32.a(sysappend.o)
                0x00000000001041c9                do_sysappend
                0x000000000010423f                sysappend_set_uuid
                0x000000000010429d                sysappend_set_fs_uuid
                0x00000000001042d8                print_sysappend
 .text          0x00000000001042fb       0x14 libcom32.a(kaboom.o)
                0x00000000001042fb                _kaboom
 .text          0x000000000010430f       0x3b libcom32.a(call16.o)
                0x000000000010430f                call16
 .text          0x000000000010434a      0x42d libcom32.a(dmi.o)
                0x000000000010442a                dmi_init
 .text          0x0000000000104777      0x200 libcom32.a(getfssec.o)
                0x0000000000104777                generic_getfssec
 .text          0x0000000000104977       0x14 libcom32.a(sem_asm.o)
                0x0000000000104977                sem_down
                0x0000000000104982                sem_up
 .text          0x000000000010498b       0xc9 libcom32.a(semaphore.o)
                0x000000000010498b                sem_init
                0x000000000010499b                __sem_down_slow
                0x0000000000104a25                __sem_up_slow
 .text          0x0000000000104a54        0x0 libcom32.a(root_thread.o)
 .text          0x0000000000104a54       0x84 libcom32.a(schedule.o)
                0x0000000000104a54                __schedule
                0x0000000000104acb                thread_yield
 .text          0x0000000000104ad8       0x3f libcom32.a(thread_asm.o)
                0x0000000000104ad8                __switch_to
                0x0000000000104b08                __start_thread
 .text          0x0000000000104b17       0x30 libcom32.a(exit_thread.o)
                0x0000000000104b17                __exit_thread
 .text          0x0000000000104b47       0x1a /opt/syslinux/bios/com32/lib/libcom32core.a(memcpy.o)
                0x0000000000104b47                memcpy
 .text          0x0000000000104b61       0x29 /opt/syslinux/bios/com32/lib/libcom32core.a(memset.o)
                0x0000000000104b61                memset
 .text          0x0000000000104b8a       0x1e /opt/syslinux/bios/com32/lib/libcom32core.a(memcmp.o)
                0x0000000000104b8a                memcmp
 .text          0x0000000000104ba8       0x20 /opt/syslinux/bios/com32/lib/libcom32core.a(printf.o)
                0x0000000000104ba8                printf
 .text          0x0000000000104bc8       0x27 /opt/syslinux/bios/com32/lib/libcom32core.a(strncmp.o)
                0x0000000000104bc8                strncmp
 .text          0x0000000000104bef       0x4d /opt/syslinux/bios/com32/lib/libcom32core.a(vfprintf.o)
                0x0000000000104bef                vfprintf
 .text          0x0000000000104c3c        0xf /opt/syslinux/bios/com32/lib/libcom32core.a(strlen.o)
                0x0000000000104c3c                strlen
 .text          0x0000000000104c4b      0x856 /opt/syslinux/bios/com32/lib/libcom32core.a(vsnprintf.o)
                0x0000000000104c4b                vsnprintf
 .text          0x00000000001054a1       0x25 /opt/syslinux/bios/com32/lib/libcom32core.a(snprintf.o)
                0x00000000001054a1                snprintf
 .text          0x00000000001054c6       0x17 /opt/syslinux/bios/com32/lib/libcom32core.a(stpcpy.o)
                0x00000000001054c6                stpcpy
 .text          0x00000000001054dd       0x20 /opt/syslinux/bios/com32/lib/libcom32core.a(strcmp.o)
                0x00000000001054dd                strcmp
 .text          0x00000000001054fd       0x38 /opt/syslinux/bios/com32/lib/libcom32core.a(strdup.o)
                0x00000000001054fd                strdup
 .text          0x0000000000105535       0x10 /opt/syslinux/bios/com32/lib/libcom32core.a(strcpy.o)
                0x0000000000105535                strcpy
 .text          0x0000000000105545       0x19 /opt/syslinux/bios/com32/lib/libcom32core.a(strncpy.o)
                0x0000000000105545                strncpy
 *fill*         0x000000000010555e        0x2 90909090
 .text          0x0000000000105560       0x2a /opt/syslinux/bios/com32/lib/libcom32core.a(setjmp.o)
                0x0000000000105560                setjmp
                0x0000000000105560                _setjmp
                0x0000000000105578                longjmp
 .text          0x000000000010558a       0x71 /opt/syslinux/bios/com32/lib/libcom32core.a(fopen.o)
                0x000000000010558a                fopen
 .text          0x00000000001055fb       0x63 /opt/syslinux/bios/com32/lib/libcom32core.a(fread.o)
                0x00000000001055fb                _fread
 .text          0x000000000010565e       0x24 /opt/syslinux/bios/com32/lib/libcom32core.a(fread2.o)
                0x000000000010565e                fread
 .text          0x0000000000105682       0x36 /opt/syslinux/bios/com32/lib/libcom32core.a(puts.o)
                0x0000000000105682                puts
 .text          0x00000000001056b8       0x16 /opt/syslinux/bios/com32/lib/libcom32core.a(strtoul.o)
                0x00000000001056b8                strtoul
 .text          0x00000000001056ce      0x1c6 /opt/syslinux/bios/com32/lib/libcom32core.a(strntoumax.o)
                0x00000000001056ce                strntoumax
 .text          0x0000000000105894       0x47 /opt/syslinux/bios/com32/lib/libcom32core.a(strcasecmp.o)
                0x0000000000105894                strcasecmp
 .text          0x00000000001058db       0x24 /opt/syslinux/bios/com32/lib/libcom32core.a(sprintf.o)
                0x00000000001058db                sprintf
 .text          0x00000000001058ff       0x2f /opt/syslinux/bios/com32/lib/libcom32core.a(strlcat.o)
                0x00000000001058ff                strlcat
 .text          0x000000000010592e       0x11 /opt/syslinux/bios/com32/lib/libcom32core.a(strchr.o)
                0x000000000010592e                strchr
 .text          0x000000000010593f       0x1f /opt/syslinux/bios/com32/lib/libcom32core.a(strlcpy.o)
                0x000000000010593f                strlcpy
 .text          0x000000000010595e       0x4e /opt/syslinux/bios/com32/lib/libcom32core.a(strncasecmp.o)
                0x000000000010595e                strncasecmp
 .text          0x00000000001059ac        0x0 /opt/syslinux/bios/com32/lib/libcom32core.a(ctypes.o)
 .text          0x00000000001059ac       0x31 /opt/syslinux/bios/com32/lib/libcom32core.a(fputs.o)
                0x00000000001059ac                fputs
 .text          0x00000000001059dd       0x24 /opt/syslinux/bios/com32/lib/libcom32core.a(fwrite2.o)
                0x00000000001059dd                fwrite
 .text          0x0000000000105a01       0x63 /opt/syslinux/bios/com32/lib/libcom32core.a(fwrite.o)
                0x0000000000105a01                _fwrite
 .text          0x0000000000105a64       0x31 /opt/syslinux/bios/com32/lib/libcom32core.a(fgetc.o)
                0x0000000000105a64                fgetc
 .text          0x0000000000105a95       0x14 /opt/syslinux/bios/com32/lib/libcom32core.a(fclose.o)
                0x0000000000105a95                fclose
 .text          0x0000000000105aa9       0x4a /opt/syslinux/bios/com32/lib/libcom32core.a(lmalloc.o)
                0x0000000000105aa9                lzalloc
                0x0000000000105ae0                lfree
 .text          0x0000000000105af3       0x1a /opt/syslinux/bios/com32/lib/libcom32core.a(err_read.o)
 .text          0x0000000000105b0d       0x1a /opt/syslinux/bios/com32/lib/libcom32core.a(err_write.o)
 .text          0x0000000000105b27        0x3 /opt/syslinux/bios/com32/lib/libcom32core.a(null_read.o)
 .text          0x0000000000105b2a       0x6c /opt/syslinux/bios/com32/lib/libcom32core.a(stdcon_write.o)
 .text          0x0000000000105b96       0x99 /opt/syslinux/bios/com32/lib/libcom32core.a(memscan.o)
                0x0000000000105b96                syslinux_memscan_add
                0x0000000000105bc2                syslinux_memscan_new
                0x0000000000105bf0                syslinux_scan_memory
 .text          0x0000000000105c2f       0x16 /opt/syslinux/bios/com32/lib/libcom32core.a(strrchr.o)
                0x0000000000105c2f                strrchr
 .text          0x0000000000105c45       0x2c /opt/syslinux/bios/com32/lib/libcom32core.a(strcat.o)
                0x0000000000105c45                strcat
 *fill*         0x0000000000105c71        0x3 90909090
 .text          0x0000000000105c74       0x11 /opt/syslinux/bios/com32/lib/libcom32core.a(__ashldi3.o)
                0x0000000000105c74                __ashldi3
 .text          0x0000000000105c85       0x2f /opt/syslinux/bios/com32/lib/libcom32core.a(__udivdi3.o)
                0x0000000000105c85                __udivdi3
 .text          0x0000000000105cb4        0x8 /opt/syslinux/bios/com32/lib/libcom32core.a(__negdi2.o)
                0x0000000000105cb4                __negdi2
 .text          0x0000000000105cbc       0x11 /opt/syslinux/bios/com32/lib/libcom32core.a(__ashrdi3.o)
                0x0000000000105cbc                __ashrdi3
 *fill*         0x0000000000105ccd        0x3 90909090
 .text          0x0000000000105cd0       0x11 /opt/syslinux/bios/com32/lib/libcom32core.a(__lshrdi3.o)
                0x0000000000105cd0                __lshrdi3
 *fill*         0x0000000000105ce1        0x3 90909090
 .text          0x0000000000105ce4       0x15 /opt/syslinux/bios/com32/lib/libcom32core.a(__muldi3.o)
                0x0000000000105ce4                __muldi3
 .text          0x0000000000105cf9       0xa0 /opt/syslinux/bios/com32/lib/libcom32core.a(__udivmoddi4.o)
                0x0000000000105cf9                __udivmoddi4
 .text          0x0000000000105d99       0x3a /opt/syslinux/bios/com32/lib/libcom32core.a(__umoddi3.o)
                0x0000000000105d99                __umoddi3
 .text          0x0000000000105dd3       0x5f /opt/syslinux/bios/com32/lib/libcom32core.a(__divdi3.o)
                0x0000000000105dd3                __divdi3
 .text          0x0000000000105e32       0x6c /opt/syslinux/bios/com32/lib/libcom32core.a(__moddi3.o)
                0x0000000000105e32                __moddi3
 .text          0x0000000000105e9e       0x1c /opt/syslinux/bios/com32/lib/libcom32core.a(debug.o)
                0x0000000000105e9e                syslinux_debug
 .text          0x0000000000105eba       0x20 /opt/syslinux/bios/com32/lib/libcom32core.a(intcall.o)
                0x0000000000105eba                __intcall
 .text          0x0000000000105eda       0x53 /opt/syslinux/bios/com32/lib/libcom32core.a(farcall.o)
                0x0000000000105eda                __farcall
 .text          0x0000000000105f2d       0x28 /opt/syslinux/bios/com32/lib/libcom32core.a(cfarcall.o)
                0x0000000000105f2d                __cfarcall
 .text          0x0000000000105f55        0x0 /opt/syslinux/bios/com32/lib/libcom32core.a(zeroregs.o)
 .text          0x0000000000105f55       0xad /opt/syslinux/bios/com32/lib/libcom32core.a(argv.o)
                0x0000000000105f55                __parse_argv
 .text          0x0000000000106002       0x4a /opt/syslinux/bios/com32/lib/libcom32core.a(sleep.o)
                0x0000000000106002                msleep
                0x0000000000106033                sleep
 .text          0x000000000010604c        0x0 /opt/syslinux/bios/com32/lib/libcom32core.a(fileinfo.o)
 .text          0x000000000010604c       0xec /opt/syslinux/bios/com32/lib/libcom32core.a(opendev.o)
                0x000000000010604c                opendev
 .text          0x0000000000106138       0x3f /opt/syslinux/bios/com32/lib/libcom32core.a(read.o)
                0x0000000000106138                read
 .text          0x0000000000106177       0x40 /opt/syslinux/bios/com32/lib/libcom32core.a(write.o)
                0x0000000000106177                write
 .text          0x00000000001061b7       0x1c /opt/syslinux/bios/com32/lib/libcom32core.a(ftell.o)
                0x00000000001061b7                ftell
 .text          0x00000000001061d3       0x86 /opt/syslinux/bios/com32/lib/libcom32core.a(close.o)
                0x00000000001061d3                close
 .text          0x0000000000106259       0x78 /opt/syslinux/bios/com32/lib/libcom32core.a(open.o)
                0x0000000000106259                open
 .text          0x00000000001062d1      0x116 /opt/syslinux/bios/com32/lib/libcom32core.a(fileread.o)
                0x00000000001062d1                __file_get_block
                0x000000000010631b                __file_read
 .text          0x00000000001063e7       0x1e /opt/syslinux/bios/com32/lib/libcom32core.a(fileclose.o)
                0x00000000001063e7                __file_close
 .text          0x0000000000106405       0x4e /opt/syslinux/bios/com32/lib/libcom32core.a(openmem.o)
                0x0000000000106405                openmem
 .text          0x0000000000106453       0x3a /opt/syslinux/bios/com32/lib/libcom32core.a(isatty.o)
                0x0000000000106453                isatty
 .text          0x000000000010648d       0x67 /opt/syslinux/bios/com32/lib/libcom32core.a(fstat.o)
                0x000000000010648d                fstat
 .text          0x00000000001064f4        0x0 /opt/syslinux/bios/com32/lib/libcom32core.a(dprintf.o)
 .text          0x00000000001064f4        0x0 /opt/syslinux/bios/com32/lib/libcom32core.a(vdprintf.o)
 .text          0x00000000001064f4       0x26 /opt/syslinux/bios/com32/lib/libcom32core.a(idle.o)
                0x00000000001064f4                syslinux_reset_idle
                0x0000000000106507                syslinux_idle
 .text          0x000000000010651a       0x68 /opt/syslinux/bios/com32/lib/libcom32core.a(exit.o)
                0x000000000010651a                _exit
                0x000000000010653c                exit
                0x0000000000106571                _Exit
 .text          0x0000000000106582      0x83f /opt/syslinux/bios/com32/lib/libcom32core.a(common.o)
                0x0000000000106582                findpath
                0x0000000000106617                image_load
                0x0000000000106649                image_unload
                0x0000000000106680                image_read
                0x00000000001066b8                image_skip
                0x000000000010670d                image_seek
                0x0000000000106731                modules_init
                0x0000000000106734                modules_term
                0x0000000000106735                module_alloc
                0x00000000001067ac                module_dep_alloc
                0x00000000001067d0                module_find
                0x000000000010681d                check_header_common
                0x0000000000106861                enforce_dependency
                0x00000000001068cf                clear_dependency
                0x0000000000106937                module_unloadable
                0x000000000010694a                _module_unload
                0x00000000001069c9                module_unload
                0x00000000001069fd                unload_modules_since
                0x0000000000106a96                module_find_symbol
                0x0000000000106c39                check_symbols
                0x0000000000106d33                global_find_symbol
 .text          0x0000000000106dc1      0x408 /opt/syslinux/bios/com32/lib/libcom32core.a(elf_module.o)
                0x0000000000106dc1                load_segments
                0x0000000000106ff0                perform_relocation
                0x00000000001070dc                resolve_symbols
 .text          0x00000000001071c9       0xde /opt/syslinux/bios/com32/lib/libcom32core.a(elfutils.o)
                0x00000000001071c9                elf_hash
                0x0000000000107214                elf_gnu_hash
                0x000000000010722e                elf_malloc
                0x0000000000107291                elf_free
 .text          0x00000000001072a7      0x16b /opt/syslinux/bios/com32/lib/libcom32core.a(exec.o)
                0x00000000001072a7                get_module_type
                0x00000000001072b5                spawn_load
                0x00000000001073ff                exec_term
 .text          0x0000000000107412      0x45c /opt/syslinux/bios/com32/lib/libcom32core.a(elf_module.o)
                0x0000000000107412                undefined_symbol
                0x000000000010742e                module_load
 .text          0x000000000010786e      0x183 libisolinux.a(rawcon.o)
                0x000000000010786e                writechr
                0x00000000001079e8                pm_writechr
 .text          0x00000000001079f1      0x101 libisolinux.a(localboot.o)
                0x00000000001079f1                local_boot
 .text          0x0000000000107af2       0x43 libisolinux.a(isolinux-c.o)
                0x0000000000107af2                get_derivative_info
 *(.text.*)
 .text.__x86.get_pc_thunk.bx
                0x0000000000107b35        0x4 /opt/syslinux/bios/com32/lib/libcom32core.a(printf.o)
                0x0000000000107b35                __x86.get_pc_thunk.bx
 .text.__x86.get_pc_thunk.di
                0x0000000000107b39        0x4 /opt/syslinux/bios/com32/lib/libcom32core.a(vsnprintf.o)
                0x0000000000107b39                __x86.get_pc_thunk.di
 .text.__x86.get_pc_thunk.si
                0x0000000000107b3d        0x4 /opt/syslinux/bios/com32/lib/libcom32core.a(strntoumax.o)
                0x0000000000107b3d                __x86.get_pc_thunk.si
 .text.__x86.get_pc_thunk.cx
                0x0000000000107b41        0x4 /opt/syslinux/bios/com32/lib/libcom32core.a(strcasecmp.o)
                0x0000000000107b41                __x86.get_pc_thunk.cx
 .text.__x86.get_pc_thunk.ax
                0x0000000000107b45        0x4 /opt/syslinux/bios/com32/lib/libcom32core.a(err_read.o)
                0x0000000000107b45                __x86.get_pc_thunk.ax
 .text.__x86.get_pc_thunk.dx
                0x0000000000107b49        0x4 /opt/syslinux/bios/com32/lib/libcom32core.a(memscan.o)
                0x0000000000107b49                __x86.get_pc_thunk.dx
 .text.__x86.get_pc_thunk.bp
                0x0000000000107b4d        0x4 /opt/syslinux/bios/com32/lib/libcom32core.a(memscan.o)
                0x0000000000107b4d                __x86.get_pc_thunk.bp
                0x0000000000107b51                __text_end = .

.plt            0x0000000000107b60        0x0 load address 0x0000000000010a50
 .plt           0x0000000000107b60        0x0 isolinux.o

.plt.got        0x0000000000107b58        0x0 load address 0x0000000000010a48
 .plt.got       0x0000000000107b58        0x0 isolinux.o

.rodata         0x0000000000107b60      0x82f load address 0x0000000000010a50
                0x0000000000107b60                __rodata_start = .
 *(.rodata)
 .rodata        0x0000000000107b60        0xc isolinux.o
                0x0000000000107b68                __syslinux_shuffler_size
 *fill*         0x0000000000107b6c       0x14 
 .rodata        0x0000000000107b80       0x48 libcom32.a(iso9660.o)
                0x0000000000107b80                iso_fs_ops
 *fill*         0x0000000000107bc8       0x18 
 .rodata        0x0000000000107be0       0x44 libcom32.a(pmapi.o)
                0x0000000000107be0                pm_api_vector
 .rodata        0x0000000000107c24        0x6 libcom32.a(sysappend.o)
 *fill*         0x0000000000107c2a       0x16 
 .rodata        0x0000000000107c40       0xc8 libcom32.a(dmi.o)
 .rodata        0x0000000000107d08       0x7d /opt/syslinux/bios/com32/lib/libcom32core.a(vsnprintf.o)
 *fill*         0x0000000000107d85       0x1b 
 .rodata        0x0000000000107da0      0x101 /opt/syslinux/bios/com32/lib/libcom32core.a(ctypes.o)
                0x0000000000107da0                __ctypes
 *fill*         0x0000000000107ea1        0x3 
 .rodata        0x0000000000107ea4       0x24 /opt/syslinux/bios/com32/lib/libcom32core.a(elf_module.o)
 *(.rodata.*)
 .rodata.str1.1
                0x0000000000107ec8        0x2 libcom32.a(conio.o)
 .rodata.str1.1
                0x0000000000107eca       0x7c libcom32.a(load_env32.o)
                                         0x90 (size before relaxing)
 .rodata.str1.1
                0x0000000000107f46       0x41 libcom32.a(fs.o)
                                         0x46 (size before relaxing)
 .rodata.str1.1
                0x0000000000107f87       0x61 libcom32.a(iso9660.o)
                                         0x95 (size before relaxing)
 .rodata.str1.1
                0x0000000000107fe8       0x26 libcom32.a(susp_rr.o)
                                         0x2b (size before relaxing)
 .rodata.str1.1
                0x000000000010800e        0x2 libcom32.a(chdir.o)
 .rodata.str1.1
                0x000000000010800e       0x5b libcom32.a(diskio_bios.o)
 .rodata.str1.1
                0x0000000000108069        0x7 libcom32.a(searchconfig.o)
                                          0xa (size before relaxing)
 .rodata.str1.1
                0x0000000000108070       0x42 libcom32.a(hello.o)
                                         0x44 (size before relaxing)
 .rodata.str1.1
                0x00000000001080b2        0x2 libcom32.a(font.o)
 .rodata.str1.1
                0x00000000001080b2       0xd2 libcom32.a(bios.o)
 .rodata.str1.1
                0x0000000000108184       0x30 libcom32.a(free.o)
 .rodata.str1.1
                0x00000000001081b4        0x5 libcom32.a(sysappend.o)
                                          0xc (size before relaxing)
 .rodata.str1.1
                0x00000000001081b9       0x9b libcom32.a(dmi.o)
 .rodata.str1.1
                0x0000000000108254        0x5 libcom32.a(root_thread.o)
 .rodata.str1.1
                0x0000000000108259        0x7 /opt/syslinux/bios/com32/lib/libcom32core.a(vsnprintf.o)
 .rodata.str1.1
                0x0000000000108260        0x2 /opt/syslinux/bios/com32/lib/libcom32core.a(puts.o)
 .rodata.str1.1
                0x0000000000108260       0x1a /opt/syslinux/bios/com32/lib/libcom32core.a(debug.o)
 .rodata.str1.1
                0x000000000010827a       0x1a /opt/syslinux/bios/com32/lib/libcom32core.a(common.o)
                                         0x24 (size before relaxing)
 .rodata.str1.1
                0x0000000000108294       0x11 /opt/syslinux/bios/com32/lib/libcom32core.a(elf_module.o)
 .rodata.str1.1
                0x00000000001082a5       0xcf /opt/syslinux/bios/com32/lib/libcom32core.a(elf_module.o)
 .rodata.str1.1
                0x0000000000108374       0x1b libisolinux.a(localboot.o)
                0x000000000010838f                __rodata_end = .

.gnu.version_d  0x0000000000108390        0x0 load address 0x0000000000011280
 .gnu.version_d
                0x0000000000108390        0x0 isolinux.o

.gnu.version    0x0000000000108390        0x0 load address 0x0000000000011280
 .gnu.version   0x0000000000108390        0x0 isolinux.o

.gnu.version_r  0x0000000000108390        0x0 load address 0x0000000000011280
 .gnu.version_r
                0x0000000000108390        0x0 isolinux.o

.ctors          0x000000000010838f        0x0 load address 0x000000000001127f
                0x000000000010838f                __ctors_start = .
 *(SORT(.ctors.*))
 *(.ctors)
                0x000000000010838f                __ctors_end = .

.dtors          0x000000000010838f        0x0 load address 0x000000000001127f
                0x000000000010838f                __dtors_start = .
 *(SORT(.dtors.*))
 *(.dtors)
                0x000000000010838f                __dtors_end = .

.dynsym         0x0000000000108390     0x1640 load address 0x0000000000011280
                0x0000000000108390                __dynsym_start = .
 *(.dynsym)
 .dynsym        0x0000000000108390     0x1640 isolinux.o
                0x00000000001099d0                __dynsym_end = .
                0x0000000000001640                __dynsym_len = (__dynsym_end - __dynsym_start)

.dynstr         0x00000000001099d0     0x108a load address 0x00000000000128c0
                0x00000000001099d0                __dynstr_start = .
 *(.dynstr)
 .dynstr        0x00000000001099d0     0x108a isolinux.o
                0x000000000010aa5a                __dynstr_end = .
                0x000000000000108a                __dynstr_len = (__dynstr_end - __dynstr_start)

.gnu.hash       0x000000000010aa5c      0xab8 load address 0x000000000001394c
                0x000000000010aa5c                __gnu_hash_start = .
 *(.gnu.hash)
 .gnu.hash      0x000000000010aa5c      0xab8 isolinux.o
                0x000000000010b514                __gnu_hash_end = .

.rel.dyn        0x000000000010b514     0x1608 load address 0x0000000000014404
 .rel.plt       0x000000000010b514        0x0 isolinux.o
 .rel.got       0x000000000010b514        0x8 isolinux.o
 .rel.bss       0x000000000010b51c        0x0 isolinux.o
 .rel.data.rel.ro
                0x000000000010b51c       0x10 isolinux.o
 .rel.ifunc     0x000000000010b52c        0x0 isolinux.o
 .rel.init      0x000000000010b52c       0x18 isolinux.o
 .rel.text16    0x000000000010b544       0x80 isolinux.o
 .rel.textnr    0x000000000010b5c4       0x88 isolinux.o
 .rel.bcopyxx.text
                0x000000000010b64c       0x28 isolinux.o
 .rel.bcopyxx.data
                0x000000000010b674        0x8 isolinux.o
 .rel.data16    0x000000000010b67c       0x38 isolinux.o
 .rel.rodata    0x000000000010b6b4      0x140 isolinux.o
 .rel.text      0x000000000010b7f4     0x10a8 isolinux.o
 .rel.data      0x000000000010c89c      0x210 isolinux.o
 .rel.prefix    0x000000000010caac       0x20 isolinux.o
 .rel.data.rel.ro.local
                0x000000000010cacc       0x28 isolinux.o
 .rel.data.rel.local
                0x000000000010caf4       0x10 isolinux.o
 .rel.data.rel  0x000000000010cb04       0x18 isolinux.o

.dynlink        0x000000000010cb1c        0x0 load address 0x0000000000015a0c
                0x000000000010cb1c                __dynlink_start = .
 *(.dynlink)
                0x000000000010cb1c                __dynlink_end = .

.got            0x000000000010cb1c       0x10 load address 0x0000000000015a0c
                0x000000000010cb1c                __got_start = .
 *(.got)
 .got           0x000000000010cb1c        0x4 isolinux.o
 *(.got.plt)
 .got.plt       0x000000000010cb20        0xc isolinux.o
                0x000000000010cb20                _GLOBAL_OFFSET_TABLE_
                0x000000000010cb2c                __got_end = .

.dynamic        0x000000000010cb2c       0x90 load address 0x0000000000015a1c
                0x000000000010cb2c                __dynamic_start = .
 *(.dynamic)
 .dynamic       0x000000000010cb2c       0x90 isolinux.o
                0x000000000010cb2c                _DYNAMIC
                0x000000000010cbbc                __dynamic_end = .

.data           0x000000000010cbc0      0x548 load address 0x0000000000015ab0
                0x000000000010cbc0                __data_start = .
 *(.data)
 .data          0x000000000010cbc0        0x8 isolinux.o
                0x000000000010cbc0                __syslinux_adv_ptr
                0x000000000010cbc4                __syslinux_adv_size
 .data          0x000000000010cbc8        0x0 libcom32.a(writestr.o)
 .data          0x000000000010cbc8        0x0 libcom32.a(idle.o)
 .data          0x000000000010cbc8        0x0 libcom32.a(cleanup.o)
 .data          0x000000000010cbc8        0x0 libcom32.a(init.o)
 .data          0x000000000010cbc8        0x6 libcom32.a(conio.o)
                0x000000000010cbc8                ScrollAttribute
                0x000000000010cbc9                DisplayMask
                0x000000000010cbca                DisplayCon
                0x000000000010cbcc                BaudDivisor
 .data          0x000000000010cbce        0x0 libcom32.a(writehex.o)
 *fill*         0x000000000010cbce       0x12 
 .data          0x000000000010cbe0      0x298 libcom32.a(load_env32.o)
                0x000000000010cc00                core_module
 .data          0x000000000010ce78        0x0 libcom32.a(getcwd.o)
 .data          0x000000000010ce78        0x0 libcom32.a(readdir.o)
 .data          0x000000000010ce78        0x2 libcom32.a(fs.o)
 *fill*         0x000000000010ce7a        0x2 
 .data          0x000000000010ce7c       0x24 libcom32.a(iso9660.o)
 .data          0x000000000010cea0        0x0 libcom32.a(susp_rr.o)
 .data          0x000000000010cea0        0x0 libcom32.a(chdir.o)
 .data          0x000000000010cea0        0x0 libcom32.a(diskio.o)
 .data          0x000000000010cea0        0x0 libcom32.a(diskio_bios.o)
 .data          0x000000000010cea0        0x0 libcom32.a(nonextextent.o)
 .data          0x000000000010cea0        0x0 libcom32.a(mangle.o)
 .data          0x000000000010cea0        0x0 libcom32.a(searchconfig.o)
 .data          0x000000000010cea0        0x0 libcom32.a(close.o)
 .data          0x000000000010cea0        0x0 libcom32.a(cache.o)
 .data          0x000000000010cea0        0x0 libcom32.a(pmapi.o)
 .data          0x000000000010cea0        0x0 libcom32.a(rllpack.o)
 .data          0x000000000010cea0        0xe libcom32.a(hello.o)
 *fill*         0x000000000010ceae        0x2 
 .data          0x000000000010ceb0       0x14 libcom32.a(graphics.o)
                0x000000000010cec2                VGAFontSize
 .data          0x000000000010cec4        0x4 libcom32.a(font.o)
                0x000000000010cec4                GXPixRows
                0x000000000010cec6                GXPixCols
 *fill*         0x000000000010cec8       0x18 
 .data          0x000000000010cee0       0xa4 libcom32.a(bios.o)
                0x000000000010cee0                bios_fw
                0x000000000010cf0c                bios_mem_ops
                0x000000000010cf24                bios_vesa_ops
                0x000000000010cf30                bios_adv_ops
                0x000000000010cf38                bios_input_ops
                0x000000000010cf60                bios_output_ops
 .data          0x000000000010cf84        0x8 libcom32.a(path.o)
                0x000000000010cf84                PATH
 .data          0x000000000010cf8c        0x0 libcom32.a(init.o)
 .data          0x000000000010cf8c        0x0 libcom32.a(lzo1x_f2.o)
 .data          0x000000000010cf8c        0x0 libcom32.a(errno.o)
 .data          0x000000000010cf8c        0x8 libcom32.a(serirq.o)
                0x000000000010cf8c                SerialTail
                0x000000000010cf90                SerialHead
 .data          0x000000000010cf94        0xc libcom32.a(malloc.o)
                0x000000000010cf94                __malloc_semaphore
 .data          0x000000000010cfa0        0x0 libcom32.a(free.o)
 .data          0x000000000010cfa0       0x6d libcom32.a(sysappend.o)
 .data          0x000000000010d00d        0x0 libcom32.a(kaboom.o)
 .data          0x000000000010d00d        0x0 libcom32.a(call16.o)
 *fill*         0x000000000010d00d        0x3 
 .data          0x000000000010d010       0x18 libcom32.a(dmi.o)
 .data          0x000000000010d028        0x0 libcom32.a(getfssec.o)
 .data          0x000000000010d028        0x0 libcom32.a(sem_asm.o)
 .data          0x000000000010d028        0x0 libcom32.a(semaphore.o)
 *fill*         0x000000000010d028       0x18 
 .data          0x000000000010d040       0x48 libcom32.a(root_thread.o)
                0x000000000010d040                __current
                0x000000000010d060                __root_thread
 .data          0x000000000010d088        0x0 libcom32.a(schedule.o)
 .data          0x000000000010d088        0x0 libcom32.a(thread_asm.o)
 .data          0x000000000010d088        0x0 libcom32.a(exit_thread.o)
 .data          0x000000000010d088        0x0 /opt/syslinux/bios/com32/lib/libcom32core.a(memcpy.o)
 .data          0x000000000010d088        0x0 /opt/syslinux/bios/com32/lib/libcom32core.a(memset.o)
 .data          0x000000000010d088        0x0 /opt/syslinux/bios/com32/lib/libcom32core.a(memcmp.o)
 .data          0x000000000010d088        0x0 /opt/syslinux/bios/com32/lib/libcom32core.a(printf.o)
 .data          0x000000000010d088        0x0 /opt/syslinux/bios/com32/lib/libcom32core.a(strncmp.o)
 .data          0x000000000010d088        0x0 /opt/syslinux/bios/com32/lib/libcom32core.a(vfprintf.o)
 .data          0x000000000010d088        0x0 /opt/syslinux/bios/com32/lib/libcom32core.a(strlen.o)
 .data          0x000000000010d088        0x0 /opt/syslinux/bios/com32/lib/libcom32core.a(vsnprintf.o)
 .data          0x000000000010d088        0x0 /opt/syslinux/bios/com32/lib/libcom32core.a(snprintf.o)
 .data          0x000000000010d088        0x0 /opt/syslinux/bios/com32/lib/libcom32core.a(stpcpy.o)
 .data          0x000000000010d088        0x0 /opt/syslinux/bios/com32/lib/libcom32core.a(strcmp.o)
 .data          0x000000000010d088        0x0 /opt/syslinux/bios/com32/lib/libcom32core.a(strdup.o)
 .data          0x000000000010d088        0x0 /opt/syslinux/bios/com32/lib/libcom32core.a(strcpy.o)
 .data          0x000000000010d088        0x0 /opt/syslinux/bios/com32/lib/libcom32core.a(strncpy.o)
 .data          0x000000000010d088        0x0 /opt/syslinux/bios/com32/lib/libcom32core.a(setjmp.o)
 .data          0x000000000010d088        0x0 /opt/syslinux/bios/com32/lib/libcom32core.a(fopen.o)
 .data          0x000000000010d088        0x0 /opt/syslinux/bios/com32/lib/libcom32core.a(fread.o)
 .data          0x000000000010d088        0x0 /opt/syslinux/bios/com32/lib/libcom32core.a(fread2.o)
 .data          0x000000000010d088        0x0 /opt/syslinux/bios/com32/lib/libcom32core.a(puts.o)
 .data          0x000000000010d088        0x0 /opt/syslinux/bios/com32/lib/libcom32core.a(strtoul.o)
 .data          0x000000000010d088        0x0 /opt/syslinux/bios/com32/lib/libcom32core.a(strntoumax.o)
 .data          0x000000000010d088        0x0 /opt/syslinux/bios/com32/lib/libcom32core.a(strcasecmp.o)
 .data          0x000000000010d088        0x0 /opt/syslinux/bios/com32/lib/libcom32core.a(sprintf.o)
 .data          0x000000000010d088        0x0 /opt/syslinux/bios/com32/lib/libcom32core.a(strlcat.o)
 .data          0x000000000010d088        0x0 /opt/syslinux/bios/com32/lib/libcom32core.a(strchr.o)
 .data          0x000000000010d088        0x0 /opt/syslinux/bios/com32/lib/libcom32core.a(strlcpy.o)
 .data          0x000000000010d088        0x0 /opt/syslinux/bios/com32/lib/libcom32core.a(strncasecmp.o)
 .data          0x000000000010d088        0x0 /opt/syslinux/bios/com32/lib/libcom32core.a(ctypes.o)
 .data          0x000000000010d088        0x0 /opt/syslinux/bios/com32/lib/libcom32core.a(fputs.o)
 .data          0x000000000010d088        0x0 /opt/syslinux/bios/com32/lib/libcom32core.a(fwrite2.o)
 .data          0x000000000010d088        0x0 /opt/syslinux/bios/com32/lib/libcom32core.a(fwrite.o)
 .data          0x000000000010d088        0x0 /opt/syslinux/bios/com32/lib/libcom32core.a(fgetc.o)
 .data          0x000000000010d088        0x0 /opt/syslinux/bios/com32/lib/libcom32core.a(fclose.o)
 .data          0x000000000010d088        0x0 /opt/syslinux/bios/com32/lib/libcom32core.a(lmalloc.o)
 .data          0x000000000010d088        0x0 /opt/syslinux/bios/com32/lib/libcom32core.a(err_read.o)
 .data          0x000000000010d088        0x0 /opt/syslinux/bios/com32/lib/libcom32core.a(err_write.o)
 .data          0x000000000010d088        0x0 /opt/syslinux/bios/com32/lib/libcom32core.a(null_read.o)
 .data          0x000000000010d088        0x0 /opt/syslinux/bios/com32/lib/libcom32core.a(stdcon_write.o)
 .data          0x000000000010d088        0x0 /opt/syslinux/bios/com32/lib/libcom32core.a(memscan.o)
 .data          0x000000000010d088        0x0 /opt/syslinux/bios/com32/lib/libcom32core.a(strrchr.o)
 .data          0x000000000010d088        0x0 /opt/syslinux/bios/com32/lib/libcom32core.a(strcat.o)
 .data          0x000000000010d088        0x0 /opt/syslinux/bios/com32/lib/libcom32core.a(__ashldi3.o)
 .data          0x000000000010d088        0x0 /opt/syslinux/bios/com32/lib/libcom32core.a(__udivdi3.o)
 .data          0x000000000010d088        0x0 /opt/syslinux/bios/com32/lib/libcom32core.a(__negdi2.o)
 .data          0x000000000010d088        0x0 /opt/syslinux/bios/com32/lib/libcom32core.a(__ashrdi3.o)
 .data          0x000000000010d088        0x0 /opt/syslinux/bios/com32/lib/libcom32core.a(__lshrdi3.o)
 .data          0x000000000010d088        0x0 /opt/syslinux/bios/com32/lib/libcom32core.a(__muldi3.o)
 .data          0x000000000010d088        0x0 /opt/syslinux/bios/com32/lib/libcom32core.a(__udivmoddi4.o)
 .data          0x000000000010d088        0x0 /opt/syslinux/bios/com32/lib/libcom32core.a(__umoddi3.o)
 .data          0x000000000010d088        0x0 /opt/syslinux/bios/com32/lib/libcom32core.a(__divdi3.o)
 .data          0x000000000010d088        0x0 /opt/syslinux/bios/com32/lib/libcom32core.a(__moddi3.o)
 .data          0x000000000010d088        0x0 /opt/syslinux/bios/com32/lib/libcom32core.a(debug.o)
 .data          0x000000000010d088        0x0 /opt/syslinux/bios/com32/lib/libcom32core.a(intcall.o)
 .data          0x000000000010d088        0x0 /opt/syslinux/bios/com32/lib/libcom32core.a(farcall.o)
 .data          0x000000000010d088        0x0 /opt/syslinux/bios/com32/lib/libcom32core.a(cfarcall.o)
 .data          0x000000000010d088        0x0 /opt/syslinux/bios/com32/lib/libcom32core.a(zeroregs.o)
 .data          0x000000000010d088        0x0 /opt/syslinux/bios/com32/lib/libcom32core.a(argv.o)
 .data          0x000000000010d088        0x0 /opt/syslinux/bios/com32/lib/libcom32core.a(sleep.o)
 .data          0x000000000010d088        0x0 /opt/syslinux/bios/com32/lib/libcom32core.a(fileinfo.o)
 .data          0x000000000010d088        0x0 /opt/syslinux/bios/com32/lib/libcom32core.a(opendev.o)
 .data          0x000000000010d088        0x0 /opt/syslinux/bios/com32/lib/libcom32core.a(read.o)
 .data          0x000000000010d088        0x0 /opt/syslinux/bios/com32/lib/libcom32core.a(write.o)
 .data          0x000000000010d088        0x0 /opt/syslinux/bios/com32/lib/libcom32core.a(ftell.o)
 .data          0x000000000010d088        0x0 /opt/syslinux/bios/com32/lib/libcom32core.a(close.o)
 .data          0x000000000010d088        0x0 /opt/syslinux/bios/com32/lib/libcom32core.a(open.o)
 .data          0x000000000010d088        0x0 /opt/syslinux/bios/com32/lib/libcom32core.a(fileread.o)
 .data          0x000000000010d088        0x0 /opt/syslinux/bios/com32/lib/libcom32core.a(fileclose.o)
 .data          0x000000000010d088        0x0 /opt/syslinux/bios/com32/lib/libcom32core.a(openmem.o)
 .data          0x000000000010d088        0x0 /opt/syslinux/bios/com32/lib/libcom32core.a(isatty.o)
 .data          0x000000000010d088        0x0 /opt/syslinux/bios/com32/lib/libcom32core.a(fstat.o)
 .data          0x000000000010d088        0x0 /opt/syslinux/bios/com32/lib/libcom32core.a(dprintf.o)
 .data          0x000000000010d088        0x0 /opt/syslinux/bios/com32/lib/libcom32core.a(vdprintf.o)
 .data          0x000000000010d088        0x0 /opt/syslinux/bios/com32/lib/libcom32core.a(idle.o)
 .data          0x000000000010d088        0x0 /opt/syslinux/bios/com32/lib/libcom32core.a(exit.o)
 .data          0x000000000010d088        0x0 /opt/syslinux/bios/com32/lib/libcom32core.a(common.o)
 .data          0x000000000010d088        0x0 /opt/syslinux/bios/com32/lib/libcom32core.a(elf_module.o)
 .data          0x000000000010d088        0x0 /opt/syslinux/bios/com32/lib/libcom32core.a(elfutils.o)
 .data          0x000000000010d088        0x0 /opt/syslinux/bios/com32/lib/libcom32core.a(exec.o)
 .data          0x000000000010d088        0x0 /opt/syslinux/bios/com32/lib/libcom32core.a(elf_module.o)
 .data          0x000000000010d088        0x0 libisolinux.a(rawcon.o)
 .data          0x000000000010d088        0x0 libisolinux.a(localboot.o)
 .data          0x000000000010d088        0x0 libisolinux.a(isolinux-c.o)
 *(.data.*)
 .data.rel.ro   0x000000000010d088        0x0 isolinux.o
 .data.rel.ro.local
                0x000000000010d088       0x14 /opt/syslinux/bios/com32/lib/libcom32core.a(err_read.o)
                0x000000000010d088                dev_error_r
 .data.rel.ro.local
                0x000000000010d09c       0x18 /opt/syslinux/bios/com32/lib/libcom32core.a(err_write.o)
                0x000000000010d09c                dev_error_w
 .data.rel.ro.local
                0x000000000010d0b4       0x14 /opt/syslinux/bios/com32/lib/libcom32core.a(null_read.o)
                0x000000000010d0b4                dev_null_r
 .data.rel.ro.local
                0x000000000010d0c8       0x18 /opt/syslinux/bios/com32/lib/libcom32core.a(stdcon_write.o)
                0x000000000010d0c8                dev_stdcon_w
 .data.rel.local
                0x000000000010d0e0        0x8 /opt/syslinux/bios/com32/lib/libcom32core.a(memscan.o)
 .data.rel      0x000000000010d0e8        0x4 /opt/syslinux/bios/com32/lib/libcom32core.a(argv.o)
                0x000000000010d0e8                __mem_end
 .data.rel.ro   0x000000000010d0ec       0x14 /opt/syslinux/bios/com32/lib/libcom32core.a(open.o)
                0x000000000010d0ec                __file_dev
 .data.rel      0x000000000010d100        0x8 /opt/syslinux/bios/com32/lib/libcom32core.a(common.o)
                0x000000000010d100                modules_head
                0x000000000010d108                __data_end = .
                0x000000000010d108                __pm_code_end = .
                0x000000000000d108                __pm_code_len = (ABSOLUTE (__pm_code_end) - ABSOLUTE (__pm_code_start))
                0x0000000000003442                __pm_code_dwords = ((__pm_code_len + 0x3) >> 0x2)
                0x000000000010d180                . = ALIGN (0x80)
                0x000000000010d180                __bss_vma = .
                0x000000000010d180                __bss_lma = ABSOLUTE (.)

.bss            0x000000000010d180   0x203dd8
                0x000000000010d180                __bss_start = .
 *(.bss)
 .bss           0x000000000010d180        0x0 libcom32.a(writestr.o)
 .bss           0x000000000010d180        0x8 libcom32.a(idle.o)
                0x000000000010d180                NoHalt
 .bss           0x000000000010d188        0x0 libcom32.a(cleanup.o)
 .bss           0x000000000010d188        0x0 libcom32.a(init.o)
 .bss           0x000000000010d188        0x6 libcom32.a(conio.o)
                0x000000000010d188                FlowOutput
                0x000000000010d189                FlowIgnore
                0x000000000010d18a                FlowInput
                0x000000000010d18c                SerialPort
 .bss           0x000000000010d18e        0x0 libcom32.a(writehex.o)
 *fill*         0x000000000010d18e        0x2 
 .bss           0x000000000010d190       0x2c libcom32.a(load_env32.o)
 .bss           0x000000000010d1bc        0x0 libcom32.a(getcwd.o)
 *fill*         0x000000000010d1bc        0x4 
 .bss           0x000000000010d1c0      0x10c libcom32.a(readdir.o)
 *fill*         0x000000000010d2cc       0x14 
 .bss           0x000000000010d2e0      0x144 libcom32.a(fs.o)
                0x000000000010d2e0                this_fs
 .bss           0x000000000010d424        0x0 libcom32.a(iso9660.o)
 .bss           0x000000000010d424        0x0 libcom32.a(susp_rr.o)
 .bss           0x000000000010d424        0x0 libcom32.a(chdir.o)
 .bss           0x000000000010d424       0x18 libcom32.a(diskio.o)
 *fill*         0x000000000010d43c        0x4 
 .bss           0x000000000010d440       0x50 libcom32.a(diskio_bios.o)
 .bss           0x000000000010d490        0x0 libcom32.a(nonextextent.o)
 .bss           0x000000000010d490        0x0 libcom32.a(mangle.o)
 .bss           0x000000000010d490        0x0 libcom32.a(searchconfig.o)
 .bss           0x000000000010d490        0x0 libcom32.a(close.o)
 .bss           0x000000000010d490        0x0 libcom32.a(cache.o)
 .bss           0x000000000010d490        0x0 libcom32.a(pmapi.o)
 .bss           0x000000000010d490        0x0 libcom32.a(rllpack.o)
 .bss           0x000000000010d490        0x0 libcom32.a(hello.o)
 *fill*         0x000000000010d490       0x10 
 .bss           0x000000000010d4a0      0x470 libcom32.a(graphics.o)
                0x000000000010d4a0                UsingVGA
 .bss           0x000000000010d910        0x1 libcom32.a(font.o)
                0x000000000010d910                UserFont
 *fill*         0x000000000010d911        0xf 
 .bss           0x000000000010d920      0x28e libcom32.a(bios.o)
                0x000000000010d920                firmware
 .bss           0x000000000010dbae        0x0 libcom32.a(path.o)
 .bss           0x000000000010dbae        0x0 libcom32.a(init.o)
 .bss           0x000000000010dbae        0x0 libcom32.a(lzo1x_f2.o)
 .bss           0x000000000010dbae        0x0 libcom32.a(errno.o)
 *fill*         0x000000000010dbae       0x12 
 .bss           0x000000000010dbc0     0x1060 libcom32.a(serirq.o)
 .bss           0x000000000010ec20        0x0 libcom32.a(malloc.o)
 .bss           0x000000000010ec20        0x0 libcom32.a(free.o)
 .bss           0x000000000010ec20        0x0 libcom32.a(sysappend.o)
 .bss           0x000000000010ec20        0x0 libcom32.a(kaboom.o)
 .bss           0x000000000010ec20        0x0 libcom32.a(call16.o)
 .bss           0x000000000010ec20        0x4 libcom32.a(dmi.o)
 .bss           0x000000000010ec24        0x0 libcom32.a(getfssec.o)
 .bss           0x000000000010ec24        0x0 libcom32.a(sem_asm.o)
 .bss           0x000000000010ec24        0x0 libcom32.a(semaphore.o)
 .bss           0x000000000010ec24        0x0 libcom32.a(root_thread.o)
 .bss           0x000000000010ec24        0x1 libcom32.a(schedule.o)
 .bss           0x000000000010ec25        0x0 libcom32.a(thread_asm.o)
 .bss           0x000000000010ec25        0x0 libcom32.a(exit_thread.o)
 .bss           0x000000000010ec25        0x0 /opt/syslinux/bios/com32/lib/libcom32core.a(memcpy.o)
 .bss           0x000000000010ec25        0x0 /opt/syslinux/bios/com32/lib/libcom32core.a(memset.o)
 .bss           0x000000000010ec25        0x0 /opt/syslinux/bios/com32/lib/libcom32core.a(memcmp.o)
 .bss           0x000000000010ec25        0x0 /opt/syslinux/bios/com32/lib/libcom32core.a(printf.o)
 .bss           0x000000000010ec25        0x0 /opt/syslinux/bios/com32/lib/libcom32core.a(strncmp.o)
 .bss           0x000000000010ec25        0x0 /opt/syslinux/bios/com32/lib/libcom32core.a(vfprintf.o)
 .bss           0x000000000010ec25        0x0 /opt/syslinux/bios/com32/lib/libcom32core.a(strlen.o)
 .bss           0x000000000010ec25        0x0 /opt/syslinux/bios/com32/lib/libcom32core.a(vsnprintf.o)
 .bss           0x000000000010ec25        0x0 /opt/syslinux/bios/com32/lib/libcom32core.a(snprintf.o)
 .bss           0x000000000010ec25        0x0 /opt/syslinux/bios/com32/lib/libcom32core.a(stpcpy.o)
 .bss           0x000000000010ec25        0x0 /opt/syslinux/bios/com32/lib/libcom32core.a(strcmp.o)
 .bss           0x000000000010ec25        0x0 /opt/syslinux/bios/com32/lib/libcom32core.a(strdup.o)
 .bss           0x000000000010ec25        0x0 /opt/syslinux/bios/com32/lib/libcom32core.a(strcpy.o)
 .bss           0x000000000010ec25        0x0 /opt/syslinux/bios/com32/lib/libcom32core.a(strncpy.o)
 .bss           0x000000000010ec25        0x0 /opt/syslinux/bios/com32/lib/libcom32core.a(setjmp.o)
 .bss           0x000000000010ec25        0x0 /opt/syslinux/bios/com32/lib/libcom32core.a(fopen.o)
 .bss           0x000000000010ec25        0x0 /opt/syslinux/bios/com32/lib/libcom32core.a(fread.o)
 .bss           0x000000000010ec25        0x0 /opt/syslinux/bios/com32/lib/libcom32core.a(fread2.o)
 .bss           0x000000000010ec25        0x0 /opt/syslinux/bios/com32/lib/libcom32core.a(puts.o)
 .bss           0x000000000010ec25        0x0 /opt/syslinux/bios/com32/lib/libcom32core.a(strtoul.o)
 .bss           0x000000000010ec25        0x0 /opt/syslinux/bios/com32/lib/libcom32core.a(strntoumax.o)
 .bss           0x000000000010ec25        0x0 /opt/syslinux/bios/com32/lib/libcom32core.a(strcasecmp.o)
 .bss           0x000000000010ec25        0x0 /opt/syslinux/bios/com32/lib/libcom32core.a(sprintf.o)
 .bss           0x000000000010ec25        0x0 /opt/syslinux/bios/com32/lib/libcom32core.a(strlcat.o)
 .bss           0x000000000010ec25        0x0 /opt/syslinux/bios/com32/lib/libcom32core.a(strchr.o)
 .bss           0x000000000010ec25        0x0 /opt/syslinux/bios/com32/lib/libcom32core.a(strlcpy.o)
 .bss           0x000000000010ec25        0x0 /opt/syslinux/bios/com32/lib/libcom32core.a(strncasecmp.o)
 .bss           0x000000000010ec25        0x0 /opt/syslinux/bios/com32/lib/libcom32core.a(ctypes.o)
 .bss           0x000000000010ec25        0x0 /opt/syslinux/bios/com32/lib/libcom32core.a(fputs.o)
 .bss           0x000000000010ec25        0x0 /opt/syslinux/bios/com32/lib/libcom32core.a(fwrite2.o)
 .bss           0x000000000010ec25        0x0 /opt/syslinux/bios/com32/lib/libcom32core.a(fwrite.o)
 .bss           0x000000000010ec25        0x0 /opt/syslinux/bios/com32/lib/libcom32core.a(fgetc.o)
 .bss           0x000000000010ec25        0x0 /opt/syslinux/bios/com32/lib/libcom32core.a(fclose.o)
 .bss           0x000000000010ec25        0x0 /opt/syslinux/bios/com32/lib/libcom32core.a(lmalloc.o)
 .bss           0x000000000010ec25        0x0 /opt/syslinux/bios/com32/lib/libcom32core.a(err_read.o)
 .bss           0x000000000010ec25        0x0 /opt/syslinux/bios/com32/lib/libcom32core.a(err_write.o)
 .bss           0x000000000010ec25        0x0 /opt/syslinux/bios/com32/lib/libcom32core.a(null_read.o)
 .bss           0x000000000010ec25        0x0 /opt/syslinux/bios/com32/lib/libcom32core.a(stdcon_write.o)
 .bss           0x000000000010ec25        0x0 /opt/syslinux/bios/com32/lib/libcom32core.a(memscan.o)
 .bss           0x000000000010ec25        0x0 /opt/syslinux/bios/com32/lib/libcom32core.a(strrchr.o)
 .bss           0x000000000010ec25        0x0 /opt/syslinux/bios/com32/lib/libcom32core.a(strcat.o)
 .bss           0x000000000010ec25        0x0 /opt/syslinux/bios/com32/lib/libcom32core.a(__ashldi3.o)
 .bss           0x000000000010ec25        0x0 /opt/syslinux/bios/com32/lib/libcom32core.a(__udivdi3.o)
 .bss           0x000000000010ec25        0x0 /opt/syslinux/bios/com32/lib/libcom32core.a(__negdi2.o)
 .bss           0x000000000010ec25        0x0 /opt/syslinux/bios/com32/lib/libcom32core.a(__ashrdi3.o)
 .bss           0x000000000010ec25        0x0 /opt/syslinux/bios/com32/lib/libcom32core.a(__lshrdi3.o)
 .bss           0x000000000010ec25        0x0 /opt/syslinux/bios/com32/lib/libcom32core.a(__muldi3.o)
 .bss           0x000000000010ec25        0x0 /opt/syslinux/bios/com32/lib/libcom32core.a(__udivmoddi4.o)
 .bss           0x000000000010ec25        0x0 /opt/syslinux/bios/com32/lib/libcom32core.a(__umoddi3.o)
 .bss           0x000000000010ec25        0x0 /opt/syslinux/bios/com32/lib/libcom32core.a(__divdi3.o)
 .bss           0x000000000010ec25        0x0 /opt/syslinux/bios/com32/lib/libcom32core.a(__moddi3.o)
 .bss           0x000000000010ec25        0x0 /opt/syslinux/bios/com32/lib/libcom32core.a(debug.o)
 .bss           0x000000000010ec25        0x0 /opt/syslinux/bios/com32/lib/libcom32core.a(intcall.o)
 .bss           0x000000000010ec25        0x0 /opt/syslinux/bios/com32/lib/libcom32core.a(farcall.o)
 .bss           0x000000000010ec25        0x0 /opt/syslinux/bios/com32/lib/libcom32core.a(cfarcall.o)
 .bss           0x000000000010ec25        0x0 /opt/syslinux/bios/com32/lib/libcom32core.a(zeroregs.o)
 .bss           0x000000000010ec25        0x0 /opt/syslinux/bios/com32/lib/libcom32core.a(argv.o)
 .bss           0x000000000010ec25        0x0 /opt/syslinux/bios/com32/lib/libcom32core.a(sleep.o)
 .bss           0x000000000010ec25        0x0 /opt/syslinux/bios/com32/lib/libcom32core.a(fileinfo.o)
 .bss           0x000000000010ec25        0x0 /opt/syslinux/bios/com32/lib/libcom32core.a(opendev.o)
 .bss           0x000000000010ec25        0x0 /opt/syslinux/bios/com32/lib/libcom32core.a(read.o)
 .bss           0x000000000010ec25        0x0 /opt/syslinux/bios/com32/lib/libcom32core.a(write.o)
 .bss           0x000000000010ec25        0x0 /opt/syslinux/bios/com32/lib/libcom32core.a(ftell.o)
 .bss           0x000000000010ec25        0x0 /opt/syslinux/bios/com32/lib/libcom32core.a(close.o)
 .bss           0x000000000010ec25        0x0 /opt/syslinux/bios/com32/lib/libcom32core.a(open.o)
 .bss           0x000000000010ec25        0x0 /opt/syslinux/bios/com32/lib/libcom32core.a(fileread.o)
 .bss           0x000000000010ec25        0x0 /opt/syslinux/bios/com32/lib/libcom32core.a(fileclose.o)
 .bss           0x000000000010ec25        0x0 /opt/syslinux/bios/com32/lib/libcom32core.a(openmem.o)
 .bss           0x000000000010ec25        0x0 /opt/syslinux/bios/com32/lib/libcom32core.a(isatty.o)
 .bss           0x000000000010ec25        0x0 /opt/syslinux/bios/com32/lib/libcom32core.a(fstat.o)
 .bss           0x000000000010ec25        0x0 /opt/syslinux/bios/com32/lib/libcom32core.a(dprintf.o)
 .bss           0x000000000010ec25        0x0 /opt/syslinux/bios/com32/lib/libcom32core.a(vdprintf.o)
 .bss           0x000000000010ec25        0x0 /opt/syslinux/bios/com32/lib/libcom32core.a(idle.o)
 .bss           0x000000000010ec25        0x0 /opt/syslinux/bios/com32/lib/libcom32core.a(exit.o)
 .bss           0x000000000010ec25        0x0 /opt/syslinux/bios/com32/lib/libcom32core.a(common.o)
 .bss           0x000000000010ec25        0x0 /opt/syslinux/bios/com32/lib/libcom32core.a(elf_module.o)
 .bss           0x000000000010ec25        0x0 /opt/syslinux/bios/com32/lib/libcom32core.a(elfutils.o)
 *fill*         0x000000000010ec25        0x3 
 .bss           0x000000000010ec28        0x4 /opt/syslinux/bios/com32/lib/libcom32core.a(exec.o)
                0x000000000010ec28                __syslinux_current
 .bss           0x000000000010ec2c        0x0 /opt/syslinux/bios/com32/lib/libcom32core.a(elf_module.o)
 .bss           0x000000000010ec2c        0x0 libisolinux.a(rawcon.o)
 .bss           0x000000000010ec2c        0x0 libisolinux.a(localboot.o)
 .bss           0x000000000010ec2c        0x0 libisolinux.a(isolinux-c.o)
 *(.bss.*)
 *(COMMON)
 COMMON         0x000000000010ec2c        0x4 libcom32.a(idle.o)
                0x000000000010ec2c                idle_hook_func
 *fill*         0x000000000010ec30       0x10 
 COMMON         0x000000000010ec40       0x90 libcom32.a(init.o)
                0x000000000010ec40                bios_free_mem
                0x000000000010ec60                __core_malloc_head
 COMMON         0x000000000010ecd0        0x4 libcom32.a(conio.o)
                0x000000000010ecd0                _screensize
                0x000000000010ecd2                _cursor
 *fill*         0x000000000010ecd4        0xc 
 COMMON         0x000000000010ece0      0x600 libcom32.a(fs.o)
                0x000000000010ece0                files
 COMMON         0x000000000010f2e0      0x200 libcom32.a(searchconfig.o)
                0x000000000010f2e0                ConfigName
                0x000000000010f3e0                config_cwd
 COMMON         0x000000000010f4e0      0x224 libcom32.a(graphics.o)
                0x000000000010f4e0                VGAPos
                0x000000000010f500                VGAFileBuf
                0x000000000010f600                VGAFileMBuf
                0x000000000010f700                VGAFilePtr
 *fill*         0x000000000010f704       0x1c 
 COMMON         0x000000000010f720      0x103 libcom32.a(bios.o)
                0x000000000010f720                KbdMap
                0x000000000010f820                PXERetry
                0x000000000010f822                KbdFlags
 *fill*         0x000000000010f823        0x1 
 COMMON         0x000000000010f824        0x4 libcom32.a(errno.o)
                0x000000000010f824                errno
 *fill*         0x000000000010f828       0x18 
 COMMON         0x000000000010f840       0x6c libcom32.a(sysappend.o)
                0x000000000010f840                SysAppends
                0x000000000010f860                sysappend_strings
 *fill*         0x000000000010f8ac       0x14 
 COMMON         0x000000000010f8c0       0x2c libcom32.a(call16.o)
                0x000000000010f8c0                zero_regs
 COMMON         0x000000000010f8ec        0x4 libcom32.a(schedule.o)
                0x000000000010f8ec                sched_hook_func
 *fill*         0x000000000010f8f0       0x10 
 COMMON         0x000000000010f900       0x2c /opt/syslinux/bios/com32/lib/libcom32core.a(zeroregs.o)
                0x000000000010f900                __com32_zero_regs
 *fill*         0x000000000010f92c       0x14 
 COMMON         0x000000000010f940   0x201600 /opt/syslinux/bios/com32/lib/libcom32core.a(fileinfo.o)
                0x000000000010f940                __file_info
 COMMON         0x0000000000310f40       0x18 /opt/syslinux/bios/com32/lib/libcom32core.a(exec.o)
                0x0000000000310f40                __process_exit_jmp
                0x0000000000310f58                __bss_end = .
                0x0000000000203dd8                __bss_len = (ABSOLUTE (__bss_end) - ABSOLUTE (__bss_start))
                0x0000000000080f76                __bss_dwords = ((__bss_len + 0x3) >> 0x2)
                0x0000000000310f58                __hugebss_vma = .
                0x0000000000310f58                __hugebss_lma = ABSOLUTE (.)

.savedata       0x0000000000310f60        0x0
 .savedata      0x0000000000310f60        0x0 isolinux.o

.dynbss         0x0000000000310f58        0x0
 .dynbss        0x0000000000310f58        0x0 isolinux.o

.hugebss        0x0000000000310f58        0x0
                0x0000000000310f58                __hugebss_start = .
 *(.hugebss)
 *(.hugebss.*)
                0x0000000000310f58                __hugebss_end = .
                0x0000000000000000                __hugebss_len = (ABSOLUTE (__hugebss_end) - ABSOLUTE (__hugebss_start))
                0x0000000000000000                __hugebss_dwords = ((__hugebss_len + 0x3) >> 0x2)
                0x0000000000310f58                __stack_vma = .
                0x0000000000310f58                __stack_lma = ABSOLUTE (.)

.stack          0x0000000000311000    0x10000 load address 0x0000000000310f58
                0x0000000000311000                __stack_start = .
 *(.stack)
 .stack         0x0000000000311000    0x10000 isolinux.o
                0x0000000000321000                __stack_end = .
                0x0000000000010000                __stack_len = (ABSOLUTE (__stack_end) - ABSOLUTE (__stack_start))
                0x0000000000004000                __stack_dwords = ((__stack_len + 0x3) >> 0x2)
                0x0000000000321000                _end = .
                0x0000000000321000                . = ALIGN (0x1000)
                0x0000000000321000                free_high_memory = .

/DISCARD/
 *(.eh_frame)
 *(.interp)
LOAD isolinux.o
START GROUP
LOAD libcom32.a
LOAD /opt/syslinux/bios/com32/lib/libcom32core.a
LOAD libisolinux.a
END GROUP
OUTPUT(isolinux.elf elf32-i386)

.debug_aranges  0x0000000000000000      0xfc8
 .debug_aranges
                0x0000000000000000       0x48 isolinux.o
 .debug_aranges
                0x0000000000000048       0x20 libcom32.a(writestr.o)
 .debug_aranges
                0x0000000000000068       0x20 libcom32.a(idle.o)
 .debug_aranges
                0x0000000000000088       0x20 libcom32.a(cleanup.o)
 .debug_aranges
                0x00000000000000a8       0x20 libcom32.a(init.o)
 .debug_aranges
                0x00000000000000c8       0x20 libcom32.a(conio.o)
 .debug_aranges
                0x00000000000000e8       0x20 libcom32.a(writehex.o)
 .debug_aranges
                0x0000000000000108       0x20 libcom32.a(load_env32.o)
 .debug_aranges
                0x0000000000000128       0x20 libcom32.a(getcwd.o)
 .debug_aranges
                0x0000000000000148       0x20 libcom32.a(readdir.o)
 .debug_aranges
                0x0000000000000168       0x20 libcom32.a(fs.o)
 .debug_aranges
                0x0000000000000188       0x20 libcom32.a(iso9660.o)
 .debug_aranges
                0x00000000000001a8       0x20 libcom32.a(susp_rr.o)
 .debug_aranges
                0x00000000000001c8       0x20 libcom32.a(chdir.o)
 .debug_aranges
                0x00000000000001e8       0x20 libcom32.a(diskio.o)
 .debug_aranges
                0x0000000000000208       0x20 libcom32.a(diskio_bios.o)
 .debug_aranges
                0x0000000000000228       0x20 libcom32.a(nonextextent.o)
 .debug_aranges
                0x0000000000000248       0x20 libcom32.a(mangle.o)
 .debug_aranges
                0x0000000000000268       0x20 libcom32.a(searchconfig.o)
 .debug_aranges
                0x0000000000000288       0x20 libcom32.a(close.o)
 .debug_aranges
                0x00000000000002a8       0x20 libcom32.a(cache.o)
 .debug_aranges
                0x00000000000002c8       0x18 libcom32.a(pmapi.o)
 .debug_aranges
                0x00000000000002e0       0x20 libcom32.a(rllpack.o)
 .debug_aranges
                0x0000000000000300       0x20 libcom32.a(hello.o)
 .debug_aranges
                0x0000000000000320       0x20 libcom32.a(graphics.o)
 .debug_aranges
                0x0000000000000340       0x20 libcom32.a(font.o)
 .debug_aranges
                0x0000000000000360       0x20 libcom32.a(bios.o)
 .debug_aranges
                0x0000000000000380       0x20 libcom32.a(path.o)
 .debug_aranges
                0x00000000000003a0       0x20 libcom32.a(init.o)
 .debug_aranges
                0x00000000000003c0       0x20 libcom32.a(lzo1x_f2.o)
 .debug_aranges
                0x00000000000003e0       0x18 libcom32.a(errno.o)
 .debug_aranges
                0x00000000000003f8       0x20 libcom32.a(serirq.o)
 .debug_aranges
                0x0000000000000418       0x20 libcom32.a(malloc.o)
 .debug_aranges
                0x0000000000000438       0x20 libcom32.a(free.o)
 .debug_aranges
                0x0000000000000458       0x20 libcom32.a(sysappend.o)
 .debug_aranges
                0x0000000000000478       0x20 libcom32.a(kaboom.o)
 .debug_aranges
                0x0000000000000498       0x20 libcom32.a(call16.o)
 .debug_aranges
                0x00000000000004b8       0x20 libcom32.a(dmi.o)
 .debug_aranges
                0x00000000000004d8       0x20 libcom32.a(getfssec.o)
 .debug_aranges
                0x00000000000004f8       0x20 libcom32.a(sem_asm.o)
 .debug_aranges
                0x0000000000000518       0x20 libcom32.a(semaphore.o)
 .debug_aranges
                0x0000000000000538       0x18 libcom32.a(root_thread.o)
 .debug_aranges
                0x0000000000000550       0x20 libcom32.a(schedule.o)
 .debug_aranges
                0x0000000000000570       0x20 libcom32.a(thread_asm.o)
 .debug_aranges
                0x0000000000000590       0x20 libcom32.a(exit_thread.o)
 .debug_aranges
                0x00000000000005b0       0x20 /opt/syslinux/bios/com32/lib/libcom32core.a(memcpy.o)
 .debug_aranges
                0x00000000000005d0       0x20 /opt/syslinux/bios/com32/lib/libcom32core.a(memset.o)
 .debug_aranges
                0x00000000000005f0       0x20 /opt/syslinux/bios/com32/lib/libcom32core.a(memcmp.o)
 .debug_aranges
                0x0000000000000610       0x20 /opt/syslinux/bios/com32/lib/libcom32core.a(printf.o)
 .debug_aranges
                0x0000000000000630       0x20 /opt/syslinux/bios/com32/lib/libcom32core.a(strncmp.o)
 .debug_aranges
                0x0000000000000650       0x20 /opt/syslinux/bios/com32/lib/libcom32core.a(vfprintf.o)
 .debug_aranges
                0x0000000000000670       0x20 /opt/syslinux/bios/com32/lib/libcom32core.a(strlen.o)
 .debug_aranges
                0x0000000000000690       0x20 /opt/syslinux/bios/com32/lib/libcom32core.a(vsnprintf.o)
 .debug_aranges
                0x00000000000006b0       0x20 /opt/syslinux/bios/com32/lib/libcom32core.a(snprintf.o)
 .debug_aranges
                0x00000000000006d0       0x20 /opt/syslinux/bios/com32/lib/libcom32core.a(stpcpy.o)
 .debug_aranges
                0x00000000000006f0       0x20 /opt/syslinux/bios/com32/lib/libcom32core.a(strcmp.o)
 .debug_aranges
                0x0000000000000710       0x20 /opt/syslinux/bios/com32/lib/libcom32core.a(strdup.o)
 .debug_aranges
                0x0000000000000730       0x20 /opt/syslinux/bios/com32/lib/libcom32core.a(strcpy.o)
 .debug_aranges
                0x0000000000000750       0x20 /opt/syslinux/bios/com32/lib/libcom32core.a(strncpy.o)
 .debug_aranges
                0x0000000000000770       0x20 /opt/syslinux/bios/com32/lib/libcom32core.a(setjmp.o)
 .debug_aranges
                0x0000000000000790       0x20 /opt/syslinux/bios/com32/lib/libcom32core.a(fopen.o)
 .debug_aranges
                0x00000000000007b0       0x20 /opt/syslinux/bios/com32/lib/libcom32core.a(fread.o)
 .debug_aranges
                0x00000000000007d0       0x20 /opt/syslinux/bios/com32/lib/libcom32core.a(fread2.o)
 .debug_aranges
                0x00000000000007f0       0x20 /opt/syslinux/bios/com32/lib/libcom32core.a(puts.o)
 .debug_aranges
                0x0000000000000810       0x20 /opt/syslinux/bios/com32/lib/libcom32core.a(strtoul.o)
 .debug_aranges
                0x0000000000000830       0x20 /opt/syslinux/bios/com32/lib/libcom32core.a(strntoumax.o)
 .debug_aranges
                0x0000000000000850       0x20 /opt/syslinux/bios/com32/lib/libcom32core.a(strcasecmp.o)
 .debug_aranges
                0x0000000000000870       0x20 /opt/syslinux/bios/com32/lib/libcom32core.a(sprintf.o)
 .debug_aranges
                0x0000000000000890       0x20 /opt/syslinux/bios/com32/lib/libcom32core.a(strlcat.o)
 .debug_aranges
                0x00000000000008b0       0x20 /opt/syslinux/bios/com32/lib/libcom32core.a(strchr.o)
 .debug_aranges
                0x00000000000008d0       0x20 /opt/syslinux/bios/com32/lib/libcom32core.a(strlcpy.o)
 .debug_aranges
                0x00000000000008f0       0x20 /opt/syslinux/bios/com32/lib/libcom32core.a(strncasecmp.o)
 .debug_aranges
                0x0000000000000910       0x18 /opt/syslinux/bios/com32/lib/libcom32core.a(ctypes.o)
 .debug_aranges
                0x0000000000000928       0x20 /opt/syslinux/bios/com32/lib/libcom32core.a(fputs.o)
 .debug_aranges
                0x0000000000000948       0x20 /opt/syslinux/bios/com32/lib/libcom32core.a(fwrite2.o)
 .debug_aranges
                0x0000000000000968       0x20 /opt/syslinux/bios/com32/lib/libcom32core.a(fwrite.o)
 .debug_aranges
                0x0000000000000988       0x20 /opt/syslinux/bios/com32/lib/libcom32core.a(fgetc.o)
 .debug_aranges
                0x00000000000009a8       0x20 /opt/syslinux/bios/com32/lib/libcom32core.a(fclose.o)
 .debug_aranges
                0x00000000000009c8       0x20 /opt/syslinux/bios/com32/lib/libcom32core.a(lmalloc.o)
 .debug_aranges
                0x00000000000009e8       0x20 /opt/syslinux/bios/com32/lib/libcom32core.a(err_read.o)
 .debug_aranges
                0x0000000000000a08       0x20 /opt/syslinux/bios/com32/lib/libcom32core.a(err_write.o)
 .debug_aranges
                0x0000000000000a28       0x20 /opt/syslinux/bios/com32/lib/libcom32core.a(null_read.o)
 .debug_aranges
                0x0000000000000a48       0x20 /opt/syslinux/bios/com32/lib/libcom32core.a(stdcon_write.o)
 .debug_aranges
                0x0000000000000a68       0x20 /opt/syslinux/bios/com32/lib/libcom32core.a(memscan.o)
 .debug_aranges
                0x0000000000000a88       0x20 /opt/syslinux/bios/com32/lib/libcom32core.a(strrchr.o)
 .debug_aranges
                0x0000000000000aa8       0x20 /opt/syslinux/bios/com32/lib/libcom32core.a(strcat.o)
 .debug_aranges
                0x0000000000000ac8       0x20 /opt/syslinux/bios/com32/lib/libcom32core.a(__ashldi3.o)
 .debug_aranges
                0x0000000000000ae8       0x20 /opt/syslinux/bios/com32/lib/libcom32core.a(__udivdi3.o)
 .debug_aranges
                0x0000000000000b08       0x20 /opt/syslinux/bios/com32/lib/libcom32core.a(__negdi2.o)
 .debug_aranges
                0x0000000000000b28       0x20 /opt/syslinux/bios/com32/lib/libcom32core.a(__ashrdi3.o)
 .debug_aranges
                0x0000000000000b48       0x20 /opt/syslinux/bios/com32/lib/libcom32core.a(__lshrdi3.o)
 .debug_aranges
                0x0000000000000b68       0x20 /opt/syslinux/bios/com32/lib/libcom32core.a(__muldi3.o)
 .debug_aranges
                0x0000000000000b88       0x20 /opt/syslinux/bios/com32/lib/libcom32core.a(__udivmoddi4.o)
 .debug_aranges
                0x0000000000000ba8       0x20 /opt/syslinux/bios/com32/lib/libcom32core.a(__umoddi3.o)
 .debug_aranges
                0x0000000000000bc8       0x20 /opt/syslinux/bios/com32/lib/libcom32core.a(__divdi3.o)
 .debug_aranges
                0x0000000000000be8       0x20 /opt/syslinux/bios/com32/lib/libcom32core.a(__moddi3.o)
 .debug_aranges
                0x0000000000000c08       0x20 /opt/syslinux/bios/com32/lib/libcom32core.a(debug.o)
 .debug_aranges
                0x0000000000000c28       0x20 /opt/syslinux/bios/com32/lib/libcom32core.a(intcall.o)
 .debug_aranges
                0x0000000000000c48       0x20 /opt/syslinux/bios/com32/lib/libcom32core.a(farcall.o)
 .debug_aranges
                0x0000000000000c68       0x20 /opt/syslinux/bios/com32/lib/libcom32core.a(cfarcall.o)
 .debug_aranges
                0x0000000000000c88       0x18 /opt/syslinux/bios/com32/lib/libcom32core.a(zeroregs.o)
 .debug_aranges
                0x0000000000000ca0       0x20 /opt/syslinux/bios/com32/lib/libcom32core.a(argv.o)
 .debug_aranges
                0x0000000000000cc0       0x20 /opt/syslinux/bios/com32/lib/libcom32core.a(sleep.o)
 .debug_aranges
                0x0000000000000ce0       0x18 /opt/syslinux/bios/com32/lib/libcom32core.a(fileinfo.o)
 .debug_aranges
                0x0000000000000cf8       0x20 /opt/syslinux/bios/com32/lib/libcom32core.a(opendev.o)
 .debug_aranges
                0x0000000000000d18       0x20 /opt/syslinux/bios/com32/lib/libcom32core.a(read.o)
 .debug_aranges
                0x0000000000000d38       0x20 /opt/syslinux/bios/com32/lib/libcom32core.a(write.o)
 .debug_aranges
                0x0000000000000d58       0x20 /opt/syslinux/bios/com32/lib/libcom32core.a(ftell.o)
 .debug_aranges
                0x0000000000000d78       0x20 /opt/syslinux/bios/com32/lib/libcom32core.a(close.o)
 .debug_aranges
                0x0000000000000d98       0x20 /opt/syslinux/bios/com32/lib/libcom32core.a(open.o)
 .debug_aranges
                0x0000000000000db8       0x20 /opt/syslinux/bios/com32/lib/libcom32core.a(fileread.o)
 .debug_aranges
                0x0000000000000dd8       0x20 /opt/syslinux/bios/com32/lib/libcom32core.a(fileclose.o)
 .debug_aranges
                0x0000000000000df8       0x20 /opt/syslinux/bios/com32/lib/libcom32core.a(openmem.o)
 .debug_aranges
                0x0000000000000e18       0x20 /opt/syslinux/bios/com32/lib/libcom32core.a(isatty.o)
 .debug_aranges
                0x0000000000000e38       0x20 /opt/syslinux/bios/com32/lib/libcom32core.a(fstat.o)
 .debug_aranges