Archive member included to satisfy reference by file (symbol)

libcom32.a(writestr.o)        ldlinux.o (crlf)
libcom32.a(idle.o)            ldlinux.o (__idle)
libcom32.a(cleanup.o)         ldlinux.o (cleanup_hardware)
libcom32.a(init.o)            ldlinux.o (mem_init)
libcom32.a(conio.o)           ldlinux.o (pm_write_serial)
libcom32.a(writehex.o)        ldlinux.o (pm_writehex2)
libcom32.a(load_env32.o)      ldlinux.o (load_env32)
libcom32.a(getcwd.o)          libcom32.a(load_env32.o) (core_getcwd)
libcom32.a(readdir.o)         ldlinux.o (opendir)
libcom32.a(xfs.o)             ldlinux.o (xfs_fs_ops)
libcom32.a(xfs_readdir.o)     libcom32.a(xfs.o) (xfs_readdir_dir2_local)
libcom32.a(xfs_dir2.o)        libcom32.a(xfs.o) (xfs_dir2_dirblks_get_cached)
libcom32.a(xfs_dinode.o)      libcom32.a(xfs.o) (xfs_dinode_get_core)
libcom32.a(fs.o)              libcom32.a(xfs.o) (alloc_inode)
libcom32.a(fat.o)             ldlinux.o (vfat_fs_ops)
libcom32.a(chdir.o)           ldlinux.o (pm_realpath)
libcom32.a(diskio.o)          libcom32.a(fs.o) (device_init)
libcom32.a(ufs.o)             ldlinux.o (ufs_fs_ops)
libcom32.a(bmap.o)            libcom32.a(ufs.o) (ufs_bmap)
libcom32.a(diskio_bios.o)     ldlinux.o (pm_fs_init)
libcom32.a(mangle.o)          libcom32.a(xfs.o) (generic_mangle_name)
libcom32.a(searchconfig.o)    libcom32.a(load_env32.o) (search_dirs)
libcom32.a(chdir.o)           libcom32.a(fat.o) (generic_chdir_start)
libcom32.a(loadconfig.o)      libcom32.a(xfs.o) (generic_open_config)
libcom32.a(close.o)           libcom32.a(xfs.o) (generic_close_file)
libcom32.a(ext2.o)            ldlinux.o (ext2_fs_ops)
libcom32.a(bmap.o)            libcom32.a(ext2.o) (ext2_bmap)
libcom32.a(btrfs.o)           ldlinux.o (btrfs_fs_ops)
libcom32.a(ntfs.o)            ldlinux.o (ntfs_fs_ops)
libcom32.a(cache.o)           libcom32.a(xfs.o) (cache_init)
libcom32.a(pmapi.o)           ldlinux.o (pm_api_vector)
libcom32.a(rllpack.o)         ldlinux.o (rllpack)
libcom32.a(hello.o)           ldlinux.o (hello)
libcom32.a(graphics.o)        ldlinux.o (syslinux_force_text_mode)
libcom32.a(font.o)            libcom32.a(graphics.o) (use_font)
libcom32.a(bios.o)            libcom32.a(conio.o) (KbdMap)
libcom32.a(path.o)            libcom32.a(load_env32.o) (path_add)
libcom32.a(init.o)            ldlinux.o (init)
libcom32.a(lzo1x_f2.o)        ldlinux.o (_lzo1x_decompress_asm_fast_safe)
libcom32.a(codepage.o)        libcom32.a(fat.o) (codepage)
libcom32.a(errno.o)           libcom32.a(fs.o) (errno)
libcom32.a(serirq.o)          libcom32.a(conio.o) (SerialHead)
libcom32.a(malloc.o)          libcom32.a(bios.o) (bios_malloc)
libcom32.a(free.o)            libcom32.a(bios.o) (bios_free)
libcom32.a(sysappend.o)       libcom32.a(pmapi.o) (sysappend_strings)
libcom32.a(kaboom.o)          libcom32.a(xfs.o) (_kaboom)
libcom32.a(call16.o)          libcom32.a(bios.o) (call16)
libcom32.a(dmi.o)             libcom32.a(bios.o) (dmi_init)
libcom32.a(getfssec.o)        libcom32.a(xfs.o) (generic_getfssec)
libcom32.a(sem_asm.o)         libcom32.a(malloc.o) (sem_down)
libcom32.a(semaphore.o)       libcom32.a(sem_asm.o) (__sem_down_slow)
libcom32.a(root_thread.o)     libcom32.a(semaphore.o) (__current)
libcom32.a(schedule.o)        libcom32.a(semaphore.o) (__schedule)
libcom32.a(thread_asm.o)      libcom32.a(schedule.o) (__switch_to)
libcom32.a(exit_thread.o)     libcom32.a(thread_asm.o) (__exit_thread)
/opt/syslinux/bios/com32/lib/libcom32core.a(memcpy.o)
                              (--whole-archive)
/opt/syslinux/bios/com32/lib/libcom32core.a(memset.o)
                              (--whole-archive)
/opt/syslinux/bios/com32/lib/libcom32core.a(memcmp.o)
                              (--whole-archive)
/opt/syslinux/bios/com32/lib/libcom32core.a(printf.o)
                              (--whole-archive)
/opt/syslinux/bios/com32/lib/libcom32core.a(strncmp.o)
                              (--whole-archive)
/opt/syslinux/bios/com32/lib/libcom32core.a(vfprintf.o)
                              (--whole-archive)
/opt/syslinux/bios/com32/lib/libcom32core.a(strlen.o)
                              (--whole-archive)
/opt/syslinux/bios/com32/lib/libcom32core.a(vsnprintf.o)
                              (--whole-archive)
/opt/syslinux/bios/com32/lib/libcom32core.a(snprintf.o)
                              (--whole-archive)
/opt/syslinux/bios/com32/lib/libcom32core.a(stpcpy.o)
                              (--whole-archive)
/opt/syslinux/bios/com32/lib/libcom32core.a(strcmp.o)
                              (--whole-archive)
/opt/syslinux/bios/com32/lib/libcom32core.a(strdup.o)
                              (--whole-archive)
/opt/syslinux/bios/com32/lib/libcom32core.a(strcpy.o)
                              (--whole-archive)
/opt/syslinux/bios/com32/lib/libcom32core.a(strncpy.o)
                              (--whole-archive)
/opt/syslinux/bios/com32/lib/libcom32core.a(setjmp.o)
                              (--whole-archive)
/opt/syslinux/bios/com32/lib/libcom32core.a(fopen.o)
[...]
Memory Configuration

Name             Origin             Length             Attributes
*default*        0x0000000000000000 0xffffffffffffffff

Linker script and memory map

                0x0000000000010000                STACK32_LEN = 0x10000
                0x0000000000000000                . = 0x0
                0x0000000000000000                __module_start = ABSOLUTE (.)

.prefix         0x0000000000000000       0x14
 *(.prefix)
 .prefix        0x0000000000000000       0x14 ldlinux.o
                0x0000000000001000                . = 0x1000

.earlybss       0x0000000000001000     0x280c
                0x0000000000001000                __earlybss_start = .
 *(.earlybss)
 .earlybss      0x0000000000001000     0x280c ldlinux.o
                0x0000000000001000                trackbuf
                0x0000000000003000                BIOSName
                0x0000000000003808                RealModeSSSP
                0x000000000000380c                __earlybss_end = .
                0x000000000000280c                __earlybss_len = (ABSOLUTE (__earlybss_end) - ABSOLUTE (__earlybss_start))
                0x0000000000000a03                __earlybss_dwords = ((__earlybss_len + 0x3) >> 0x2)
                0x000000000000380c                . = ALIGN (0x4)

.bss16          0x0000000000003810      0x1a2
                0x0000000000003810                __bss16_start = .
 *(.bss16)
 .bss16         0x0000000000003810      0x19d ldlinux.o
                0x000000000000389c                KernelName
 *fill*         0x00000000000039ad        0x1 
 .bss16         0x00000000000039ae        0x4 libcom32.a(fs.o)
                0x00000000000039ae                SectorShift
                0x00000000000039b0                SectorSize
                0x00000000000039b2                __bss16_end = .
                0x00000000000001a2                __bss16_len = (ABSOLUTE (__bss16_end) - ABSOLUTE (__bss16_start))
                0x0000000000000069                __bss16_dwords = ((__bss16_len + 0x3) >> 0x2)
                0x00000000000039b4                . = ALIGN (0x4)

.config         0x00000000000039b4        0x0 load address 0x0000000000009760
                0x00000000000039b4                __config_start = .
 *(.config)
 .config        0x00000000000039b4        0x0 ldlinux.o
                0x00000000000039b4                __config_end = .
                0x0000000000000000                __config_len = (ABSOLUTE (__config_end) - ABSOLUTE (__config_start))
                0x0000000000000000                __config_dwords = ((__config_len + 0x3) >> 0x2)
                0x0000000000003a00                . = ALIGN (0x80)

.replacestub    0x0000000000003a00        0x0 load address 0x0000000000009760
                0x0000000000003a00                __replacestub_start = .
 *(.replacestub)
 .replacestub   0x0000000000003a00        0x0 ldlinux.o
                0x0000000000003a00                __replacestub_end = .
                0x0000000000000000                __replacestub_len = (ABSOLUTE (__replacestub_end) - ABSOLUTE (__replacestub_start))
                0x0000000000000000                __replacestub_dwords = ((__replacestub_len + 0x3) >> 0x2)
                0x0000000000003a00                . = ALIGN (0x10)
                0x0000000000003a00                __gentextnr_lma = .

.gentextnr      0x0000000000003a00      0x418
                0x0000000000003a00                __gentextnr_start = .
 *(.gentextnr)
 .gentextnr     0x0000000000003a00      0x418 ldlinux.o
                0x0000000000003e18                __gentextnr_end = .
                0x0000000000000418                __gentextnr_len = (ABSOLUTE (__gentextnr_end) - ABSOLUTE (__gentextnr_start))
                0x0000000000000106                __gentextnr_dwords = ((__gentextnr_len + 0x3) >> 0x2)
                0x0000000000006c00                . = STACK_BASE

.stack16        0x0000000000006c00     0x1000
                0x0000000000006c00                __stack16_start = .
                0x0000000000007c00                . = (. + STACK_LEN)
 *fill*         0x0000000000006c00     0x1000 
                0x0000000000007c00                __stack16_end = .
 .stack16       0x0000000000007c00        0x0 ldlinux.o
                0x0000000000001000                __stack16_len = (ABSOLUTE (__stack16_end) - ABSOLUTE (__stack16_start))
                0x0000000000000400                __stack16_dwords = ((__stack16_len + 0x3) >> 0x2)
                0x0000000000007c00                . = 0x7c00

.init           0x0000000000007c00      0xd6e
 FILL mask 0x90909090
                0x0000000000007c00                __init_start = .
 *(.init)
 .init          0x0000000000007c00      0xd6e ldlinux.o
                0x0000000000007c00                _start
                0x0000000000007da9                kaboom
                0x00000000000080e8                getlinsec
                0x000000000000896e                __init_end = .
                0x0000000000000d6e                __init_len = (ABSOLUTE (__init_end) - ABSOLUTE (__init_start))
                0x000000000000035c                __init_dwords = ((__init_len + 0x3) >> 0x2)
                0x0000000000008970                . = ALIGN (0x4)

.text16         0x0000000000008970      0x5d3
 FILL mask 0x90909090
                0x0000000000008970                __text16_start = .
 *(.text16)
 .text16        0x0000000000008970      0x5d3 ldlinux.o
                0x0000000000008a06                local_boot16
                0x0000000000008c7d                adv_init
                0x0000000000008ddd                adv_write
                0x0000000000008f21                bios_timer_cleanup
                0x0000000000008f2a                timer_irq
                0x0000000000008f3f                BIOS_timer_next
                0x0000000000008f43                __text16_end = .
                0x00000000000005d3                __text16_len = (ABSOLUTE (__text16_end) - ABSOLUTE (__text16_start))
                0x0000000000000175                __text16_dwords = ((__text16_len + 0x3) >> 0x2)
                0x0000000000008f50                . = ALIGN (0x10)

.textnr         0x0000000000008f50      0x360
 FILL mask 0x90909090
                0x0000000000008f50                __textnr_start = .
 *(.textnr)
 .textnr        0x0000000000008f50       0xae ldlinux.o
                0x0000000000008ffd                core_pm_null_hook
 *fill*         0x0000000000008ffe        0x2 90909090
 .textnr        0x0000000000009000      0x2b0 libcom32.a(lzo1x_f2.o)
                0x0000000000009000                _lzo1x_decompress_asm_fast_safe
                0x00000000000092b0                __textnr_end = .
                0x0000000000000360                __textnr_len = (ABSOLUTE (__textnr_end) - ABSOLUTE (__textnr_start))
                0x00000000000000d8                __textnr_dwords = ((__textnr_len + 0x3) >> 0x2)
                0x00000000000092b0                . = ALIGN (0x10)
                0x00000000000092b0                __bcopyxx_start = .

.bcopyxx.text   0x00000000000092b0      0x147
 FILL mask 0x90909090
                0x00000000000092b0                __bcopyxx_text_start = .
 *(.bcopyxx.text)
 .bcopyxx.text  0x00000000000092b0      0x147 ldlinux.o
                0x0000000000009366                do_raw_shuffle_and_boot
                0x00000000000093f7                __bcopyxx_text_end = .
                0x0000000000000147                __bcopyxx_text_len = (ABSOLUTE (__bcopyxx_text_end) - ABSOLUTE (__bcopyxx_text_start))
                0x0000000000000052                __bcopyxx_text_dwords = ((__bcopyxx_text_len + 0x3) >> 0x2)

.bcopyxx.data   0x0000000000009400       0x36
                0x0000000000009400                __bcopyxx_data_start = .
 *(.bcopyxx.text)
                0x0000000000009400                __bcopyxx_data_end = .
 .bcopyxx.data  0x0000000000009400       0x36 ldlinux.o
                0x0000000000000000                __bcopyxx_data_len = (ABSOLUTE (__bcopyxx_data_end) - ABSOLUTE (__bcopyxx_data_start))
                0x0000000000000000                __bcopyxx_data_dwords = ((__bcopyxx_data_len + 0x3) >> 0x2)
                0x0000000000009436                __bcopyxx_end = .
                0x0000000000000186                __bcopyxx_len = (ABSOLUTE (__bcopyxx_end) - ABSOLUTE (__bcopyxx_start))
                0x0000000000000062                __bcopyxx_dwords = ((__bcopyxx_len + 0x3) >> 0x2)
                0x0000000000009438                . = ALIGN (0x4)

.data16         0x0000000000009440      0x320
                0x0000000000009440                __data16_start = .
 *(.data16)
 .data16        0x0000000000009440      0x320 ldlinux.o
                0x0000000000009440                BaseStack
                0x000000000000945c                CurrentDirName
                0x000000000000955c                SubvolName
                0x0000000000009660                syslinux_banner
                0x0000000000009678                __com32
                0x00000000000096ac                core_pm_hook
                0x00000000000096e4                __jiffies
                0x00000000000096e8                __ms_timer
                0x00000000000096ee                copyright_str
                0x0000000000009760                __data16_end = .
                0x0000000000000320                __data16_len = (ABSOLUTE (__data16_end) - ABSOLUTE (__data16_start))
                0x00000000000000c8                __data16_dwords = ((__data16_len + 0x3) >> 0x2)
                0x0000000000009760                . = ALIGN (0x4)
                0x0000000000009760                __config_lma = ABSOLUTE (.)
                0x0000000000009760                . = (. + SIZEOF (.config))
                0x0000000000009760                . = ALIGN (0x4)
                0x0000000000009760                __replacestub_lma = ABSOLUTE (.)
                0x0000000000009760                . = (. + SIZEOF (.replacestub))
                0x0000000000009760                . = ALIGN (0x10)
                0x0000000000009760                __pm_code_lma = ABSOLUTE (.)
                0x0000000000009760                __high_clear_start = .
                0x0000000000009800                . = ALIGN (0x200)

.adv            0x0000000000009800      0x400
                0x0000000000009800                __adv_start = .
 *(.adv)
 .adv           0x0000000000009800      0x400 ldlinux.o
                0x0000000000009c00                __adv_end = .
                0x0000000000000400                __adv_len = (ABSOLUTE (__adv_end) - ABSOLUTE (__adv_start))
                0x0000000000000100                __adv_dwords = ((__adv_len + 0x3) >> 0x2)
                0x0000000000009c00                . = ALIGN (0x4)

.uibss          0x0000000000009c00      0x100
                0x0000000000009c00                __uibss_start = .
 *(.uibss)
 .uibss         0x0000000000009c00      0x100 ldlinux.o
                0x0000000000009d00                __uibss_end = .
                0x0000000000000100                __uibss_len = (ABSOLUTE (__uibss_end) - ABSOLUTE (__uibss_start))
                0x0000000000000040                __uibss_dwords = ((__uibss_len + 0x3) >> 0x2)
                0x0000000000009d00                _end16 = .
                0x0000000000000001                __assert_end16 = ASSERT ((_end16 <= 0x10000), 64K overflow)
                0x0000000000010000                . = ALIGN (0x10000)

.xfer_buf       0x0000000000010000    0x10000
 *(.xfer_buf)
 .xfer_buf      0x0000000000010000    0x10000 ldlinux.o
                0x0000000000010000                core_xfer_buf
                0x0000000000001000                xfer_buf_seg = (core_xfer_buf >> 0x4)
                0x0000000000020000                . = ALIGN (0x10)

.auxseg         0x0000000000020000        0x0
                0x0000000000020000                __auxseg_start = .
 *(.auxseg)
                0x0000000000020000                __auxseg_end = .
                0x0000000000000000                __auxseg_len = (ABSOLUTE (__auxseg_end) - ABSOLUTE (__auxseg_start))
                0x0000000000000000                __auxseg_dwords = ((__auxseg_len + 0x3) >> 0x2)
                0x0000000000002000                aux_seg = (__auxseg_start >> 0x4)

.lowmem         0x0000000000020000     0x2060
                0x0000000000020000                __lowmem_start = .
 *(.lowmem)
 .lowmem        0x0000000000020000       0x5c libcom32.a(diskio_bios.o)
 *fill*         0x000000000002005c        0x4 
 .lowmem        0x0000000000020060     0x2000 libcom32.a(font.o)
                0x0000000000020060                fontbuf
                0x0000000000022060                __lowmem_end = .
                0x0000000000002060                __lowmem_len = (ABSOLUTE (__lowmem_end) - ABSOLUTE (__lowmem_start))
                0x0000000000000818                __lowmem_dwords = ((__lowmem_len + 0x3) >> 0x2)
                0x0000000000022060                __high_clear_end = .
                0x0000000000018900                __high_clear_len = (ABSOLUTE (__high_clear_end) - ABSOLUTE (__high_clear_start))
                0x0000000000006240                __high_clear_dwords = ((__high_clear_len + 0x3) >> 0x2)
                0x0000000000022060                . = ALIGN (0x10)
                0x0000000000022060                __lowmem_heap = .
                0x0000000000100000                . = 0x100000
                0x0000000000100000                __pm_code_start = .
                0xfffffffffff09760                __vma_to_lma = ABSOLUTE ((__pm_code_lma - __pm_code_start))

.text           0x0000000000100000     0xe151 load address 0x0000000000009760
 FILL mask 0x90909090
                0x0000000000100000                __text_start = .
 *(.text)
 .text          0x0000000000100000      0x12d ldlinux.o
                0x0000000000100000                core_farcall
                0x0000000000100006                core_intcall
                0x00000000001000a6                core_cfarcall
 .text          0x000000000010012d       0x37 libcom32.a(writestr.o)
                0x000000000010012d                crlf
                0x0000000000100141                writestr
                0x0000000000100155                pm_writestr
 .text          0x0000000000100164       0x3c libcom32.a(idle.o)
                0x0000000000100164                reset_idle
                0x0000000000100170                __idle
 .text          0x00000000001001a0        0x8 libcom32.a(cleanup.o)
                0x00000000001001a0                cleanup_hardware
 .text          0x00000000001001a8      0x115 libcom32.a(init.o)
                0x00000000001001a8                scan_highmem_area
                0x0000000000100200                mem_init
 .text          0x00000000001002bd      0x2f5 libcom32.a(conio.o)
                0x00000000001002bd                loadkeys
                0x00000000001002ef                write_serial
                0x0000000000100340                pm_write_serial
                0x0000000000100346                serialcfg
                0x0000000000100388                pm_serialcfg
                0x0000000000100393                write_serial_str
                0x00000000001003a8                bios_pollchar
                0x000000000010041f                pollchar
                0x000000000010042a                pm_pollchar
                0x0000000000100446                bios_getchar
                0x0000000000100543                bios_shiftflags
                0x0000000000100583                kbd_shiftflags
                0x0000000000100597                getchar
                0x00000000001005a2                pm_getchar
 .text          0x00000000001005b2       0x61 libcom32.a(writehex.o)
                0x00000000001005e6                writehex2
                0x00000000001005ed                writehex4
                0x00000000001005f7                writehex8
                0x0000000000100601                pm_writehex2
                0x0000000000100607                pm_writehex4
                0x000000000010060d                pm_writehex8
 .text          0x0000000000100613      0x3af libcom32.a(load_env32.o)
                0x0000000000100628                init_module_subsystem
                0x000000000010064e                start_ldlinux
                0x00000000001007aa                load_env32
                0x00000000001008af                com32_cmdline
                0x00000000001008b5                create_args_and_load
                0x00000000001009a0                pm_env32_run
 .text          0x00000000001009c2       0x33 libcom32.a(getcwd.o)
                0x00000000001009c2                core_getcwd
 .text          0x00000000001009f5       0x64 libcom32.a(readdir.o)
                0x00000000001009f5                opendir
                0x0000000000100a2d                readdir
                0x0000000000100a51                closedir
 .text          0x0000000000100a59      0x9c0 libcom32.a(xfs.o)
 .text          0x0000000000101419      0x831 libcom32.a(xfs_readdir.o)
                0x0000000000101528                xfs_readdir_dir2_local
                0x000000000010161a                xfs_readdir_dir2_block
                0x000000000010176e                xfs_readdir_dir2_leaf
                0x00000000001019d8                xfs_readdir_dir2_node
 .text          0x0000000000101c4a     0x14f4 libcom32.a(xfs_dir2.o)
                0x0000000000101f5f                xfs_dir2_da_hashname
                0x0000000000101fdc                xfs_dir2_dirblks_get_cached
                0x000000000010217a                xfs_dir2_dirblks_flush_cache
                0x00000000001021bc                xfs_dir2_local_find_entry
                0x0000000000102311                xfs_dir2_block_find_entry
                0x0000000000102585                xfs_dir2_leaf_find_entry
                0x00000000001029d4                xfs_dir2_get_right_blk
                0x0000000000102d22                xfs_dir2_node_find_entry
 .text          0x000000000010313e      0x113 libcom32.a(xfs_dinode.o)
                0x000000000010313e                xfs_dinode_get_core
 .text          0x0000000000103251      0x520 libcom32.a(fs.o)
                0x0000000000103251                alloc_inode
                0x0000000000103279                put_inode
                0x00000000001032a3                _close_file
                0x00000000001032c2                open_config
                0x0000000000103327                mangle_name
                0x0000000000103332                pmapi_read_file
                0x0000000000103382                searchdir
                0x00000000001035e5                open_file
                0x0000000000103658                close_file
                0x000000000010366f                fs_uuid
                0x000000000010368a                fs_init
 .text          0x0000000000103771      0xd92 libcom32.a(fat.o)
 .text          0x0000000000104503      0x1f7 libcom32.a(chdir.o)
                0x0000000000104575                realpath
                0x00000000001045fc                pm_realpath
                0x0000000000104620                chdir
 .text          0x00000000001046fa       0x72 libcom32.a(diskio.o)
                0x00000000001046fa                getoneblk
                0x0000000000104738                device_init
 .text          0x000000000010476c      0x676 libcom32.a(ufs.o)
 .text          0x0000000000104de2      0x396 libcom32.a(bmap.o)
                0x0000000000104faf                ufs_bmap
                0x00000000001050cb                ufs_next_extent
 .text          0x0000000000105178      0x716 libcom32.a(diskio_bios.o)
                0x0000000000105664                bios_disk_init
                0x000000000010587c                pm_fs_init
 .text          0x000000000010588e       0x55 libcom32.a(mangle.o)
                0x000000000010588e                generic_mangle_name
 .text          0x00000000001058e3       0xb2 libcom32.a(searchconfig.o)
                0x00000000001058e3                search_dirs
 .text          0x0000000000105995        0xa libcom32.a(chdir.o)
                0x0000000000105995                generic_chdir_start
 .text          0x000000000010599f       0x20 libcom32.a(loadconfig.o)
                0x000000000010599f                generic_open_config
 .text          0x00000000001059bf       0x16 libcom32.a(close.o)
                0x00000000001059bf                generic_close_file
 .text          0x00000000001059d5      0x520 libcom32.a(ext2.o)
 .text          0x0000000000105ef5      0x39c libcom32.a(bmap.o)
                0x0000000000105fbc                ext2_bmap
                0x000000000010620a                ext2_next_extent
 .text          0x0000000000106291      0xf4c libcom32.a(btrfs.o)
 .text          0x00000000001071dd     0x19bc libcom32.a(ntfs.o)
 .text          0x0000000000108b99      0x1c1 libcom32.a(cache.o)
                0x0000000000108b99                cache_init
                0x0000000000108c34                cache_lock_block
                0x0000000000108c52                _get_cache_block
                0x0000000000108c9f                get_cache
                0x0000000000108cdb                cache_read
 .text          0x0000000000108d5a        0x0 libcom32.a(pmapi.o)
 .text          0x0000000000108d5a      0x15e libcom32.a(rllpack.o)
                0x0000000000108d5a                rllpack
                0x0000000000108e18                rllunpack
 .text          0x0000000000108eb8       0xeb libcom32.a(hello.o)
                0x0000000000108edf                myputchar
                0x0000000000108efa                myputs
                0x0000000000108f0e                hello
                0x0000000000108f26                hexdump
                0x0000000000108f71                mp1
                0x0000000000108f7b                mp2
                0x0000000000108f85                mp3
                0x0000000000108f8f                mp4
                0x0000000000108f99                mp5
 .text          0x0000000000108fa3      0x446 libcom32.a(graphics.o)
                0x0000000000108ffd                syslinux_force_text_mode
                0x0000000000109076                vgadisplayfile
                0x0000000000109396                vgahidecursor
                0x00000000001093aa                vgashowcursor
                0x00000000001093be                using_vga
                0x00000000001093db                pm_using_vga
 .text          0x00000000001093e9      0x1f6 libcom32.a(font.o)
                0x00000000001093e9                bios_adjust_screen
                0x000000000010942d                use_font
                0x000000000010952c                loadfont
                0x00000000001095bb                adjust_screen
                0x00000000001095ca                pm_adjust_screen
                0x00000000001095cc                pm_userfont
 .text          0x00000000001095df      0xb72 libcom32.a(bios.o)
                0x00000000001098eb                bios_adv_init
                0x000000000010990d                bios_adv_write
                0x0000000000109d59                bios_init
                0x000000000010a146                syslinux_register_bios
 .text          0x000000000010a151       0x52 libcom32.a(path.o)
                0x000000000010a151                path_add
 .text          0x000000000010a1a3        0x7 libcom32.a(init.o)
                0x000000000010a1a3                init
 .text          0x000000000010a1aa        0x0 libcom32.a(lzo1x_f2.o)
 .text          0x000000000010a1aa        0x0 libcom32.a(codepage.o)
 .text          0x000000000010a1aa        0x0 libcom32.a(errno.o)
 .text          0x000000000010a1aa      0x293 libcom32.a(serirq.o)
                0x000000000010a29e                sirq_cleanup_nowipe
                0x000000000010a307                sirq_cleanup
                0x000000000010a31d                sirq_install
 .text          0x000000000010a43d      0x2d5 libcom32.a(malloc.o)
                0x000000000010a478                bios_malloc
                0x000000000010a530                malloc
                0x000000000010a53c                lmalloc
                0x000000000010a55a                pmapi_lmalloc
                0x000000000010a569                bios_realloc
                0x000000000010a6e9                realloc
                0x000000000010a6f5                zalloc
 .text          0x000000000010a712      0x1db libcom32.a(free.o)
                0x000000000010a7e0                bios_free
                0x000000000010a7e8                free
                0x000000000010a814                __inject_free_block
                0x000000000010a893                comboot_cleanup_lowmem
 .text          0x000000000010a8ed      0x132 libcom32.a(sysappend.o)
                0x000000000010a8ed                do_sysappend
                0x000000000010a963                sysappend_set_uuid
                0x000000000010a9c1                sysappend_set_fs_uuid
                0x000000000010a9fc                print_sysappend
 .text          0x000000000010aa1f       0x14 libcom32.a(kaboom.o)
                0x000000000010aa1f                _kaboom
 .text          0x000000000010aa33       0x3b libcom32.a(call16.o)
                0x000000000010aa33                call16
 .text          0x000000000010aa6e      0x42d libcom32.a(dmi.o)
                0x000000000010ab4e                dmi_init
 .text          0x000000000010ae9b      0x200 libcom32.a(getfssec.o)
                0x000000000010ae9b                generic_getfssec
 .text          0x000000000010b09b       0x14 libcom32.a(sem_asm.o)
                0x000000000010b09b                sem_down
                0x000000000010b0a6                sem_up
 .text          0x000000000010b0af       0xc9 libcom32.a(semaphore.o)
                0x000000000010b0af                sem_init
                0x000000000010b0bf                __sem_down_slow
                0x000000000010b149                __sem_up_slow
 .text          0x000000000010b178        0x0 libcom32.a(root_thread.o)
 .text          0x000000000010b178       0x84 libcom32.a(schedule.o)
                0x000000000010b178                __schedule
                0x000000000010b1ef                thread_yield
 .text          0x000000000010b1fc       0x3f libcom32.a(thread_asm.o)
                0x000000000010b1fc                __switch_to
                0x000000000010b22c                __start_thread
 .text          0x000000000010b23b       0x30 libcom32.a(exit_thread.o)
                0x000000000010b23b                __exit_thread
 .text          0x000000000010b26b       0x1a /opt/syslinux/bios/com32/lib/libcom32core.a(memcpy.o)
                0x000000000010b26b                memcpy
 .text          0x000000000010b285       0x29 /opt/syslinux/bios/com32/lib/libcom32core.a(memset.o)
                0x000000000010b285                memset
 .text          0x000000000010b2ae       0x1e /opt/syslinux/bios/com32/lib/libcom32core.a(memcmp.o)
                0x000000000010b2ae                memcmp
 .text          0x000000000010b2cc       0x20 /opt/syslinux/bios/com32/lib/libcom32core.a(printf.o)
                0x000000000010b2cc                printf
 .text          0x000000000010b2ec       0x27 /opt/syslinux/bios/com32/lib/libcom32core.a(strncmp.o)
                0x000000000010b2ec                strncmp
 .text          0x000000000010b313       0x4d /opt/syslinux/bios/com32/lib/libcom32core.a(vfprintf.o)
                0x000000000010b313                vfprintf
 .text          0x000000000010b360        0xf /opt/syslinux/bios/com32/lib/libcom32core.a(strlen.o)
                0x000000000010b360                strlen
 .text          0x000000000010b36f      0x856 /opt/syslinux/bios/com32/lib/libcom32core.a(vsnprintf.o)
                0x000000000010b36f                vsnprintf
 .text          0x000000000010bbc5       0x25 /opt/syslinux/bios/com32/lib/libcom32core.a(snprintf.o)
                0x000000000010bbc5                snprintf
 .text          0x000000000010bbea       0x17 /opt/syslinux/bios/com32/lib/libcom32core.a(stpcpy.o)
                0x000000000010bbea                stpcpy
 .text          0x000000000010bc01       0x20 /opt/syslinux/bios/com32/lib/libcom32core.a(strcmp.o)
                0x000000000010bc01                strcmp
 .text          0x000000000010bc21       0x38 /opt/syslinux/bios/com32/lib/libcom32core.a(strdup.o)
                0x000000000010bc21                strdup
 .text          0x000000000010bc59       0x10 /opt/syslinux/bios/com32/lib/libcom32core.a(strcpy.o)
                0x000000000010bc59                strcpy
 .text          0x000000000010bc69       0x19 /opt/syslinux/bios/com32/lib/libcom32core.a(strncpy.o)
                0x000000000010bc69                strncpy
 *fill*         0x000000000010bc82        0x2 90909090
 .text          0x000000000010bc84       0x2a /opt/syslinux/bios/com32/lib/libcom32core.a(setjmp.o)
                0x000000000010bc84                setjmp
                0x000000000010bc84                _setjmp
                0x000000000010bc9c                longjmp
 .text          0x000000000010bcae       0x71 /opt/syslinux/bios/com32/lib/libcom32core.a(fopen.o)
                0x000000000010bcae                fopen
 .text          0x000000000010bd1f       0x63 /opt/syslinux/bios/com32/lib/libcom32core.a(fread.o)
                0x000000000010bd1f                _fread
 .text          0x000000000010bd82       0x24 /opt/syslinux/bios/com32/lib/libcom32core.a(fread2.o)
                0x000000000010bd82                fread
 .text          0x000000000010bda6       0x36 /opt/syslinux/bios/com32/lib/libcom32core.a(puts.o)
                0x000000000010bda6                puts
 .text          0x000000000010bddc       0x16 /opt/syslinux/bios/com32/lib/libcom32core.a(strtoul.o)
                0x000000000010bddc                strtoul
 .text          0x000000000010bdf2      0x1c6 /opt/syslinux/bios/com32/lib/libcom32core.a(strntoumax.o)
                0x000000000010bdf2                strntoumax
 .text          0x000000000010bfb8       0x47 /opt/syslinux/bios/com32/lib/libcom32core.a(strcasecmp.o)
                0x000000000010bfb8                strcasecmp
 .text          0x000000000010bfff       0x24 /opt/syslinux/bios/com32/lib/libcom32core.a(sprintf.o)
                0x000000000010bfff                sprintf
 .text          0x000000000010c023       0x2f /opt/syslinux/bios/com32/lib/libcom32core.a(strlcat.o)
                0x000000000010c023                strlcat
 .text          0x000000000010c052       0x11 /opt/syslinux/bios/com32/lib/libcom32core.a(strchr.o)
                0x000000000010c052                strchr
 .text          0x000000000010c063       0x1f /opt/syslinux/bios/com32/lib/libcom32core.a(strlcpy.o)
                0x000000000010c063                strlcpy
 .text          0x000000000010c082       0x4e /opt/syslinux/bios/com32/lib/libcom32core.a(strncasecmp.o)
                0x000000000010c082                strncasecmp
 .text          0x000000000010c0d0        0x0 /opt/syslinux/bios/com32/lib/libcom32core.a(ctypes.o)
 .text          0x000000000010c0d0       0x31 /opt/syslinux/bios/com32/lib/libcom32core.a(fputs.o)
                0x000000000010c0d0                fputs
 .text          0x000000000010c101       0x24 /opt/syslinux/bios/com32/lib/libcom32core.a(fwrite2.o)
                0x000000000010c101                fwrite
 .text          0x000000000010c125       0x63 /opt/syslinux/bios/com32/lib/libcom32core.a(fwrite.o)
                0x000000000010c125                _fwrite
 .text          0x000000000010c188       0x31 /opt/syslinux/bios/com32/lib/libcom32core.a(fgetc.o)
                0x000000000010c188                fgetc
 .text          0x000000000010c1b9       0x14 /opt/syslinux/bios/com32/lib/libcom32core.a(fclose.o)
                0x000000000010c1b9                fclose
 .text          0x000000000010c1cd       0x4a /opt/syslinux/bios/com32/lib/libcom32core.a(lmalloc.o)
                0x000000000010c1cd                lzalloc
                0x000000000010c204                lfree
 .text          0x000000000010c217       0x1a /opt/syslinux/bios/com32/lib/libcom32core.a(err_read.o)
 .text          0x000000000010c231       0x1a /opt/syslinux/bios/com32/lib/libcom32core.a(err_write.o)
 .text          0x000000000010c24b        0x3 /opt/syslinux/bios/com32/lib/libcom32core.a(null_read.o)
 .text          0x000000000010c24e       0x6c /opt/syslinux/bios/com32/lib/libcom32core.a(stdcon_write.o)
 .text          0x000000000010c2ba       0x99 /opt/syslinux/bios/com32/lib/libcom32core.a(memscan.o)
                0x000000000010c2ba                syslinux_memscan_add
                0x000000000010c2e6                syslinux_memscan_new
                0x000000000010c314                syslinux_scan_memory
 .text          0x000000000010c353       0x16 /opt/syslinux/bios/com32/lib/libcom32core.a(strrchr.o)
                0x000000000010c353                strrchr
 .text          0x000000000010c369       0x2c /opt/syslinux/bios/com32/lib/libcom32core.a(strcat.o)
                0x000000000010c369                strcat
 *fill*         0x000000000010c395        0x3 90909090
 .text          0x000000000010c398       0x11 /opt/syslinux/bios/com32/lib/libcom32core.a(__ashldi3.o)
                0x000000000010c398                __ashldi3
 .text          0x000000000010c3a9       0x2f /opt/syslinux/bios/com32/lib/libcom32core.a(__udivdi3.o)
                0x000000000010c3a9                __udivdi3
 .text          0x000000000010c3d8        0x8 /opt/syslinux/bios/com32/lib/libcom32core.a(__negdi2.o)
                0x000000000010c3d8                __negdi2
 .text          0x000000000010c3e0       0x11 /opt/syslinux/bios/com32/lib/libcom32core.a(__ashrdi3.o)
                0x000000000010c3e0                __ashrdi3
 *fill*         0x000000000010c3f1        0x3 90909090
 .text          0x000000000010c3f4       0x11 /opt/syslinux/bios/com32/lib/libcom32core.a(__lshrdi3.o)
                0x000000000010c3f4                __lshrdi3
 *fill*         0x000000000010c405        0x3 90909090
 .text          0x000000000010c408       0x15 /opt/syslinux/bios/com32/lib/libcom32core.a(__muldi3.o)
                0x000000000010c408                __muldi3
 .text          0x000000000010c41d       0xa0 /opt/syslinux/bios/com32/lib/libcom32core.a(__udivmoddi4.o)
                0x000000000010c41d                __udivmoddi4
 .text          0x000000000010c4bd       0x3a /opt/syslinux/bios/com32/lib/libcom32core.a(__umoddi3.o)
                0x000000000010c4bd                __umoddi3
 .text          0x000000000010c4f7       0x5f /opt/syslinux/bios/com32/lib/libcom32core.a(__divdi3.o)
                0x000000000010c4f7                __divdi3
 .text          0x000000000010c556       0x6c /opt/syslinux/bios/com32/lib/libcom32core.a(__moddi3.o)
                0x000000000010c556                __moddi3
 .text          0x000000000010c5c2       0x1c /opt/syslinux/bios/com32/lib/libcom32core.a(debug.o)
                0x000000000010c5c2                syslinux_debug
 .text          0x000000000010c5de       0x20 /opt/syslinux/bios/com32/lib/libcom32core.a(intcall.o)
                0x000000000010c5de                __intcall
 .text          0x000000000010c5fe       0x53 /opt/syslinux/bios/com32/lib/libcom32core.a(farcall.o)
                0x000000000010c5fe                __farcall
 .text          0x000000000010c651       0x28 /opt/syslinux/bios/com32/lib/libcom32core.a(cfarcall.o)
                0x000000000010c651                __cfarcall
 .text          0x000000000010c679        0x0 /opt/syslinux/bios/com32/lib/libcom32core.a(zeroregs.o)
 .text          0x000000000010c679       0xad /opt/syslinux/bios/com32/lib/libcom32core.a(argv.o)
                0x000000000010c679                __parse_argv
 .text          0x000000000010c726       0x4a /opt/syslinux/bios/com32/lib/libcom32core.a(sleep.o)
                0x000000000010c726                msleep
                0x000000000010c757                sleep
 .text          0x000000000010c770        0x0 /opt/syslinux/bios/com32/lib/libcom32core.a(fileinfo.o)
 .text          0x000000000010c770       0xec /opt/syslinux/bios/com32/lib/libcom32core.a(opendev.o)
                0x000000000010c770                opendev
 .text          0x000000000010c85c       0x3f /opt/syslinux/bios/com32/lib/libcom32core.a(read.o)
                0x000000000010c85c                read
 .text          0x000000000010c89b       0x40 /opt/syslinux/bios/com32/lib/libcom32core.a(write.o)
                0x000000000010c89b                write
 .text          0x000000000010c8db       0x1c /opt/syslinux/bios/com32/lib/libcom32core.a(ftell.o)
                0x000000000010c8db                ftell
 .text          0x000000000010c8f7       0x86 /opt/syslinux/bios/com32/lib/libcom32core.a(close.o)
                0x000000000010c8f7                close
 .text          0x000000000010c97d       0x78 /opt/syslinux/bios/com32/lib/libcom32core.a(open.o)
                0x000000000010c97d                open
 .text          0x000000000010c9f5      0x116 /opt/syslinux/bios/com32/lib/libcom32core.a(fileread.o)
                0x000000000010c9f5                __file_get_block
                0x000000000010ca3f                __file_read
 .text          0x000000000010cb0b       0x1e /opt/syslinux/bios/com32/lib/libcom32core.a(fileclose.o)
                0x000000000010cb0b                __file_close
 .text          0x000000000010cb29       0x4e /opt/syslinux/bios/com32/lib/libcom32core.a(openmem.o)
                0x000000000010cb29                openmem
 .text          0x000000000010cb77       0x3a /opt/syslinux/bios/com32/lib/libcom32core.a(isatty.o)
                0x000000000010cb77                isatty
 .text          0x000000000010cbb1       0x67 /opt/syslinux/bios/com32/lib/libcom32core.a(fstat.o)
                0x000000000010cbb1                fstat
 .text          0x000000000010cc18        0x0 /opt/syslinux/bios/com32/lib/libcom32core.a(dprintf.o)
 .text          0x000000000010cc18        0x0 /opt/syslinux/bios/com32/lib/libcom32core.a(vdprintf.o)
 .text          0x000000000010cc18       0x26 /opt/syslinux/bios/com32/lib/libcom32core.a(idle.o)
                0x000000000010cc18                syslinux_reset_idle
                0x000000000010cc2b                syslinux_idle
 .text          0x000000000010cc3e       0x68 /opt/syslinux/bios/com32/lib/libcom32core.a(exit.o)
                0x000000000010cc3e                _exit
                0x000000000010cc60                exit
                0x000000000010cc95                _Exit
 .text          0x000000000010cca6      0x83f /opt/syslinux/bios/com32/lib/libcom32core.a(common.o)
                0x000000000010cca6                findpath
                0x000000000010cd3b                image_load
                0x000000000010cd6d                image_unload
                0x000000000010cda4                image_read
                0x000000000010cddc                image_skip
                0x000000000010ce31                image_seek
                0x000000000010ce55                modules_init
                0x000000000010ce58                modules_term
                0x000000000010ce59                module_alloc
                0x000000000010ced0                module_dep_alloc
                0x000000000010cef4                module_find
                0x000000000010cf41                check_header_common
                0x000000000010cf85                enforce_dependency
                0x000000000010cff3                clear_dependency
                0x000000000010d05b                module_unloadable
                0x000000000010d06e                _module_unload
                0x000000000010d0ed                module_unload
                0x000000000010d121                unload_modules_since
                0x000000000010d1ba                module_find_symbol
                0x000000000010d35d                check_symbols
                0x000000000010d457                global_find_symbol
 .text          0x000000000010d4e5      0x408 /opt/syslinux/bios/com32/lib/libcom32core.a(elf_module.o)
                0x000000000010d4e5                load_segments
                0x000000000010d714                perform_relocation
                0x000000000010d800                resolve_symbols
 .text          0x000000000010d8ed       0xde /opt/syslinux/bios/com32/lib/libcom32core.a(elfutils.o)
                0x000000000010d8ed                elf_hash
                0x000000000010d938                elf_gnu_hash
                0x000000000010d952                elf_malloc
                0x000000000010d9b5                elf_free
 .text          0x000000000010d9cb      0x16b /opt/syslinux/bios/com32/lib/libcom32core.a(exec.o)
                0x000000000010d9cb                get_module_type
                0x000000000010d9d9                spawn_load
                0x000000000010db23                exec_term
 .text          0x000000000010db36      0x45c /opt/syslinux/bios/com32/lib/libcom32core.a(elf_module.o)
                0x000000000010db36                undefined_symbol
                0x000000000010db52                module_load
 .text          0x000000000010df92       0x75 libldlinux.a(plaincon.o)
                0x000000000010df92                writechr
                0x000000000010e001                pm_writechr
 .text          0x000000000010e007      0x101 libldlinux.a(localboot.o)
                0x000000000010e007                local_boot
 .text          0x000000000010e108       0x2d libldlinux.a(ldlinux-c.o)
                0x000000000010e108                get_derivative_info
 *(.text.*)
 .text.__x86.get_pc_thunk.bx
                0x000000000010e135        0x4 /opt/syslinux/bios/com32/lib/libcom32core.a(printf.o)
                0x000000000010e135                __x86.get_pc_thunk.bx
 .text.__x86.get_pc_thunk.di
                0x000000000010e139        0x4 /opt/syslinux/bios/com32/lib/libcom32core.a(vsnprintf.o)
                0x000000000010e139                __x86.get_pc_thunk.di
 .text.__x86.get_pc_thunk.si
                0x000000000010e13d        0x4 /opt/syslinux/bios/com32/lib/libcom32core.a(strntoumax.o)
                0x000000000010e13d                __x86.get_pc_thunk.si
 .text.__x86.get_pc_thunk.cx
                0x000000000010e141        0x4 /opt/syslinux/bios/com32/lib/libcom32core.a(strcasecmp.o)
                0x000000000010e141                __x86.get_pc_thunk.cx
 .text.__x86.get_pc_thunk.ax
                0x000000000010e145        0x4 /opt/syslinux/bios/com32/lib/libcom32core.a(err_read.o)
                0x000000000010e145                __x86.get_pc_thunk.ax
 .text.__x86.get_pc_thunk.dx
                0x000000000010e149        0x4 /opt/syslinux/bios/com32/lib/libcom32core.a(memscan.o)
                0x000000000010e149                __x86.get_pc_thunk.dx
 .text.__x86.get_pc_thunk.bp
                0x000000000010e14d        0x4 /opt/syslinux/bios/com32/lib/libcom32core.a(memscan.o)
                0x000000000010e14d                __x86.get_pc_thunk.bp
                0x000000000010e151                __text_end = .

.plt            0x000000000010e160        0x0 load address 0x00000000000178c0
 .plt           0x000000000010e160        0x0 ldlinux.o

.plt.got        0x000000000010e158        0x0 load address 0x00000000000178b8
 .plt.got       0x000000000010e158        0x0 ldlinux.o

.rodata         0x000000000010e160     0x1505 load address 0x00000000000178c0
                0x000000000010e160                __rodata_start = .
 *(.rodata)
 .rodata        0x000000000010e160       0x20 ldlinux.o
                0x000000000010e17c                __syslinux_shuffler_size
 .rodata        0x000000000010e180       0x48 libcom32.a(xfs.o)
                0x000000000010e180                xfs_fs_ops
 *fill*         0x000000000010e1c8       0x18 
 .rodata        0x000000000010e1e0       0x48 libcom32.a(fat.o)
                0x000000000010e1e0                vfat_fs_ops
 *fill*         0x000000000010e228       0x18 
 .rodata        0x000000000010e240       0x68 libcom32.a(ufs.o)
                0x000000000010e260                ufs_fs_ops
 *fill*         0x000000000010e2a8       0x18 
 .rodata        0x000000000010e2c0       0x68 libcom32.a(ext2.o)
                0x000000000010e2e0                ext2_fs_ops
 *fill*         0x000000000010e328       0x18 
 .rodata        0x000000000010e340       0x48 libcom32.a(btrfs.o)
                0x000000000010e340                btrfs_fs_ops
 *fill*         0x000000000010e388       0x18 
 .rodata        0x000000000010e3a0       0x48 libcom32.a(ntfs.o)
                0x000000000010e3a0                ntfs_fs_ops
 *fill*         0x000000000010e3e8       0x18 
 .rodata        0x000000000010e400       0x44 libcom32.a(pmapi.o)
                0x000000000010e400                pm_api_vector
 .rodata        0x000000000010e444      0x620 libcom32.a(codepage.o)
                0x000000000010e444                codepage
 .rodata        0x000000000010ea64        0x6 libcom32.a(sysappend.o)
 *fill*         0x000000000010ea6a       0x16 
 .rodata        0x000000000010ea80       0xc8 libcom32.a(dmi.o)
 .rodata        0x000000000010eb48       0x7d /opt/syslinux/bios/com32/lib/libcom32core.a(vsnprintf.o)
 *fill*         0x000000000010ebc5       0x1b 
 .rodata        0x000000000010ebe0      0x101 /opt/syslinux/bios/com32/lib/libcom32core.a(ctypes.o)
                0x000000000010ebe0                __ctypes
 *fill*         0x000000000010ece1        0x3 
 .rodata        0x000000000010ece4       0x24 /opt/syslinux/bios/com32/lib/libcom32core.a(elf_module.o)
 *(.rodata.*)
 .rodata.str1.1
                0x000000000010ed08        0x2 libcom32.a(conio.o)
 .rodata.str1.1
                0x000000000010ed0a       0x7c libcom32.a(load_env32.o)
                                         0x90 (size before relaxing)
 .rodata.str1.1
                0x000000000010ed86       0x5b libcom32.a(xfs.o)
 .rodata.str1.1
                0x000000000010ede1        0xe libcom32.a(xfs_dir2.o)
                                         0x4f (size before relaxing)
 .rodata.str1.1
                0x000000000010edef       0x41 libcom32.a(fs.o)
                                         0x46 (size before relaxing)
 .rodata.str1.1
                0x000000000010ee30       0x25 libcom32.a(fat.o)
                                         0x62 (size before relaxing)
 .rodata.str1.1
                0x000000000010ee55        0x2 libcom32.a(chdir.o)
 .rodata.str1.1
                0x000000000010ee55       0x55 libcom32.a(ufs.o)
                                         0x82 (size before relaxing)
 .rodata.str1.1
                0x000000000010eeaa       0x5b libcom32.a(diskio_bios.o)
 .rodata.str1.1
                0x000000000010ef05        0x7 libcom32.a(searchconfig.o)
                                          0xa (size before relaxing)
 .rodata.str1.1
                0x000000000010ef0c       0x1b libcom32.a(loadconfig.o)
                                         0x36 (size before relaxing)
 .rodata.str1.1
                0x000000000010ef27       0xea libcom32.a(ext2.o)
                                        0x117 (size before relaxing)
 .rodata.str1.1
                0x000000000010f011       0x3f libcom32.a(bmap.o)
 .rodata.str1.1
                0x000000000010f050       0xe3 libcom32.a(btrfs.o)
 .rodata.str1.1
                0x000000000010f133      0x21b libcom32.a(ntfs.o)
                                        0x258 (size before relaxing)
 .rodata.str1.1
                0x000000000010f34e       0x3f libcom32.a(hello.o)
                                         0x44 (size before relaxing)
 .rodata.str1.1
                0x000000000010f38d        0x2 libcom32.a(font.o)
 .rodata.str1.1
                0x000000000010f38d       0xd2 libcom32.a(bios.o)
 .rodata.str1.1
                0x000000000010f45f       0x30 libcom32.a(free.o)
 .rodata.str1.1
                0x000000000010f48f       0x30 libcom32.a(sysappend.o)
                                          0xc (size before relaxing)
 .rodata.str1.1
                0x000000000010f48f       0x9b libcom32.a(dmi.o)
 .rodata.str1.1
                0x000000000010f52a        0x5 libcom32.a(root_thread.o)
 .rodata.str1.1
                0x000000000010f52f        0x7 /opt/syslinux/bios/com32/lib/libcom32core.a(vsnprintf.o)
 .rodata.str1.1
                0x000000000010f536        0x2 /opt/syslinux/bios/com32/lib/libcom32core.a(puts.o)
 .rodata.str1.1
                0x000000000010f536       0x1a /opt/syslinux/bios/com32/lib/libcom32core.a(debug.o)
 .rodata.str1.1
                0x000000000010f550       0x1a /opt/syslinux/bios/com32/lib/libcom32core.a(common.o)
                                         0x24 (size before relaxing)
 .rodata.str1.1
                0x000000000010f56a       0x11 /opt/syslinux/bios/com32/lib/libcom32core.a(elf_module.o)
 .rodata.str1.1
                0x000000000010f57b       0xcf /opt/syslinux/bios/com32/lib/libcom32core.a(elf_module.o)
 .rodata.str1.1
                0x000000000010f64a       0x1b libldlinux.a(localboot.o)
                0x000000000010f665                __rodata_end = .

.gnu.version_d  0x000000000010f668        0x0 load address 0x0000000000018dc8
 .gnu.version_d
                0x000000000010f668        0x0 ldlinux.o

.gnu.version    0x000000000010f666        0x0 load address 0x0000000000018dc6
 .gnu.version   0x000000000010f666        0x0 ldlinux.o

.gnu.version_r  0x000000000010f668        0x0 load address 0x0000000000018dc8
 .gnu.version_r
                0x000000000010f668        0x0 ldlinux.o

.ctors          0x000000000010f665        0x0 load address 0x0000000000018dc5
                0x000000000010f665                __ctors_start = .
 *(SORT(.ctors.*))
 *(.ctors)
                0x000000000010f665                __ctors_end = .

.dtors          0x000000000010f665        0x0 load address 0x0000000000018dc5
                0x000000000010f665                __dtors_start = .
 *(SORT(.dtors.*))
 *(.dtors)
                0x000000000010f665                __dtors_end = .

.dynsym         0x000000000010f668     0x15f0 load address 0x0000000000018dc8
                0x000000000010f668                __dynsym_start = .
 *(.dynsym)
 .dynsym        0x000000000010f668     0x15f0 ldlinux.o
                0x0000000000110c58                __dynsym_end = .
                0x00000000000015f0                __dynsym_len = (__dynsym_end - __dynsym_start)

.dynstr         0x0000000000110c58     0x105b load address 0x000000000001a3b8
                0x0000000000110c58                __dynstr_start = .
 *(.dynstr)
 .dynstr        0x0000000000110c58     0x105b ldlinux.o
                0x0000000000111cb3                __dynstr_end = .
                0x000000000000105b                __dynstr_len = (__dynstr_end - __dynstr_start)

.gnu.hash       0x0000000000111cb4      0xaa4 load address 0x000000000001b414
                0x0000000000111cb4                __gnu_hash_start = .
 *(.gnu.hash)
 .gnu.hash      0x0000000000111cb4      0xaa4 ldlinux.o
                0x0000000000112758                __gnu_hash_end = .

.rel.dyn        0x0000000000112758     0x1c10 load address 0x000000000001beb8
 .rel.plt       0x0000000000112758        0x0 ldlinux.o
 .rel.got       0x0000000000112758        0x8 ldlinux.o
 .rel.bss       0x0000000000112760        0x0 ldlinux.o
 .rel.data.rel.ro
                0x0000000000112760       0x10 ldlinux.o
 .rel.ifunc     0x0000000000112770        0x0 ldlinux.o
 .rel.text16    0x0000000000112770       0x98 ldlinux.o
 .rel.textnr    0x0000000000112808       0x88 ldlinux.o
 .rel.bcopyxx.text
                0x0000000000112890       0x28 ldlinux.o
 .rel.bcopyxx.data
                0x00000000001128b8        0x8 ldlinux.o
 .rel.data16    0x00000000001128c0       0x38 ldlinux.o
 .rel.rodata    0x00000000001128f8      0x348 ldlinux.o
 .rel.text      0x0000000000112c40     0x14c0 ldlinux.o
 .rel.data      0x0000000000114100      0x200 ldlinux.o
 .rel.prefix    0x0000000000114300       0x18 ldlinux.o
 .rel.data.rel.ro.local
                0x0000000000114318       0x28 ldlinux.o
 .rel.data.rel.local
                0x0000000000114340       0x10 ldlinux.o
 .rel.data.rel  0x0000000000114350       0x18 ldlinux.o

.dynlink        0x0000000000114368        0x0 load address 0x000000000001dac8
                0x0000000000114368                __dynlink_start = .
 *(.dynlink)
                0x0000000000114368                __dynlink_end = .

.got            0x0000000000114368       0x10 load address 0x000000000001dac8
                0x0000000000114368                __got_start = .
 *(.got)
 .got           0x0000000000114368        0x4 ldlinux.o
 *(.got.plt)
 .got.plt       0x000000000011436c        0xc ldlinux.o
                0x000000000011436c                _GLOBAL_OFFSET_TABLE_
                0x0000000000114378                __got_end = .

.dynamic        0x0000000000114378       0x90 load address 0x000000000001dad8
                0x0000000000114378                __dynamic_start = .
 *(.dynamic)
 .dynamic       0x0000000000114378       0x90 ldlinux.o
                0x0000000000114378                _DYNAMIC
                0x0000000000114408                __dynamic_end = .

.data           0x0000000000114420      0x548 load address 0x000000000001db80
                0x0000000000114420                __data_start = .
 *(.data)
 .data          0x0000000000114420        0x8 ldlinux.o
                0x0000000000114420                __syslinux_adv_ptr
                0x0000000000114424                __syslinux_adv_size
 .data          0x0000000000114428        0x0 libcom32.a(writestr.o)
 .data          0x0000000000114428        0x0 libcom32.a(idle.o)
 .data          0x0000000000114428        0x0 libcom32.a(cleanup.o)
 .data          0x0000000000114428        0x0 libcom32.a(init.o)
 .data          0x0000000000114428        0x6 libcom32.a(conio.o)
                0x0000000000114428                ScrollAttribute
                0x0000000000114429                DisplayMask
                0x000000000011442a                DisplayCon
                0x000000000011442c                BaudDivisor
 .data          0x000000000011442e        0x0 libcom32.a(writehex.o)
 *fill*         0x000000000011442e       0x12 
 .data          0x0000000000114440      0x298 libcom32.a(load_env32.o)
                0x0000000000114460                core_module
 .data          0x00000000001146d8        0x0 libcom32.a(getcwd.o)
 .data          0x00000000001146d8        0x0 libcom32.a(readdir.o)
 .data          0x00000000001146d8        0x0 libcom32.a(xfs.o)
 .data          0x00000000001146d8        0x0 libcom32.a(xfs_readdir.o)
 .data          0x00000000001146d8        0x0 libcom32.a(xfs_dir2.o)
 .data          0x00000000001146d8        0x0 libcom32.a(xfs_dinode.o)
 .data          0x00000000001146d8        0x2 libcom32.a(fs.o)
 .data          0x00000000001146da        0x0 libcom32.a(fat.o)
 .data          0x00000000001146da        0x0 libcom32.a(chdir.o)
 .data          0x00000000001146da        0x0 libcom32.a(diskio.o)
 .data          0x00000000001146da        0x0 libcom32.a(ufs.o)
 .data          0x00000000001146da        0x0 libcom32.a(bmap.o)
 .data          0x00000000001146da        0x0 libcom32.a(diskio_bios.o)
 .data          0x00000000001146da        0x0 libcom32.a(mangle.o)
 .data          0x00000000001146da        0x0 libcom32.a(searchconfig.o)
 .data          0x00000000001146da        0x0 libcom32.a(chdir.o)
 *fill*         0x00000000001146da        0x2 
 .data          0x00000000001146dc       0x20 libcom32.a(loadconfig.o)
 .data          0x00000000001146fc        0x0 libcom32.a(close.o)
 .data          0x00000000001146fc        0x0 libcom32.a(ext2.o)
 .data          0x00000000001146fc        0x0 libcom32.a(bmap.o)
 .data          0x00000000001146fc        0x0 libcom32.a(btrfs.o)
 .data          0x00000000001146fc        0x0 libcom32.a(ntfs.o)
 .data          0x00000000001146fc        0x0 libcom32.a(cache.o)
 .data          0x00000000001146fc        0x0 libcom32.a(pmapi.o)
 .data          0x00000000001146fc        0x0 libcom32.a(rllpack.o)
 .data          0x00000000001146fc        0xe libcom32.a(hello.o)
 *fill*         0x000000000011470a        0x2 
 .data          0x000000000011470c       0x14 libcom32.a(graphics.o)
                0x000000000011471e                VGAFontSize
 .data          0x0000000000114720        0x4 libcom32.a(font.o)
                0x0000000000114720                GXPixRows
                0x0000000000114722                GXPixCols
 *fill*         0x0000000000114724       0x1c 
 .data          0x0000000000114740       0xa4 libcom32.a(bios.o)
                0x0000000000114740                bios_fw
                0x000000000011476c                bios_mem_ops
                0x0000000000114784                bios_vesa_ops
                0x0000000000114790                bios_adv_ops
                0x0000000000114798                bios_input_ops
                0x00000000001147c0                bios_output_ops
 .data          0x00000000001147e4        0x8 libcom32.a(path.o)
                0x00000000001147e4                PATH
 .data          0x00000000001147ec        0x0 libcom32.a(init.o)
 .data          0x00000000001147ec        0x0 libcom32.a(lzo1x_f2.o)
 .data          0x00000000001147ec        0x0 libcom32.a(codepage.o)
 .data          0x00000000001147ec        0x0 libcom32.a(errno.o)
 .data          0x00000000001147ec        0x8 libcom32.a(serirq.o)
                0x00000000001147ec                SerialTail
                0x00000000001147f0                SerialHead
 .data          0x00000000001147f4        0xc libcom32.a(malloc.o)
                0x00000000001147f4                __malloc_semaphore
 .data          0x0000000000114800        0x0 libcom32.a(free.o)
 .data          0x0000000000114800       0x6d libcom32.a(sysappend.o)
 .data          0x000000000011486d        0x0 libcom32.a(kaboom.o)
 .data          0x000000000011486d        0x0 libcom32.a(call16.o)
 *fill*         0x000000000011486d        0x3 
 .data          0x0000000000114870       0x18 libcom32.a(dmi.o)
 .data          0x0000000000114888        0x0 libcom32.a(getfssec.o)
 .data          0x0000000000114888        0x0 libcom32.a(sem_asm.o)
 .data          0x0000000000114888        0x0 libcom32.a(semaphore.o)
 *fill*         0x0000000000114888       0x18 
 .data          0x00000000001148a0       0x48 libcom32.a(root_thread.o)
                0x00000000001148a0                __current
                0x00000000001148c0                __root_thread
 .data          0x00000000001148e8        0x0 libcom32.a(schedule.o)
 .data          0x00000000001148e8        0x0 libcom32.a(thread_asm.o)
 .data          0x00000000001148e8        0x0 libcom32.a(exit_thread.o)
 .data          0x00000000001148e8        0x0 /opt/syslinux/bios/com32/lib/libcom32core.a(memcpy.o)
 .data          0x00000000001148e8        0x0 /opt/syslinux/bios/com32/lib/libcom32core.a(memset.o)
 .data          0x00000000001148e8        0x0 /opt/syslinux/bios/com32/lib/libcom32core.a(memcmp.o)
 .data          0x00000000001148e8        0x0 /opt/syslinux/bios/com32/lib/libcom32core.a(printf.o)
 .data          0x00000000001148e8        0x0 /opt/syslinux/bios/com32/lib/libcom32core.a(strncmp.o)
 .data          0x00000000001148e8        0x0 /opt/syslinux/bios/com32/lib/libcom32core.a(vfprintf.o)
 .data          0x00000000001148e8        0x0 /opt/syslinux/bios/com32/lib/libcom32core.a(strlen.o)
 .data          0x00000000001148e8        0x0 /opt/syslinux/bios/com32/lib/libcom32core.a(vsnprintf.o)
 .data          0x00000000001148e8        0x0 /opt/syslinux/bios/com32/lib/libcom32core.a(snprintf.o)
 .data          0x00000000001148e8        0x0 /opt/syslinux/bios/com32/lib/libcom32core.a(stpcpy.o)
 .data          0x00000000001148e8        0x0 /opt/syslinux/bios/com32/lib/libcom32core.a(strcmp.o)
 .data          0x00000000001148e8        0x0 /opt/syslinux/bios/com32/lib/libcom32core.a(strdup.o)
 .data          0x00000000001148e8        0x0 /opt/syslinux/bios/com32/lib/libcom32core.a(strcpy.o)
 .data          0x00000000001148e8        0x0 /opt/syslinux/bios/com32/lib/libcom32core.a(strncpy.o)
 .data          0x00000000001148e8        0x0 /opt/syslinux/bios/com32/lib/libcom32core.a(setjmp.o)
 .data          0x00000000001148e8        0x0 /opt/syslinux/bios/com32/lib/libcom32core.a(fopen.o)
 .data          0x00000000001148e8        0x0 /opt/syslinux/bios/com32/lib/libcom32core.a(fread.o)
 .data          0x00000000001148e8        0x0 /opt/syslinux/bios/com32/lib/libcom32core.a(fread2.o)
 .data          0x00000000001148e8        0x0 /opt/syslinux/bios/com32/lib/libcom32core.a(puts.o)
 .data          0x00000000001148e8        0x0 /opt/syslinux/bios/com32/lib/libcom32core.a(strtoul.o)
 .data          0x00000000001148e8        0x0 /opt/syslinux/bios/com32/lib/libcom32core.a(strntoumax.o)
 .data          0x00000000001148e8        0x0 /opt/syslinux/bios/com32/lib/libcom32core.a(strcasecmp.o)
 .data          0x00000000001148e8        0x0 /opt/syslinux/bios/com32/lib/libcom32core.a(sprintf.o)
 .data          0x00000000001148e8        0x0 /opt/syslinux/bios/com32/lib/libcom32core.a(strlcat.o)
 .data          0x00000000001148e8        0x0 /opt/syslinux/bios/com32/lib/libcom32core.a(strchr.o)
 .data          0x00000000001148e8        0x0 /opt/syslinux/bios/com32/lib/libcom32core.a(strlcpy.o)
 .data          0x00000000001148e8        0x0 /opt/syslinux/bios/com32/lib/libcom32core.a(strncasecmp.o)
 .data          0x00000000001148e8        0x0 /opt/syslinux/bios/com32/lib/libcom32core.a(ctypes.o)
 .data          0x00000000001148e8        0x0 /opt/syslinux/bios/com32/lib/libcom32core.a(fputs.o)
 .data          0x00000000001148e8        0x0 /opt/syslinux/bios/com32/lib/libcom32core.a(fwrite2.o)
 .data          0x00000000001148e8        0x0 /opt/syslinux/bios/com32/lib/libcom32core.a(fwrite.o)
 .data          0x00000000001148e8        0x0 /opt/syslinux/bios/com32/lib/libcom32core.a(fgetc.o)
 .data          0x00000000001148e8        0x0 /opt/syslinux/bios/com32/lib/libcom32core.a(fclose.o)
 .data          0x00000000001148e8        0x0 /opt/syslinux/bios/com32/lib/libcom32core.a(lmalloc.o)
 .data          0x00000000001148e8        0x0 /opt/syslinux/bios/com32/lib/libcom32core.a(err_read.o)
 .data          0x00000000001148e8        0x0 /opt/syslinux/bios/com32/lib/libcom32core.a(err_write.o)
 .data          0x00000000001148e8        0x0 /opt/syslinux/bios/com32/lib/libcom32core.a(null_read.o)
 .data          0x00000000001148e8        0x0 /opt/syslinux/bios/com32/lib/libcom32core.a(stdcon_write.o)
 .data          0x00000000001148e8        0x0 /opt/syslinux/bios/com32/lib/libcom32core.a(memscan.o)
 .data          0x00000000001148e8        0x0 /opt/syslinux/bios/com32/lib/libcom32core.a(strrchr.o)
 .data          0x00000000001148e8        0x0 /opt/syslinux/bios/com32/lib/libcom32core.a(strcat.o)
 .data          0x00000000001148e8        0x0 /opt/syslinux/bios/com32/lib/libcom32core.a(__ashldi3.o)
 .data          0x00000000001148e8        0x0 /opt/syslinux/bios/com32/lib/libcom32core.a(__udivdi3.o)
 .data          0x00000000001148e8        0x0 /opt/syslinux/bios/com32/lib/libcom32core.a(__negdi2.o)
 .data          0x00000000001148e8        0x0 /opt/syslinux/bios/com32/lib/libcom32core.a(__ashrdi3.o)
 .data          0x00000000001148e8        0x0 /opt/syslinux/bios/com32/lib/libcom32core.a(__lshrdi3.o)
 .data          0x00000000001148e8        0x0 /opt/syslinux/bios/com32/lib/libcom32core.a(__muldi3.o)
 .data          0x00000000001148e8        0x0 /opt/syslinux/bios/com32/lib/libcom32core.a(__udivmoddi4.o)
 .data          0x00000000001148e8        0x0 /opt/syslinux/bios/com32/lib/libcom32core.a(__umoddi3.o)
 .data          0x00000000001148e8        0x0 /opt/syslinux/bios/com32/lib/libcom32core.a(__divdi3.o)
 .data          0x00000000001148e8        0x0 /opt/syslinux/bios/com32/lib/libcom32core.a(__moddi3.o)
 .data          0x00000000001148e8        0x0 /opt/syslinux/bios/com32/lib/libcom32core.a(debug.o)
 .data          0x00000000001148e8        0x0 /opt/syslinux/bios/com32/lib/libcom32core.a(intcall.o)
 .data          0x00000000001148e8        0x0 /opt/syslinux/bios/com32/lib/libcom32core.a(farcall.o)
 .data          0x00000000001148e8        0x0 /opt/syslinux/bios/com32/lib/libcom32core.a(cfarcall.o)
 .data          0x00000000001148e8        0x0 /opt/syslinux/bios/com32/lib/libcom32core.a(zeroregs.o)
 .data          0x00000000001148e8        0x0 /opt/syslinux/bios/com32/lib/libcom32core.a(argv.o)
 .data          0x00000000001148e8        0x0 /opt/syslinux/bios/com32/lib/libcom32core.a(sleep.o)
 .data          0x00000000001148e8        0x0 /opt/syslinux/bios/com32/lib/libcom32core.a(fileinfo.o)
 .data          0x00000000001148e8        0x0 /opt/syslinux/bios/com32/lib/libcom32core.a(opendev.o)
 .data          0x00000000001148e8        0x0 /opt/syslinux/bios/com32/lib/libcom32core.a(read.o)
 .data          0x00000000001148e8        0x0 /opt/syslinux/bios/com32/lib/libcom32core.a(write.o)
 .data          0x00000000001148e8        0x0 /opt/syslinux/bios/com32/lib/libcom32core.a(ftell.o)
 .data          0x00000000001148e8        0x0 /opt/syslinux/bios/com32/lib/libcom32core.a(close.o)
 .data          0x00000000001148e8        0x0 /opt/syslinux/bios/com32/lib/libcom32core.a(open.o)
 .data          0x00000000001148e8        0x0 /opt/syslinux/bios/com32/lib/libcom32core.a(fileread.o)
 .data          0x00000000001148e8        0x0 /opt/syslinux/bios/com32/lib/libcom32core.a(fileclose.o)
 .data          0x00000000001148e8        0x0 /opt/syslinux/bios/com32/lib/libcom32core.a(openmem.o)
 .data          0x00000000001148e8        0x0 /opt/syslinux/bios/com32/lib/libcom32core.a(isatty.o)
 .data          0x00000000001148e8        0x0 /opt/syslinux/bios/com32/lib/libcom32core.a(fstat.o)
 .data          0x00000000001148e8        0x0 /opt/syslinux/bios/com32/lib/libcom32core.a(dprintf.o)
 .data          0x00000000001148e8        0x0 /opt/syslinux/bios/com32/lib/libcom32core.a(vdprintf.o)
 .data          0x00000000001148e8        0x0 /opt/syslinux/bios/com32/lib/libcom32core.a(idle.o)
 .data          0x00000000001148e8        0x0 /opt/syslinux/bios/com32/lib/libcom32core.a(exit.o)
 .data          0x00000000001148e8        0x0 /opt/syslinux/bios/com32/lib/libcom32core.a(common.o)
 .data          0x00000000001148e8        0x0 /opt/syslinux/bios/com32/lib/libcom32core.a(elf_module.o)
 .data          0x00000000001148e8        0x0 /opt/syslinux/bios/com32/lib/libcom32core.a(elfutils.o)
 .data          0x00000000001148e8        0x0 /opt/syslinux/bios/com32/lib/libcom32core.a(exec.o)
 .data          0x00000000001148e8        0x0 /opt/syslinux/bios/com32/lib/libcom32core.a(elf_module.o)
 .data          0x00000000001148e8        0x0 libldlinux.a(plaincon.o)
 .data          0x00000000001148e8        0x0 libldlinux.a(localboot.o)
 .data          0x00000000001148e8        0x0 libldlinux.a(ldlinux-c.o)
 *(.data.*)
 .data.rel.ro   0x00000000001148e8        0x0 ldlinux.o
 .data.rel.ro.local
                0x00000000001148e8       0x14 /opt/syslinux/bios/com32/lib/libcom32core.a(err_read.o)
                0x00000000001148e8                dev_error_r
 .data.rel.ro.local
                0x00000000001148fc       0x18 /opt/syslinux/bios/com32/lib/libcom32core.a(err_write.o)
                0x00000000001148fc                dev_error_w
 .data.rel.ro.local
                0x0000000000114914       0x14 /opt/syslinux/bios/com32/lib/libcom32core.a(null_read.o)
                0x0000000000114914                dev_null_r
 .data.rel.ro.local
                0x0000000000114928       0x18 /opt/syslinux/bios/com32/lib/libcom32core.a(stdcon_write.o)
                0x0000000000114928                dev_stdcon_w
 .data.rel.local
                0x0000000000114940        0x8 /opt/syslinux/bios/com32/lib/libcom32core.a(memscan.o)
 .data.rel      0x0000000000114948        0x4 /opt/syslinux/bios/com32/lib/libcom32core.a(argv.o)
                0x0000000000114948                __mem_end
 .data.rel.ro   0x000000000011494c       0x14 /opt/syslinux/bios/com32/lib/libcom32core.a(open.o)
                0x000000000011494c                __file_dev
 .data.rel      0x0000000000114960        0x8 /opt/syslinux/bios/com32/lib/libcom32core.a(common.o)
                0x0000000000114960                modules_head
                0x0000000000114968                __data_end = .
                0x0000000000114968                __pm_code_end = .
                0x0000000000014968                __pm_code_len = (ABSOLUTE (__pm_code_end) - ABSOLUTE (__pm_code_start))
                0x000000000000525a                __pm_code_dwords = ((__pm_code_len + 0x3) >> 0x2)
                0x0000000000114980                . = ALIGN (0x80)
                0x0000000000114980                __bss_vma = .
                0x0000000000114980                __bss_lma = ABSOLUTE (.)

.bss            0x0000000000114980   0x205078
                0x0000000000114980                __bss_start = .
 *(.bss)
 .bss           0x0000000000114980        0x0 libcom32.a(writestr.o)
 .bss           0x0000000000114980        0x8 libcom32.a(idle.o)
                0x0000000000114980                NoHalt
 .bss           0x0000000000114988        0x0 libcom32.a(cleanup.o)
 .bss           0x0000000000114988        0x0 libcom32.a(init.o)
 .bss           0x0000000000114988        0x6 libcom32.a(conio.o)
                0x0000000000114988                FlowOutput
                0x0000000000114989                FlowIgnore
                0x000000000011498a                FlowInput
                0x000000000011498c                SerialPort
 .bss           0x000000000011498e        0x0 libcom32.a(writehex.o)
 *fill*         0x000000000011498e        0x2 
 .bss           0x0000000000114990       0x2c libcom32.a(load_env32.o)
 .bss           0x00000000001149bc        0x0 libcom32.a(getcwd.o)
 *fill*         0x00000000001149bc        0x4 
 .bss           0x00000000001149c0      0x10c libcom32.a(readdir.o)
 .bss           0x0000000000114acc        0x0 libcom32.a(xfs.o)
 .bss           0x0000000000114acc        0x0 libcom32.a(xfs_readdir.o)
 *fill*         0x0000000000114acc       0x14 
 .bss           0x0000000000114ae0      0xa20 libcom32.a(xfs_dir2.o)
 .bss           0x0000000000115500        0x0 libcom32.a(xfs_dinode.o)
 .bss           0x0000000000115500      0x144 libcom32.a(fs.o)
                0x0000000000115500                this_fs
 *fill*         0x0000000000115644       0x1c 
 .bss           0x0000000000115660      0x400 libcom32.a(fat.o)
 .bss           0x0000000000115a60        0x0 libcom32.a(chdir.o)
 .bss           0x0000000000115a60       0x18 libcom32.a(diskio.o)
 .bss           0x0000000000115a78        0x4 libcom32.a(ufs.o)
 .bss           0x0000000000115a7c        0xc libcom32.a(bmap.o)
 *fill*         0x0000000000115a88       0x18 
 .bss           0x0000000000115aa0       0x50 libcom32.a(diskio_bios.o)
 .bss           0x0000000000115af0        0x0 libcom32.a(mangle.o)
 .bss           0x0000000000115af0        0x0 libcom32.a(searchconfig.o)
 .bss           0x0000000000115af0        0x0 libcom32.a(chdir.o)
 .bss           0x0000000000115af0        0x0 libcom32.a(loadconfig.o)
 .bss           0x0000000000115af0        0x0 libcom32.a(close.o)
 .bss           0x0000000000115af0        0x0 libcom32.a(ext2.o)
 .bss           0x0000000000115af0        0x0 libcom32.a(bmap.o)
 *fill*         0x0000000000115af0       0x10 
 .bss           0x0000000000115b00      0x400 libcom32.a(btrfs.o)
 .bss           0x0000000000115f00        0x8 libcom32.a(ntfs.o)
 .bss           0x0000000000115f08        0x0 libcom32.a(cache.o)
 .bss           0x0000000000115f08        0x0 libcom32.a(pmapi.o)
 .bss           0x0000000000115f08        0x0 libcom32.a(rllpack.o)
 .bss           0x0000000000115f08        0x0 libcom32.a(hello.o)
 *fill*         0x0000000000115f08       0x18 
 .bss           0x0000000000115f20      0x470 libcom32.a(graphics.o)
                0x0000000000115f20                UsingVGA
 .bss           0x0000000000116390        0x1 libcom32.a(font.o)
                0x0000000000116390                UserFont
 *fill*         0x0000000000116391        0xf 
 .bss           0x00000000001163a0      0x28e libcom32.a(bios.o)
                0x00000000001163a0                firmware
 .bss           0x000000000011662e        0x0 libcom32.a(path.o)
 .bss           0x000000000011662e        0x0 libcom32.a(init.o)
 .bss           0x000000000011662e        0x0 libcom32.a(lzo1x_f2.o)
 .bss           0x000000000011662e        0x0 libcom32.a(codepage.o)
 .bss           0x000000000011662e        0x0 libcom32.a(errno.o)
 *fill*         0x000000000011662e       0x12 
 .bss           0x0000000000116640     0x1060 libcom32.a(serirq.o)
 .bss           0x00000000001176a0        0x0 libcom32.a(malloc.o)
 .bss           0x00000000001176a0        0x0 libcom32.a(free.o)
 .bss           0x00000000001176a0        0x0 libcom32.a(sysappend.o)
 .bss           0x00000000001176a0        0x0 libcom32.a(kaboom.o)
 .bss           0x00000000001176a0        0x0 libcom32.a(call16.o)
 .bss           0x00000000001176a0        0x4 libcom32.a(dmi.o)
 .bss           0x00000000001176a4        0x0 libcom32.a(getfssec.o)
 .bss           0x00000000001176a4        0x0 libcom32.a(sem_asm.o)
 .bss           0x00000000001176a4        0x0 libcom32.a(semaphore.o)
 .bss           0x00000000001176a4        0x0 libcom32.a(root_thread.o)
 .bss           0x00000000001176a4        0x1 libcom32.a(schedule.o)
 .bss           0x00000000001176a5        0x0 libcom32.a(thread_asm.o)
 .bss           0x00000000001176a5        0x0 libcom32.a(exit_thread.o)
 .bss           0x00000000001176a5        0x0 /opt/syslinux/bios/com32/lib/libcom32core.a(memcpy.o)
 .bss           0x00000000001176a5        0x0 /opt/syslinux/bios/com32/lib/libcom32core.a(memset.o)
 .bss           0x00000000001176a5        0x0 /opt/syslinux/bios/com32/lib/libcom32core.a(memcmp.o)
 .bss           0x00000000001176a5        0x0 /opt/syslinux/bios/com32/lib/libcom32core.a(printf.o)
 .bss           0x00000000001176a5        0x0 /opt/syslinux/bios/com32/lib/libcom32core.a(strncmp.o)
 .bss           0x00000000001176a5        0x0 /opt/syslinux/bios/com32/lib/libcom32core.a(vfprintf.o)
 .bss           0x00000000001176a5        0x0 /opt/syslinux/bios/com32/lib/libcom32core.a(strlen.o)
 .bss           0x00000000001176a5        0x0 /opt/syslinux/bios/com32/lib/libcom32core.a(vsnprintf.o)
 .bss           0x00000000001176a5        0x0 /opt/syslinux/bios/com32/lib/libcom32core.a(snprintf.o)
 .bss           0x00000000001176a5        0x0 /opt/syslinux/bios/com32/lib/libcom32core.a(stpcpy.o)
 .bss           0x00000000001176a5        0x0 /opt/syslinux/bios/com32/lib/libcom32core.a(strcmp.o)
 .bss           0x00000000001176a5        0x0 /opt/syslinux/bios/com32/lib/libcom32core.a(strdup.o)
 .bss           0x00000000001176a5        0x0 /opt/syslinux/bios/com32/lib/libcom32core.a(strcpy.o)
 .bss           0x00000000001176a5        0x0 /opt/syslinux/bios/com32/lib/libcom32core.a(strncpy.o)
 .bss           0x00000000001176a5        0x0 /opt/syslinux/bios/com32/lib/libcom32core.a(setjmp.o)
 .bss           0x00000000001176a5        0x0 /opt/syslinux/bios/com32/lib/libcom32core.a(fopen.o)
 .bss           0x00000000001176a5        0x0 /opt/syslinux/bios/com32/lib/libcom32core.a(fread.o)
 .bss           0x00000000001176a5        0x0 /opt/syslinux/bios/com32/lib/libcom32core.a(fread2.o)
 .bss           0x00000000001176a5        0x0 /opt/syslinux/bios/com32/lib/libcom32core.a(puts.o)
 .bss           0x00000000001176a5        0x0 /opt/syslinux/bios/com32/lib/libcom32core.a(strtoul.o)
 .bss           0x00000000001176a5        0x0 /opt/syslinux/bios/com32/lib/libcom32core.a(strntoumax.o)
 .bss           0x00000000001176a5        0x0 /opt/syslinux/bios/com32/lib/libcom32core.a(strcasecmp.o)
 .bss           0x00000000001176a5        0x0 /opt/syslinux/bios/com32/lib/libcom32core.a(sprintf.o)
 .bss           0x00000000001176a5        0x0 /opt/syslinux/bios/com32/lib/libcom32core.a(strlcat.o)
 .bss           0x00000000001176a5        0x0 /opt/syslinux/bios/com32/lib/libcom32core.a(strchr.o)
 .bss           0x00000000001176a5        0x0 /opt/syslinux/bios/com32/lib/libcom32core.a(strlcpy.o)
 .bss           0x00000000001176a5        0x0 /opt/syslinux/bios/com32/lib/libcom32core.a(strncasecmp.o)
 .bss           0x00000000001176a5        0x0 /opt/syslinux/bios/com32/lib/libcom32core.a(ctypes.o)
 .bss           0x00000000001176a5        0x0 /opt/syslinux/bios/com32/lib/libcom32core.a(fputs.o)
 .bss           0x00000000001176a5        0x0 /opt/syslinux/bios/com32/lib/libcom32core.a(fwrite2.o)
 .bss           0x00000000001176a5        0x0 /opt/syslinux/bios/com32/lib/libcom32core.a(fwrite.o)
 .bss           0x00000000001176a5        0x0 /opt/syslinux/bios/com32/lib/libcom32core.a(fgetc.o)
 .bss           0x00000000001176a5        0x0 /opt/syslinux/bios/com32/lib/libcom32core.a(fclose.o)
 .bss           0x00000000001176a5        0x0 /opt/syslinux/bios/com32/lib/libcom32core.a(lmalloc.o)
 .bss           0x00000000001176a5        0x0 /opt/syslinux/bios/com32/lib/libcom32core.a(err_read.o)
 .bss           0x00000000001176a5        0x0 /opt/syslinux/bios/com32/lib/libcom32core.a(err_write.o)
 .bss           0x00000000001176a5        0x0 /opt/syslinux/bios/com32/lib/libcom32core.a(null_read.o)
 .bss           0x00000000001176a5        0x0 /opt/syslinux/bios/com32/lib/libcom32core.a(stdcon_write.o)
 .bss           0x00000000001176a5        0x0 /opt/syslinux/bios/com32/lib/libcom32core.a(memscan.o)
 .bss           0x00000000001176a5        0x0 /opt/syslinux/bios/com32/lib/libcom32core.a(strrchr.o)
 .bss           0x00000000001176a5        0x0 /opt/syslinux/bios/com32/lib/libcom32core.a(strcat.o)
 .bss           0x00000000001176a5        0x0 /opt/syslinux/bios/com32/lib/libcom32core.a(__ashldi3.o)
 .bss           0x00000000001176a5        0x0 /opt/syslinux/bios/com32/lib/libcom32core.a(__udivdi3.o)
 .bss           0x00000000001176a5        0x0 /opt/syslinux/bios/com32/lib/libcom32core.a(__negdi2.o)
 .bss           0x00000000001176a5        0x0 /opt/syslinux/bios/com32/lib/libcom32core.a(__ashrdi3.o)
 .bss           0x00000000001176a5        0x0 /opt/syslinux/bios/com32/lib/libcom32core.a(__lshrdi3.o)
 .bss           0x00000000001176a5        0x0 /opt/syslinux/bios/com32/lib/libcom32core.a(__muldi3.o)
 .bss           0x00000000001176a5        0x0 /opt/syslinux/bios/com32/lib/libcom32core.a(__udivmoddi4.o)
 .bss           0x00000000001176a5        0x0 /opt/syslinux/bios/com32/lib/libcom32core.a(__umoddi3.o)
 .bss           0x00000000001176a5        0x0 /opt/syslinux/bios/com32/lib/libcom32core.a(__divdi3.o)
 .bss           0x00000000001176a5        0x0 /opt/syslinux/bios/com32/lib/libcom32core.a(__moddi3.o)
 .bss           0x00000000001176a5        0x0 /opt/syslinux/bios/com32/lib/libcom32core.a(debug.o)
 .bss           0x00000000001176a5        0x0 /opt/syslinux/bios/com32/lib/libcom32core.a(intcall.o)
 .bss           0x00000000001176a5        0x0 /opt/syslinux/bios/com32/lib/libcom32core.a(farcall.o)
 .bss           0x00000000001176a5        0x0 /opt/syslinux/bios/com32/lib/libcom32core.a(cfarcall.o)
 .bss           0x00000000001176a5        0x0 /opt/syslinux/bios/com32/lib/libcom32core.a(zeroregs.o)
 .bss           0x00000000001176a5        0x0 /opt/syslinux/bios/com32/lib/libcom32core.a(argv.o)
 .bss           0x00000000001176a5        0x0 /opt/syslinux/bios/com32/lib/libcom32core.a(sleep.o)
 .bss           0x00000000001176a5        0x0 /opt/syslinux/bios/com32/lib/libcom32core.a(fileinfo.o)
 .bss           0x00000000001176a5        0x0 /opt/syslinux/bios/com32/lib/libcom32core.a(opendev.o)
 .bss           0x00000000001176a5        0x0 /opt/syslinux/bios/com32/lib/libcom32core.a(read.o)
 .bss           0x00000000001176a5        0x0 /opt/syslinux/bios/com32/lib/libcom32core.a(write.o)
 .bss           0x00000000001176a5        0x0 /opt/syslinux/bios/com32/lib/libcom32core.a(ftell.o)
 .bss           0x00000000001176a5        0x0 /opt/syslinux/bios/com32/lib/libcom32core.a(close.o)
 .bss           0x00000000001176a5        0x0 /opt/syslinux/bios/com32/lib/libcom32core.a(open.o)
 .bss           0x00000000001176a5        0x0 /opt/syslinux/bios/com32/lib/libcom32core.a(fileread.o)
 .bss           0x00000000001176a5        0x0 /opt/syslinux/bios/com32/lib/libcom32core.a(fileclose.o)
 .bss           0x00000000001176a5        0x0 /opt/syslinux/bios/com32/lib/libcom32core.a(openmem.o)
 .bss           0x00000000001176a5        0x0 /opt/syslinux/bios/com32/lib/libcom32core.a(isatty.o)
 .bss           0x00000000001176a5        0x0 /opt/syslinux/bios/com32/lib/libcom32core.a(fstat.o)
 .bss           0x00000000001176a5        0x0 /opt/syslinux/bios/com32/lib/libcom32core.a(dprintf.o)
 .bss           0x00000000001176a5        0x0 /opt/syslinux/bios/com32/lib/libcom32core.a(vdprintf.o)
 .bss           0x00000000001176a5        0x0 /opt/syslinux/bios/com32/lib/libcom32core.a(idle.o)
 .bss           0x00000000001176a5        0x0 /opt/syslinux/bios/com32/lib/libcom32core.a(exit.o)
 .bss           0x00000000001176a5        0x0 /opt/syslinux/bios/com32/lib/libcom32core.a(common.o)
 .bss           0x00000000001176a5        0x0 /opt/syslinux/bios/com32/lib/libcom32core.a(elf_module.o)
 .bss           0x00000000001176a5        0x0 /opt/syslinux/bios/com32/lib/libcom32core.a(elfutils.o)
 *fill*         0x00000000001176a5        0x3 
 .bss           0x00000000001176a8        0x4 /opt/syslinux/bios/com32/lib/libcom32core.a(exec.o)
                0x00000000001176a8                __syslinux_current
 .bss           0x00000000001176ac        0x0 /opt/syslinux/bios/com32/lib/libcom32core.a(elf_module.o)
 .bss           0x00000000001176ac        0x0 libldlinux.a(plaincon.o)
 .bss           0x00000000001176ac        0x0 libldlinux.a(localboot.o)
 .bss           0x00000000001176ac        0x0 libldlinux.a(ldlinux-c.o)
 *(.bss.*)
 *(COMMON)
 COMMON         0x00000000001176ac        0x4 libcom32.a(idle.o)
                0x00000000001176ac                idle_hook_func
 *fill*         0x00000000001176b0       0x10 
 COMMON         0x00000000001176c0       0x90 libcom32.a(init.o)
                0x00000000001176c0                bios_free_mem
                0x00000000001176e0                __core_malloc_head
 COMMON         0x0000000000117750        0x4 libcom32.a(conio.o)
                0x0000000000117750                _screensize
                0x0000000000117752                _cursor
 *fill*         0x0000000000117754        0xc 
 COMMON         0x0000000000117760      0x600 libcom32.a(fs.o)
                0x0000000000117760                files
 COMMON         0x0000000000117d60      0x200 libcom32.a(searchconfig.o)
                0x0000000000117d60                ConfigName
                0x0000000000117e60                config_cwd
 COMMON         0x0000000000117f60        0x8 libcom32.a(ntfs.o)
                0x0000000000117f60                NTFS_RECORD
 *fill*         0x0000000000117f68       0x18 
 COMMON         0x0000000000117f80      0x224 libcom32.a(graphics.o)
                0x0000000000117f80                VGAPos
                0x0000000000117fa0                VGAFileBuf
                0x00000000001180a0                VGAFileMBuf
                0x00000000001181a0                VGAFilePtr
 *fill*         0x00000000001181a4       0x1c 
 COMMON         0x00000000001181c0      0x103 libcom32.a(bios.o)
                0x00000000001181c0                KbdMap
                0x00000000001182c0                PXERetry
                0x00000000001182c2                KbdFlags
 *fill*         0x00000000001182c3        0x1 
 COMMON         0x00000000001182c4        0x4 libcom32.a(errno.o)
                0x00000000001182c4                errno
 *fill*         0x00000000001182c8       0x18 
 COMMON         0x00000000001182e0       0x6c libcom32.a(sysappend.o)
                0x00000000001182e0                SysAppends
                0x0000000000118300                sysappend_strings
 *fill*         0x000000000011834c       0x14 
 COMMON         0x0000000000118360       0x2c libcom32.a(call16.o)
                0x0000000000118360                zero_regs
 COMMON         0x000000000011838c        0x4 libcom32.a(schedule.o)
                0x000000000011838c                sched_hook_func
 *fill*         0x0000000000118390       0x10 
 COMMON         0x00000000001183a0       0x2c /opt/syslinux/bios/com32/lib/libcom32core.a(zeroregs.o)
                0x00000000001183a0                __com32_zero_regs
 *fill*         0x00000000001183cc       0x14 
 COMMON         0x00000000001183e0   0x201600 /opt/syslinux/bios/com32/lib/libcom32core.a(fileinfo.o)
                0x00000000001183e0                __file_info
 COMMON         0x00000000003199e0       0x18 /opt/syslinux/bios/com32/lib/libcom32core.a(exec.o)
                0x00000000003199e0                __process_exit_jmp
                0x00000000003199f8                __bss_end = .
                0x0000000000205078                __bss_len = (ABSOLUTE (__bss_end) - ABSOLUTE (__bss_start))
                0x000000000008141e                __bss_dwords = ((__bss_len + 0x3) >> 0x2)
                0x00000000003199f8                __hugebss_vma = .
                0x00000000003199f8                __hugebss_lma = ABSOLUTE (.)

.savedata       0x0000000000319a00        0x0
 .savedata      0x0000000000319a00        0x0 ldlinux.o

.dynbss         0x00000000003199f8        0x0
 .dynbss        0x00000000003199f8        0x0 ldlinux.o

.hugebss        0x00000000003199f8        0x0
                0x00000000003199f8                __hugebss_start = .
 *(.hugebss)
 *(.hugebss.*)
                0x00000000003199f8                __hugebss_end = .
                0x0000000000000000                __hugebss_len = (ABSOLUTE (__hugebss_end) - ABSOLUTE (__hugebss_start))
                0x0000000000000000                __hugebss_dwords = ((__hugebss_len + 0x3) >> 0x2)
                0x00000000003199f8                __stack_vma = .
                0x00000000003199f8                __stack_lma = ABSOLUTE (.)

.stack          0x000000000031a000    0x10000 load address 0x00000000003199f8
                0x000000000031a000                __stack_start = .
 *(.stack)
 .stack         0x000000000031a000    0x10000 ldlinux.o
                0x000000000032a000                __stack_end = .
                0x0000000000010000                __stack_len = (ABSOLUTE (__stack_end) - ABSOLUTE (__stack_start))
                0x0000000000004000                __stack_dwords = ((__stack_len + 0x3) >> 0x2)
                0x000000000032a000                _end = .
                0x000000000032a000                . = ALIGN (0x1000)
                0x000000000032a000                free_high_memory = .

/DISCARD/
 *(.eh_frame)
 *(.interp)
LOAD ldlinux.o
START GROUP
LOAD libcom32.a
LOAD /opt/syslinux/bios/com32/lib/libcom32core.a
LOAD libldlinux.a
END GROUP
OUTPUT(ldlinux.elf elf32-i386)

.debug_aranges  0x0000000000000000     0x1108
 .debug_aranges
                0x0000000000000000       0x48 ldlinux.o
 .debug_aranges
                0x0000000000000048       0x20 libcom32.a(writestr.o)
 .debug_aranges
                0x0000000000000068       0x20 libcom32.a(idle.o)
 .debug_aranges
                0x0000000000000088       0x20 libcom32.a(cleanup.o)
 .debug_aranges
                0x00000000000000a8       0x20 libcom32.a(init.o)
 .debug_aranges
                0x00000000000000c8       0x20 libcom32.a(conio.o)
 .debug_aranges
                0x00000000000000e8       0x20 libcom32.a(writehex.o)
 .debug_aranges
                0x0000000000000108       0x20 libcom32.a(load_env32.o)
 .debug_aranges
                0x0000000000000128       0x20 libcom32.a(getcwd.o)
 .debug_aranges
                0x0000000000000148       0x20 libcom32.a(readdir.o)
 .debug_aranges
                0x0000000000000168       0x20 libcom32.a(xfs.o)
 .debug_aranges
                0x0000000000000188       0x20 libcom32.a(xfs_readdir.o)
 .debug_aranges
                0x00000000000001a8       0x20 libcom32.a(xfs_dir2.o)
 .debug_aranges
                0x00000000000001c8       0x20 libcom32.a(xfs_dinode.o)
 .debug_aranges
                0x00000000000001e8       0x20 libcom32.a(fs.o)
 .debug_aranges
                0x0000000000000208       0x20 libcom32.a(fat.o)
 .debug_aranges
                0x0000000000000228       0x20 libcom32.a(chdir.o)
 .debug_aranges
                0x0000000000000248       0x20 libcom32.a(diskio.o)
 .debug_aranges
                0x0000000000000268       0x20 libcom32.a(ufs.o)
 .debug_aranges
                0x0000000000000288       0x20 libcom32.a(bmap.o)
 .debug_aranges
                0x00000000000002a8       0x20 libcom32.a(diskio_bios.o)
 .debug_aranges
                0x00000000000002c8       0x20 libcom32.a(mangle.o)
 .debug_aranges
                0x00000000000002e8       0x20 libcom32.a(searchconfig.o)
 .debug_aranges
                0x0000000000000308       0x20 libcom32.a(chdir.o)
 .debug_aranges
                0x0000000000000328       0x20 libcom32.a(loadconfig.o)
 .debug_aranges
                0x0000000000000348       0x20 libcom32.a(close.o)
 .debug_aranges
                0x0000000000000368       0x20 libcom32.a(ext2.o)
 .debug_aranges
                0x0000000000000388       0x20 libcom32.a(bmap.o)
 .debug_aranges
                0x00000000000003a8       0x20 libcom32.a(btrfs.o)
 .debug_aranges
                0x00000000000003c8       0x20 libcom32.a(ntfs.o)
 .debug_aranges
                0x00000000000003e8       0x20 libcom32.a(cache.o)
 .debug_aranges
                0x0000000000000408       0x18 libcom32.a(pmapi.o)
 .debug_aranges
                0x0000000000000420       0x20 libcom32.a(rllpack.o)
 .debug_aranges
                0x0000000000000440       0x20 libcom32.a(hello.o)
 .debug_aranges
                0x0000000000000460       0x20 libcom32.a(graphics.o)
 .debug_aranges
                0x0000000000000480       0x20 libcom32.a(font.o)
 .debug_aranges
                0x00000000000004a0       0x20 libcom32.a(bios.o)
 .debug_aranges
                0x00000000000004c0       0x20 libcom32.a(path.o)
 .debug_aranges
                0x00000000000004e0       0x20 libcom32.a(init.o)
 .debug_aranges
                0x0000000000000500       0x20 libcom32.a(lzo1x_f2.o)
 .debug_aranges
                0x0000000000000520       0x18 libcom32.a(errno.o)
 .debug_aranges
                0x0000000000000538       0x20 libcom32.a(serirq.o)
 .debug_aranges
                0x0000000000000558       0x20 libcom32.a(malloc.o)
 .debug_aranges
                0x0000000000000578       0x20 libcom32.a(free.o)
 .debug_aranges
                0x0000000000000598       0x20 libcom32.a(sysappend.o)
 .debug_aranges
                0x00000000000005b8       0x20 libcom32.a(kaboom.o)
 .debug_aranges
                0x00000000000005d8       0x20 libcom32.a(call16.o)
 .debug_aranges
                0x00000000000005f8       0x20 libcom32.a(dmi.o)
 .debug_aranges
                0x0000000000000618       0x20 libcom32.a(getfssec.o)
 .debug_aranges
                0x0000000000000638       0x20 libcom32.a(sem_asm.o)
 .debug_aranges
                0x0000000000000658       0x20 libcom32.a(semaphore.o)
 .debug_aranges
                0x0000000000000678       0x18 libcom32.a(root_thread.o)
 .debug_aranges
                0x0000000000000690       0x20 libcom32.a(schedule.o)
 .debug_aranges
                0x00000000000006b0       0x20 libcom32.a(thread_asm.o)
 .debug_aranges
                0x00000000000006d0       0x20 libcom32.a(exit_thread.o)
 .debug_aranges
                0x00000000000006f0       0x20 /opt/syslinux/bios/com32/lib/libcom32core.a(memcpy.o)
 .debug_aranges
                0x0000000000000710       0x20 /opt/syslinux/bios/com32/lib/libcom32core.a(memset.o)
 .debug_aranges
                0x0000000000000730       0x20 /opt/syslinux/bios/com32/lib/libcom32core.a(memcmp.o)
 .debug_aranges
                0x0000000000000750       0x20 /opt/syslinux/bios/com32/lib/libcom32core.a(printf.o)
 .debug_aranges
                0x0000000000000770       0x20 /opt/syslinux/bios/com32/lib/libcom32core.a(strncmp.o)
 .debug_aranges
                0x0000000000000790       0x20 /opt/syslinux/bios/com32/lib/libcom32core.a(vfprintf.o)
 .debug_aranges
                0x00000000000007b0       0x20 /opt/syslinux/bios/com32/lib/libcom32core.a(strlen.o)
 .debug_aranges
                0x00000000000007d0       0x20 /opt/syslinux/bios/com32/lib/libcom32core.a(vsnprintf.o)
 .debug_aranges
                0x00000000000007f0       0x20 /opt/syslinux/bios/com32/lib/libcom32core.a(snprintf.o)
 .debug_aranges
                0x0000000000000810       0x20 /opt/syslinux/bios/com32/lib/libcom32core.a(stpcpy.o)
 .debug_aranges
                0x0000000000000830       0x20 /opt/syslinux/bios/com32/lib/libcom32core.a(strcmp.o)
 .debug_aranges
                0x0000000000000850       0x20 /opt/syslinux/bios/com32/lib/libcom32core.a(strdup.o)
 .debug_aranges
                0x0000000000000870       0x20 /opt/syslinux/bios/com32/lib/libcom32core.a(strcpy.o)
 .debug_aranges
                0x0000000000000890       0x20 /opt/syslinux/bios/com32/lib/libcom32core.a(strncpy.o)
 .debug_aranges
                0x00000000000008b0       0x20 /opt/syslinux/bios/com32/lib/libcom32core.a(setjmp.o)
 .debug_aranges
                0x00000000000008d0       0x20 /opt/syslinux/bios/com32/lib/libcom32core.a(fopen.o)
 .debug_aranges
                0x00000000000008f0       0x20 /opt/syslinux/bios/com32/lib/libcom32core.a(fread.o)
 .debug_aranges
                0x0000000000000910       0x20 /opt/syslinux/bios/com32/lib/libcom32core.a(fread2.o)
 .debug_aranges
                0x0000000000000930       0x20 /opt/syslinux/bios/com32/lib/libcom32core.a(puts.o)
 .debug_aranges
                0x0000000000000950       0x20 /opt/syslinux/bios/com32/lib/libcom32core.a(strtoul.o)
 .debug_aranges
                0x0000000000000970       0x20 /opt/syslinux/bios/com32/lib/libcom32core.a(strntoumax.o)
 .debug_aranges
                0x0000000000000990       0x20 /opt/syslinux/bios/com32/lib/libcom32core.a(strcasecmp.o)
 .debug_aranges