Archive member included to satisfy reference by file (symbol)

libcom32.a(writestr.o)        lpxelinux.o (crlf)
libcom32.a(idle.o)            lpxelinux.o (reset_idle)
libcom32.a(cleanup.o)         lpxelinux.o (cleanup_hardware)
libcom32.a(init.o)            lpxelinux.o (mem_init)
libcom32.a(conio.o)           lpxelinux.o (pm_write_serial)
libcom32.a(writehex.o)        lpxelinux.o (pm_writehex2)
libcom32.a(load_env32.o)      lpxelinux.o (load_env32)
libcom32.a(getcwd.o)          libcom32.a(load_env32.o) (core_getcwd)
libcom32.a(readdir.o)         lpxelinux.o (opendir)
libcom32.a(fs.o)              libcom32.a(readdir.o) (_close_file)
libcom32.a(chdir.o)           lpxelinux.o (pm_realpath)
libcom32.a(diskio.o)          libcom32.a(fs.o) (device_init)
libcom32.a(diskio_bios.o)     lpxelinux.o (pm_fs_init)
libcom32.a(searchconfig.o)    libcom32.a(load_env32.o) (search_dirs)
libcom32.a(cache.o)           libcom32.a(fs.o) (cache_init)
libcom32.a(pmapi.o)           lpxelinux.o (pm_api_vector)
libcom32.a(rllpack.o)         lpxelinux.o (rllpack)
libcom32.a(hello.o)           lpxelinux.o (hello)
libcom32.a(graphics.o)        lpxelinux.o (syslinux_force_text_mode)
libcom32.a(font.o)            libcom32.a(graphics.o) (use_font)
libcom32.a(bios.o)            libcom32.a(conio.o) (KbdMap)
libcom32.a(path.o)            libcom32.a(load_env32.o) (path_add)
libcom32.a(init.o)            lpxelinux.o (init)
libcom32.a(lzo1x_f2.o)        lpxelinux.o (_lzo1x_decompress_asm_fast_safe)
libcom32.a(errno.o)           libcom32.a(fs.o) (errno)
libcom32.a(serirq.o)          libcom32.a(conio.o) (SerialHead)
libcom32.a(malloc.o)          libcom32.a(bios.o) (bios_malloc)
libcom32.a(free.o)            libcom32.a(bios.o) (bios_free)
libcom32.a(sysappend.o)       libcom32.a(pmapi.o) (sysappend_strings)
libcom32.a(kaboom.o)          libcom32.a(bios.o) (_kaboom)
libcom32.a(call16.o)          libcom32.a(bios.o) (call16)
libcom32.a(dmi.o)             libcom32.a(bios.o) (dmi_init)
libcom32.a(sem_asm.o)         libcom32.a(malloc.o) (sem_down)
libcom32.a(semaphore.o)       libcom32.a(sem_asm.o) (__sem_down_slow)
libcom32.a(root_thread.o)     libcom32.a(semaphore.o) (__current)
libcom32.a(schedule.o)        libcom32.a(semaphore.o) (__schedule)
libcom32.a(thread_asm.o)      libcom32.a(schedule.o) (__switch_to)
libcom32.a(exit_thread.o)     libcom32.a(thread_asm.o) (__exit_thread)
/opt/syslinux/bios/com32/lib/libcom32core.a(memcpy.o)
                              (--whole-archive)
/opt/syslinux/bios/com32/lib/libcom32core.a(memset.o)
                              (--whole-archive)
/opt/syslinux/bios/com32/lib/libcom32core.a(memcmp.o)
                              (--whole-archive)
/opt/syslinux/bios/com32/lib/libcom32core.a(printf.o)
                              (--whole-archive)
/opt/syslinux/bios/com32/lib/libcom32core.a(strncmp.o)
                              (--whole-archive)
/opt/syslinux/bios/com32/lib/libcom32core.a(vfprintf.o)
                              (--whole-archive)
/opt/syslinux/bios/com32/lib/libcom32core.a(strlen.o)
                              (--whole-archive)
/opt/syslinux/bios/com32/lib/libcom32core.a(vsnprintf.o)
                              (--whole-archive)
/opt/syslinux/bios/com32/lib/libcom32core.a(snprintf.o)
                              (--whole-archive)
/opt/syslinux/bios/com32/lib/libcom32core.a(stpcpy.o)
                              (--whole-archive)
/opt/syslinux/bios/com32/lib/libcom32core.a(strcmp.o)
                              (--whole-archive)
/opt/syslinux/bios/com32/lib/libcom32core.a(strdup.o)
                              (--whole-archive)
/opt/syslinux/bios/com32/lib/libcom32core.a(strcpy.o)
                              (--whole-archive)
/opt/syslinux/bios/com32/lib/libcom32core.a(strncpy.o)
                              (--whole-archive)
/opt/syslinux/bios/com32/lib/libcom32core.a(setjmp.o)
                              (--whole-archive)
/opt/syslinux/bios/com32/lib/libcom32core.a(fopen.o)
                              (--whole-archive)
/opt/syslinux/bios/com32/lib/libcom32core.a(fread.o)
                              (--whole-archive)
/opt/syslinux/bios/com32/lib/libcom32core.a(fread2.o)
                              (--whole-archive)
/opt/syslinux/bios/com32/lib/libcom32core.a(puts.o)
                              (--whole-archive)
/opt/syslinux/bios/com32/lib/libcom32core.a(strtoul.o)
                              (--whole-archive)
/opt/syslinux/bios/com32/lib/libcom32core.a(strntoumax.o)
                              (--whole-archive)
/opt/syslinux/bios/com32/lib/libcom32core.a(strcasecmp.o)
                              (--whole-archive)
/opt/syslinux/bios/com32/lib/libcom32core.a(sprintf.o)
                              (--whole-archive)
/opt/syslinux/bios/com32/lib/libcom32core.a(strlcat.o)
                              (--whole-archive)
/opt/syslinux/bios/com32/lib/libcom32core.a(strchr.o)
                              (--whole-archive)
/opt/syslinux/bios/com32/lib/libcom32core.a(strlcpy.o)
[...]
Memory Configuration

Name             Origin             Length             Attributes
*default*        0x0000000000000000 0xffffffffffffffff

Linker script and memory map

                0x0000000000010000                STACK32_LEN = 0x10000
                0x0000000000000000                . = 0x0
                0x0000000000000000                __module_start = ABSOLUTE (.)

.prefix         0x0000000000000000       0x14
 *(.prefix)
 .prefix        0x0000000000000000       0x14 lpxelinux.o
                0x0000000000001000                . = 0x1000

.earlybss       0x0000000000001000     0x280c
                0x0000000000001000                __earlybss_start = .
 *(.earlybss)
 .earlybss      0x0000000000001000     0x280c lpxelinux.o
                0x0000000000001000                trackbuf
                0x0000000000003000                InitStack
                0x0000000000003808                RealModeSSSP
                0x000000000000380c                __earlybss_end = .
                0x000000000000280c                __earlybss_len = (ABSOLUTE (__earlybss_end) - ABSOLUTE (__earlybss_start))
                0x0000000000000a03                __earlybss_dwords = ((__earlybss_len + 0x3) >> 0x2)
                0x000000000000380c                . = ALIGN (0x4)

.bss16          0x0000000000003810      0x25e
                0x0000000000003810                __bss16_start = .
 *(.bss16)
 .bss16         0x0000000000003810      0x259 lpxelinux.o
                0x0000000000003814                RebootTime
                0x000000000000381a                DHCPMagic
                0x000000000000381b                BIOSName
                0x0000000000003834                KernelName
                0x0000000000003934                CurrentDirName
                0x0000000000003a4c                pxe_irq_count
                0x0000000000003a50                pxe_irq_vector
                0x0000000000003a51                pxe_irq_pending
                0x0000000000003a52                pxe_need_poll
                0x0000000000003a65                OrigFDCTabPtr
 *fill*         0x0000000000003a69        0x1 
 .bss16         0x0000000000003a6a        0x4 libcom32.a(fs.o)
                0x0000000000003a6a                SectorShift
                0x0000000000003a6c                SectorSize
                0x0000000000003a6e                __bss16_end = .
                0x000000000000025e                __bss16_len = (ABSOLUTE (__bss16_end) - ABSOLUTE (__bss16_start))
                0x0000000000000098                __bss16_dwords = ((__bss16_len + 0x3) >> 0x2)
                0x0000000000003a70                . = ALIGN (0x4)

.config         0x0000000000003a70        0x0 load address 0x0000000000008a58
                0x0000000000003a70                __config_start = .
 *(.config)
 .config        0x0000000000003a70        0x0 lpxelinux.o
                0x0000000000003a70                __config_end = .
                0x0000000000000000                __config_len = (ABSOLUTE (__config_end) - ABSOLUTE (__config_start))
                0x0000000000000000                __config_dwords = ((__config_len + 0x3) >> 0x2)
                0x0000000000003a80                . = ALIGN (0x80)

.replacestub    0x0000000000003a80        0x0 load address 0x0000000000008a58
                0x0000000000003a80                __replacestub_start = .
 *(.replacestub)
 .replacestub   0x0000000000003a80        0x0 lpxelinux.o
                0x0000000000003a80                __replacestub_end = .
                0x0000000000000000                __replacestub_len = (ABSOLUTE (__replacestub_end) - ABSOLUTE (__replacestub_start))
                0x0000000000000000                __replacestub_dwords = ((__replacestub_len + 0x3) >> 0x2)
                0x0000000000003a80                . = ALIGN (0x10)
                0x0000000000003a80                __gentextnr_lma = .

.gentextnr      0x0000000000003a80      0x418
                0x0000000000003a80                __gentextnr_start = .
 *(.gentextnr)
 .gentextnr     0x0000000000003a80      0x418 lpxelinux.o
                0x0000000000003e98                __gentextnr_end = .
                0x0000000000000418                __gentextnr_len = (ABSOLUTE (__gentextnr_end) - ABSOLUTE (__gentextnr_start))
                0x0000000000000106                __gentextnr_dwords = ((__gentextnr_len + 0x3) >> 0x2)
                0x0000000000006000                . = STACK_BASE

.stack16        0x0000000000006000     0x1000
                0x0000000000006000                __stack16_start = .
                0x0000000000007000                . = (. + STACK_LEN)
 *fill*         0x0000000000006000     0x1000 
                0x0000000000007000                __stack16_end = .
 .stack16       0x0000000000007000        0x0 lpxelinux.o
                0x0000000000001000                __stack16_len = (ABSOLUTE (__stack16_end) - ABSOLUTE (__stack16_start))
                0x0000000000000400                __stack16_dwords = ((__stack16_len + 0x3) >> 0x2)
                0x0000000000007c00                . = 0x7c00

.init           0x0000000000007c00        0x0
 FILL mask 0x90909090
                0x0000000000007c00                __init_start = .
 *(.init)
 .init          0x0000000000007c00        0x0 lpxelinux.o
                0x0000000000007c00                __init_end = .
                0x0000000000000000                __init_len = (ABSOLUTE (__init_end) - ABSOLUTE (__init_start))
                0x0000000000000000                __init_dwords = ((__init_len + 0x3) >> 0x2)
                0x0000000000007c00                . = ALIGN (0x4)

.text16         0x0000000000007c00      0x7cd
 FILL mask 0x90909090
                0x0000000000007c00                __text16_start = .
 *(.text16)
 .text16        0x0000000000007c00      0x7cd lpxelinux.o
                0x0000000000007c00                _start
                0x0000000000007c18                bdhcp_len
                0x0000000000007c20                adhcp_len
                0x0000000000007cae                local_boot16
                0x0000000000007cd4                kaboom
                0x0000000000007d53                pxenv
                0x0000000000007d88                PXEEntry
                0x0000000000007dc0                pxe_int1a
                0x0000000000007dd9                gpxe_unload
                0x0000000000007e40                pxe_isr
                0x0000000000007eab                pxe_irq_chain
                0x0000000000007eda                pxe_poll
                0x0000000000008144                adv_init
                0x0000000000008277                adv_write
                0x00000000000083ab                bios_timer_cleanup
                0x00000000000083b4                timer_irq
                0x00000000000083c9                BIOS_timer_next
                0x00000000000083cd                __text16_end = .
                0x00000000000007cd                __text16_len = (ABSOLUTE (__text16_end) - ABSOLUTE (__text16_start))
                0x00000000000001f4                __text16_dwords = ((__text16_len + 0x3) >> 0x2)
                0x00000000000083d0                . = ALIGN (0x10)

.textnr         0x00000000000083d0      0x3c0
 FILL mask 0x90909090
                0x00000000000083d0                __textnr_start = .
 *(.textnr)
 .textnr        0x00000000000083d0      0x10c lpxelinux.o
                0x00000000000084db                core_pm_null_hook
 *fill*         0x00000000000084dc        0x4 90909090
 .textnr        0x00000000000084e0      0x2b0 libcom32.a(lzo1x_f2.o)
                0x00000000000084e0                _lzo1x_decompress_asm_fast_safe
                0x0000000000008790                __textnr_end = .
                0x00000000000003c0                __textnr_len = (ABSOLUTE (__textnr_end) - ABSOLUTE (__textnr_start))
                0x00000000000000f0                __textnr_dwords = ((__textnr_len + 0x3) >> 0x2)
                0x0000000000008790                . = ALIGN (0x10)
                0x0000000000008790                __bcopyxx_start = .

.bcopyxx.text   0x0000000000008790      0x147
 FILL mask 0x90909090
                0x0000000000008790                __bcopyxx_text_start = .
 *(.bcopyxx.text)
 .bcopyxx.text  0x0000000000008790      0x147 lpxelinux.o
                0x0000000000008846                do_raw_shuffle_and_boot
                0x00000000000088d7                __bcopyxx_text_end = .
                0x0000000000000147                __bcopyxx_text_len = (ABSOLUTE (__bcopyxx_text_end) - ABSOLUTE (__bcopyxx_text_start))
                0x0000000000000052                __bcopyxx_text_dwords = ((__bcopyxx_text_len + 0x3) >> 0x2)

.bcopyxx.data   0x00000000000088e0       0x36
                0x00000000000088e0                __bcopyxx_data_start = .
 *(.bcopyxx.text)
                0x00000000000088e0                __bcopyxx_data_end = .
 .bcopyxx.data  0x00000000000088e0       0x36 lpxelinux.o
                0x0000000000000000                __bcopyxx_data_len = (ABSOLUTE (__bcopyxx_data_end) - ABSOLUTE (__bcopyxx_data_start))
                0x0000000000000000                __bcopyxx_data_dwords = ((__bcopyxx_data_len + 0x3) >> 0x2)
                0x0000000000008916                __bcopyxx_end = .
                0x0000000000000186                __bcopyxx_len = (ABSOLUTE (__bcopyxx_end) - ABSOLUTE (__bcopyxx_start))
                0x0000000000000062                __bcopyxx_dwords = ((__bcopyxx_len + 0x3) >> 0x2)
                0x0000000000008918                . = ALIGN (0x4)

.data16         0x0000000000008920      0x136
                0x0000000000008920                __data16_start = .
 *(.data16)
 .data16        0x0000000000008920      0x136 lpxelinux.o
                0x0000000000008920                BaseStack
                0x0000000000008930                __com32
                0x0000000000008970                core_pm_hook
                0x00000000000089ac                __jiffies
                0x00000000000089b0                __ms_timer
                0x00000000000089b6                copyright_str
                0x0000000000008a3e                syslinux_banner
                0x0000000000008a55                KeepPXE
                0x0000000000008a56                __data16_end = .
                0x0000000000000136                __data16_len = (ABSOLUTE (__data16_end) - ABSOLUTE (__data16_start))
                0x000000000000004e                __data16_dwords = ((__data16_len + 0x3) >> 0x2)
                0x0000000000008a58                . = ALIGN (0x4)
                0x0000000000008a58                __config_lma = ABSOLUTE (.)
                0x0000000000008a58                . = (. + SIZEOF (.config))
                0x0000000000008a58                . = ALIGN (0x4)
                0x0000000000008a58                __replacestub_lma = ABSOLUTE (.)
                0x0000000000008a58                . = (. + SIZEOF (.replacestub))
                0x0000000000008a60                . = ALIGN (0x10)
                0x0000000000008a60                __pm_code_lma = ABSOLUTE (.)
                0x0000000000008a60                __high_clear_start = .
                0x0000000000008c00                . = ALIGN (0x200)

.adv            0x0000000000008c00      0x400
                0x0000000000008c00                __adv_start = .
 *(.adv)
 .adv           0x0000000000008c00      0x400 lpxelinux.o
                0x0000000000009000                __adv_end = .
                0x0000000000000400                __adv_len = (ABSOLUTE (__adv_end) - ABSOLUTE (__adv_start))
                0x0000000000000100                __adv_dwords = ((__adv_len + 0x3) >> 0x2)
                0x0000000000009000                . = ALIGN (0x4)

.uibss          0x0000000000009000      0x100
                0x0000000000009000                __uibss_start = .
 *(.uibss)
 .uibss         0x0000000000009000      0x100 lpxelinux.o
                0x0000000000009100                __uibss_end = .
                0x0000000000000100                __uibss_len = (ABSOLUTE (__uibss_end) - ABSOLUTE (__uibss_start))
                0x0000000000000040                __uibss_dwords = ((__uibss_len + 0x3) >> 0x2)
                0x0000000000009100                _end16 = .
                0x0000000000000001                __assert_end16 = ASSERT ((_end16 <= 0x10000), 64K overflow)
                0x0000000000010000                . = ALIGN (0x10000)

.xfer_buf       0x0000000000010000    0x10000
 *(.xfer_buf)
 .xfer_buf      0x0000000000010000    0x10000 lpxelinux.o
                0x0000000000010000                core_xfer_buf
                0x0000000000001000                xfer_buf_seg = (core_xfer_buf >> 0x4)
                0x0000000000020000                . = ALIGN (0x10)

.auxseg         0x0000000000020000        0x0
                0x0000000000020000                __auxseg_start = .
 *(.auxseg)
                0x0000000000020000                __auxseg_end = .
                0x0000000000000000                __auxseg_len = (ABSOLUTE (__auxseg_end) - ABSOLUTE (__auxseg_start))
                0x0000000000000000                __auxseg_dwords = ((__auxseg_len + 0x3) >> 0x2)
                0x0000000000002000                aux_seg = (__auxseg_start >> 0x4)

.lowmem         0x0000000000020000     0x2a4c
                0x0000000000020000                __lowmem_start = .
 *(.lowmem)
 .lowmem        0x0000000000020000       0x5c libcom32.a(diskio_bios.o)
 *fill*         0x000000000002005c        0x4 
 .lowmem        0x0000000000020060     0x2000 libcom32.a(font.o)
                0x0000000000020060                fontbuf
 .lowmem        0x0000000000022060       0x72 liblpxelinux.a(pxe.o)
                0x0000000000022060                pxe_undi_iface
                0x00000000000220a0                pxe_undi_info
 *fill*         0x00000000000220d2        0x2 
 .lowmem        0x00000000000220d4       0x2c liblpxelinux.a(bios.o)
 .lowmem        0x0000000000022100      0x928 liblpxelinux.a(undiif.o)
 .lowmem        0x0000000000022a28       0x24 liblpxelinux.a(isr.o)
                0x0000000000022a4c                __lowmem_end = .
                0x0000000000002a4c                __lowmem_len = (ABSOLUTE (__lowmem_end) - ABSOLUTE (__lowmem_start))
                0x0000000000000a93                __lowmem_dwords = ((__lowmem_len + 0x3) >> 0x2)
                0x0000000000022a4c                __high_clear_end = .
                0x0000000000019fec                __high_clear_len = (ABSOLUTE (__high_clear_end) - ABSOLUTE (__high_clear_start))
                0x00000000000067fb                __high_clear_dwords = ((__high_clear_len + 0x3) >> 0x2)
                0x0000000000022a50                . = ALIGN (0x10)
                0x0000000000022a50                __lowmem_heap = .
                0x0000000000100000                . = 0x100000
                0x0000000000100000                __pm_code_start = .
                0xfffffffffff08a60                __vma_to_lma = ABSOLUTE ((__pm_code_lma - __pm_code_start))

.text           0x0000000000100000    0x13285 load address 0x0000000000008a60
 FILL mask 0x90909090
                0x0000000000100000                __text_start = .
 *(.text)
 .text          0x0000000000100000      0x12d lpxelinux.o
                0x0000000000100000                core_farcall
                0x0000000000100006                core_intcall
                0x00000000001000a6                core_cfarcall
 .text          0x000000000010012d       0x37 libcom32.a(writestr.o)
                0x000000000010012d                crlf
                0x0000000000100141                writestr
                0x0000000000100155                pm_writestr
 .text          0x0000000000100164       0x3c libcom32.a(idle.o)
                0x0000000000100164                reset_idle
                0x0000000000100170                __idle
 .text          0x00000000001001a0        0x8 libcom32.a(cleanup.o)
                0x00000000001001a0                cleanup_hardware
 .text          0x00000000001001a8      0x115 libcom32.a(init.o)
                0x00000000001001a8                scan_highmem_area
                0x0000000000100200                mem_init
 .text          0x00000000001002bd      0x2f5 libcom32.a(conio.o)
                0x00000000001002bd                loadkeys
                0x00000000001002ef                write_serial
                0x0000000000100340                pm_write_serial
                0x0000000000100346                serialcfg
                0x0000000000100388                pm_serialcfg
                0x0000000000100393                write_serial_str
                0x00000000001003a8                bios_pollchar
                0x000000000010041f                pollchar
                0x000000000010042a                pm_pollchar
                0x0000000000100446                bios_getchar
                0x0000000000100543                bios_shiftflags
                0x0000000000100583                kbd_shiftflags
                0x0000000000100597                getchar
                0x00000000001005a2                pm_getchar
 .text          0x00000000001005b2       0x61 libcom32.a(writehex.o)
                0x00000000001005e6                writehex2
                0x00000000001005ed                writehex4
                0x00000000001005f7                writehex8
                0x0000000000100601                pm_writehex2
                0x0000000000100607                pm_writehex4
                0x000000000010060d                pm_writehex8
 .text          0x0000000000100613      0x3af libcom32.a(load_env32.o)
                0x0000000000100628                init_module_subsystem
                0x000000000010064e                start_ldlinux
                0x00000000001007aa                load_env32
                0x00000000001008af                com32_cmdline
                0x00000000001008b5                create_args_and_load
                0x00000000001009a0                pm_env32_run
 .text          0x00000000001009c2       0x33 libcom32.a(getcwd.o)
                0x00000000001009c2                core_getcwd
 .text          0x00000000001009f5       0x64 libcom32.a(readdir.o)
                0x00000000001009f5                opendir
                0x0000000000100a2d                readdir
                0x0000000000100a51                closedir
 .text          0x0000000000100a59      0x520 libcom32.a(fs.o)
                0x0000000000100a59                alloc_inode
                0x0000000000100a81                put_inode
                0x0000000000100aab                _close_file
                0x0000000000100aca                open_config
                0x0000000000100b2f                mangle_name
                0x0000000000100b3a                pmapi_read_file
                0x0000000000100b8a                searchdir
                0x0000000000100ded                open_file
                0x0000000000100e60                close_file
                0x0000000000100e77                fs_uuid
                0x0000000000100e92                fs_init
 .text          0x0000000000100f79      0x1f7 libcom32.a(chdir.o)
                0x0000000000100feb                realpath
                0x0000000000101072                pm_realpath
                0x0000000000101096                chdir
 .text          0x0000000000101170       0x72 libcom32.a(diskio.o)
                0x0000000000101170                getoneblk
                0x00000000001011ae                device_init
 .text          0x00000000001011e2      0x716 libcom32.a(diskio_bios.o)
                0x00000000001016ce                bios_disk_init
                0x00000000001018e6                pm_fs_init
 .text          0x00000000001018f8       0xb2 libcom32.a(searchconfig.o)
                0x00000000001018f8                search_dirs
 .text          0x00000000001019aa      0x1c1 libcom32.a(cache.o)
                0x00000000001019aa                cache_init
                0x0000000000101a45                cache_lock_block
                0x0000000000101a63                _get_cache_block
                0x0000000000101ab0                get_cache
                0x0000000000101aec                cache_read
 .text          0x0000000000101b6b        0x0 libcom32.a(pmapi.o)
 .text          0x0000000000101b6b      0x15e libcom32.a(rllpack.o)
                0x0000000000101b6b                rllpack
                0x0000000000101c29                rllunpack
 .text          0x0000000000101cc9       0xeb libcom32.a(hello.o)
                0x0000000000101cf0                myputchar
                0x0000000000101d0b                myputs
                0x0000000000101d1f                hello
                0x0000000000101d37                hexdump
                0x0000000000101d82                mp1
                0x0000000000101d8c                mp2
                0x0000000000101d96                mp3
                0x0000000000101da0                mp4
                0x0000000000101daa                mp5
 .text          0x0000000000101db4      0x446 libcom32.a(graphics.o)
                0x0000000000101e0e                syslinux_force_text_mode
                0x0000000000101e87                vgadisplayfile
                0x00000000001021a7                vgahidecursor
                0x00000000001021bb                vgashowcursor
                0x00000000001021cf                using_vga
                0x00000000001021ec                pm_using_vga
 .text          0x00000000001021fa      0x1f6 libcom32.a(font.o)
                0x00000000001021fa                bios_adjust_screen
                0x000000000010223e                use_font
                0x000000000010233d                loadfont
                0x00000000001023cc                adjust_screen
                0x00000000001023db                pm_adjust_screen
                0x00000000001023dd                pm_userfont
 .text          0x00000000001023f0      0xb72 libcom32.a(bios.o)
                0x00000000001026fc                bios_adv_init
                0x000000000010271e                bios_adv_write
                0x0000000000102b6a                bios_init
                0x0000000000102f57                syslinux_register_bios
 .text          0x0000000000102f62       0x52 libcom32.a(path.o)
                0x0000000000102f62                path_add
 .text          0x0000000000102fb4        0x7 libcom32.a(init.o)
                0x0000000000102fb4                init
 .text          0x0000000000102fbb        0x0 libcom32.a(lzo1x_f2.o)
 .text          0x0000000000102fbb        0x0 libcom32.a(errno.o)
 .text          0x0000000000102fbb      0x293 libcom32.a(serirq.o)
                0x00000000001030af                sirq_cleanup_nowipe
                0x0000000000103118                sirq_cleanup
                0x000000000010312e                sirq_install
 .text          0x000000000010324e      0x2d5 libcom32.a(malloc.o)
                0x0000000000103289                bios_malloc
                0x0000000000103341                malloc
                0x000000000010334d                lmalloc
                0x000000000010336b                pmapi_lmalloc
                0x000000000010337a                bios_realloc
                0x00000000001034fa                realloc
                0x0000000000103506                zalloc
 .text          0x0000000000103523      0x1db libcom32.a(free.o)
                0x00000000001035f1                bios_free
                0x00000000001035f9                free
                0x0000000000103625                __inject_free_block
                0x00000000001036a4                comboot_cleanup_lowmem
 .text          0x00000000001036fe      0x132 libcom32.a(sysappend.o)
                0x00000000001036fe                do_sysappend
                0x0000000000103774                sysappend_set_uuid
                0x00000000001037d2                sysappend_set_fs_uuid
                0x000000000010380d                print_sysappend
 .text          0x0000000000103830       0x14 libcom32.a(kaboom.o)
                0x0000000000103830                _kaboom
 .text          0x0000000000103844       0x3b libcom32.a(call16.o)
                0x0000000000103844                call16
 .text          0x000000000010387f      0x42d libcom32.a(dmi.o)
                0x000000000010395f                dmi_init
 .text          0x0000000000103cac       0x14 libcom32.a(sem_asm.o)
                0x0000000000103cac                sem_down
                0x0000000000103cb7                sem_up
 .text          0x0000000000103cc0       0xc9 libcom32.a(semaphore.o)
                0x0000000000103cc0                sem_init
                0x0000000000103cd0                __sem_down_slow
                0x0000000000103d5a                __sem_up_slow
 .text          0x0000000000103d89        0x0 libcom32.a(root_thread.o)
 .text          0x0000000000103d89       0x84 libcom32.a(schedule.o)
                0x0000000000103d89                __schedule
                0x0000000000103e00                thread_yield
 .text          0x0000000000103e0d       0x3f libcom32.a(thread_asm.o)
                0x0000000000103e0d                __switch_to
                0x0000000000103e3d                __start_thread
 .text          0x0000000000103e4c       0x30 libcom32.a(exit_thread.o)
                0x0000000000103e4c                __exit_thread
 .text          0x0000000000103e7c       0x1a /opt/syslinux/bios/com32/lib/libcom32core.a(memcpy.o)
                0x0000000000103e7c                memcpy
 .text          0x0000000000103e96       0x29 /opt/syslinux/bios/com32/lib/libcom32core.a(memset.o)
                0x0000000000103e96                memset
 .text          0x0000000000103ebf       0x1e /opt/syslinux/bios/com32/lib/libcom32core.a(memcmp.o)
                0x0000000000103ebf                memcmp
 .text          0x0000000000103edd       0x20 /opt/syslinux/bios/com32/lib/libcom32core.a(printf.o)
                0x0000000000103edd                printf
 .text          0x0000000000103efd       0x27 /opt/syslinux/bios/com32/lib/libcom32core.a(strncmp.o)
                0x0000000000103efd                strncmp
 .text          0x0000000000103f24       0x4d /opt/syslinux/bios/com32/lib/libcom32core.a(vfprintf.o)
                0x0000000000103f24                vfprintf
 .text          0x0000000000103f71        0xf /opt/syslinux/bios/com32/lib/libcom32core.a(strlen.o)
                0x0000000000103f71                strlen
 .text          0x0000000000103f80      0x856 /opt/syslinux/bios/com32/lib/libcom32core.a(vsnprintf.o)
                0x0000000000103f80                vsnprintf
 .text          0x00000000001047d6       0x25 /opt/syslinux/bios/com32/lib/libcom32core.a(snprintf.o)
                0x00000000001047d6                snprintf
 .text          0x00000000001047fb       0x17 /opt/syslinux/bios/com32/lib/libcom32core.a(stpcpy.o)
                0x00000000001047fb                stpcpy
 .text          0x0000000000104812       0x20 /opt/syslinux/bios/com32/lib/libcom32core.a(strcmp.o)
                0x0000000000104812                strcmp
 .text          0x0000000000104832       0x38 /opt/syslinux/bios/com32/lib/libcom32core.a(strdup.o)
                0x0000000000104832                strdup
 .text          0x000000000010486a       0x10 /opt/syslinux/bios/com32/lib/libcom32core.a(strcpy.o)
                0x000000000010486a                strcpy
 .text          0x000000000010487a       0x19 /opt/syslinux/bios/com32/lib/libcom32core.a(strncpy.o)
                0x000000000010487a                strncpy
 *fill*         0x0000000000104893        0x1 90909090
 .text          0x0000000000104894       0x2a /opt/syslinux/bios/com32/lib/libcom32core.a(setjmp.o)
                0x0000000000104894                setjmp
                0x0000000000104894                _setjmp
                0x00000000001048ac                longjmp
 .text          0x00000000001048be       0x71 /opt/syslinux/bios/com32/lib/libcom32core.a(fopen.o)
                0x00000000001048be                fopen
 .text          0x000000000010492f       0x63 /opt/syslinux/bios/com32/lib/libcom32core.a(fread.o)
                0x000000000010492f                _fread
 .text          0x0000000000104992       0x24 /opt/syslinux/bios/com32/lib/libcom32core.a(fread2.o)
                0x0000000000104992                fread
 .text          0x00000000001049b6       0x36 /opt/syslinux/bios/com32/lib/libcom32core.a(puts.o)
                0x00000000001049b6                puts
 .text          0x00000000001049ec       0x16 /opt/syslinux/bios/com32/lib/libcom32core.a(strtoul.o)
                0x00000000001049ec                strtoul
 .text          0x0000000000104a02      0x1c6 /opt/syslinux/bios/com32/lib/libcom32core.a(strntoumax.o)
                0x0000000000104a02                strntoumax
 .text          0x0000000000104bc8       0x47 /opt/syslinux/bios/com32/lib/libcom32core.a(strcasecmp.o)
                0x0000000000104bc8                strcasecmp
 .text          0x0000000000104c0f       0x24 /opt/syslinux/bios/com32/lib/libcom32core.a(sprintf.o)
                0x0000000000104c0f                sprintf
 .text          0x0000000000104c33       0x2f /opt/syslinux/bios/com32/lib/libcom32core.a(strlcat.o)
                0x0000000000104c33                strlcat
 .text          0x0000000000104c62       0x11 /opt/syslinux/bios/com32/lib/libcom32core.a(strchr.o)
                0x0000000000104c62                strchr
 .text          0x0000000000104c73       0x1f /opt/syslinux/bios/com32/lib/libcom32core.a(strlcpy.o)
                0x0000000000104c73                strlcpy
 .text          0x0000000000104c92       0x4e /opt/syslinux/bios/com32/lib/libcom32core.a(strncasecmp.o)
                0x0000000000104c92                strncasecmp
 .text          0x0000000000104ce0        0x0 /opt/syslinux/bios/com32/lib/libcom32core.a(ctypes.o)
 .text          0x0000000000104ce0       0x31 /opt/syslinux/bios/com32/lib/libcom32core.a(fputs.o)
                0x0000000000104ce0                fputs
 .text          0x0000000000104d11       0x24 /opt/syslinux/bios/com32/lib/libcom32core.a(fwrite2.o)
                0x0000000000104d11                fwrite
 .text          0x0000000000104d35       0x63 /opt/syslinux/bios/com32/lib/libcom32core.a(fwrite.o)
                0x0000000000104d35                _fwrite
 .text          0x0000000000104d98       0x31 /opt/syslinux/bios/com32/lib/libcom32core.a(fgetc.o)
                0x0000000000104d98                fgetc
 .text          0x0000000000104dc9       0x14 /opt/syslinux/bios/com32/lib/libcom32core.a(fclose.o)
                0x0000000000104dc9                fclose
 .text          0x0000000000104ddd       0x4a /opt/syslinux/bios/com32/lib/libcom32core.a(lmalloc.o)
                0x0000000000104ddd                lzalloc
                0x0000000000104e14                lfree
 .text          0x0000000000104e27       0x1a /opt/syslinux/bios/com32/lib/libcom32core.a(err_read.o)
 .text          0x0000000000104e41       0x1a /opt/syslinux/bios/com32/lib/libcom32core.a(err_write.o)
 .text          0x0000000000104e5b        0x3 /opt/syslinux/bios/com32/lib/libcom32core.a(null_read.o)
 .text          0x0000000000104e5e       0x6c /opt/syslinux/bios/com32/lib/libcom32core.a(stdcon_write.o)
 .text          0x0000000000104eca       0x99 /opt/syslinux/bios/com32/lib/libcom32core.a(memscan.o)
                0x0000000000104eca                syslinux_memscan_add
                0x0000000000104ef6                syslinux_memscan_new
                0x0000000000104f24                syslinux_scan_memory
 .text          0x0000000000104f63       0x16 /opt/syslinux/bios/com32/lib/libcom32core.a(strrchr.o)
                0x0000000000104f63                strrchr
 .text          0x0000000000104f79       0x2c /opt/syslinux/bios/com32/lib/libcom32core.a(strcat.o)
                0x0000000000104f79                strcat
 *fill*         0x0000000000104fa5        0x3 90909090
 .text          0x0000000000104fa8       0x11 /opt/syslinux/bios/com32/lib/libcom32core.a(__ashldi3.o)
                0x0000000000104fa8                __ashldi3
 .text          0x0000000000104fb9       0x2f /opt/syslinux/bios/com32/lib/libcom32core.a(__udivdi3.o)
                0x0000000000104fb9                __udivdi3
 .text          0x0000000000104fe8        0x8 /opt/syslinux/bios/com32/lib/libcom32core.a(__negdi2.o)
                0x0000000000104fe8                __negdi2
 .text          0x0000000000104ff0       0x11 /opt/syslinux/bios/com32/lib/libcom32core.a(__ashrdi3.o)
                0x0000000000104ff0                __ashrdi3
 *fill*         0x0000000000105001        0x3 90909090
 .text          0x0000000000105004       0x11 /opt/syslinux/bios/com32/lib/libcom32core.a(__lshrdi3.o)
                0x0000000000105004                __lshrdi3
 *fill*         0x0000000000105015        0x3 90909090
 .text          0x0000000000105018       0x15 /opt/syslinux/bios/com32/lib/libcom32core.a(__muldi3.o)
                0x0000000000105018                __muldi3
 .text          0x000000000010502d       0xa0 /opt/syslinux/bios/com32/lib/libcom32core.a(__udivmoddi4.o)
                0x000000000010502d                __udivmoddi4
 .text          0x00000000001050cd       0x3a /opt/syslinux/bios/com32/lib/libcom32core.a(__umoddi3.o)
                0x00000000001050cd                __umoddi3
 .text          0x0000000000105107       0x5f /opt/syslinux/bios/com32/lib/libcom32core.a(__divdi3.o)
                0x0000000000105107                __divdi3
 .text          0x0000000000105166       0x6c /opt/syslinux/bios/com32/lib/libcom32core.a(__moddi3.o)
                0x0000000000105166                __moddi3
 .text          0x00000000001051d2       0x1c /opt/syslinux/bios/com32/lib/libcom32core.a(debug.o)
                0x00000000001051d2                syslinux_debug
 .text          0x00000000001051ee       0x20 /opt/syslinux/bios/com32/lib/libcom32core.a(intcall.o)
                0x00000000001051ee                __intcall
 .text          0x000000000010520e       0x53 /opt/syslinux/bios/com32/lib/libcom32core.a(farcall.o)
                0x000000000010520e                __farcall
 .text          0x0000000000105261       0x28 /opt/syslinux/bios/com32/lib/libcom32core.a(cfarcall.o)
                0x0000000000105261                __cfarcall
 .text          0x0000000000105289        0x0 /opt/syslinux/bios/com32/lib/libcom32core.a(zeroregs.o)
 .text          0x0000000000105289       0xad /opt/syslinux/bios/com32/lib/libcom32core.a(argv.o)
                0x0000000000105289                __parse_argv
 .text          0x0000000000105336       0x4a /opt/syslinux/bios/com32/lib/libcom32core.a(sleep.o)
                0x0000000000105336                msleep
                0x0000000000105367                sleep
 .text          0x0000000000105380        0x0 /opt/syslinux/bios/com32/lib/libcom32core.a(fileinfo.o)
 .text          0x0000000000105380       0xec /opt/syslinux/bios/com32/lib/libcom32core.a(opendev.o)
                0x0000000000105380                opendev
 .text          0x000000000010546c       0x3f /opt/syslinux/bios/com32/lib/libcom32core.a(read.o)
                0x000000000010546c                read
 .text          0x00000000001054ab       0x40 /opt/syslinux/bios/com32/lib/libcom32core.a(write.o)
                0x00000000001054ab                write
 .text          0x00000000001054eb       0x1c /opt/syslinux/bios/com32/lib/libcom32core.a(ftell.o)
                0x00000000001054eb                ftell
 .text          0x0000000000105507       0x86 /opt/syslinux/bios/com32/lib/libcom32core.a(close.o)
                0x0000000000105507                close
 .text          0x000000000010558d       0x78 /opt/syslinux/bios/com32/lib/libcom32core.a(open.o)
                0x000000000010558d                open
 .text          0x0000000000105605      0x116 /opt/syslinux/bios/com32/lib/libcom32core.a(fileread.o)
                0x0000000000105605                __file_get_block
                0x000000000010564f                __file_read
 .text          0x000000000010571b       0x1e /opt/syslinux/bios/com32/lib/libcom32core.a(fileclose.o)
                0x000000000010571b                __file_close
 .text          0x0000000000105739       0x4e /opt/syslinux/bios/com32/lib/libcom32core.a(openmem.o)
                0x0000000000105739                openmem
 .text          0x0000000000105787       0x3a /opt/syslinux/bios/com32/lib/libcom32core.a(isatty.o)
                0x0000000000105787                isatty
 .text          0x00000000001057c1       0x67 /opt/syslinux/bios/com32/lib/libcom32core.a(fstat.o)
                0x00000000001057c1                fstat
 .text          0x0000000000105828        0x0 /opt/syslinux/bios/com32/lib/libcom32core.a(dprintf.o)
 .text          0x0000000000105828        0x0 /opt/syslinux/bios/com32/lib/libcom32core.a(vdprintf.o)
 .text          0x0000000000105828       0x26 /opt/syslinux/bios/com32/lib/libcom32core.a(idle.o)
                0x0000000000105828                syslinux_reset_idle
                0x000000000010583b                syslinux_idle
 .text          0x000000000010584e       0x68 /opt/syslinux/bios/com32/lib/libcom32core.a(exit.o)
                0x000000000010584e                _exit
                0x0000000000105870                exit
                0x00000000001058a5                _Exit
 .text          0x00000000001058b6      0x83f /opt/syslinux/bios/com32/lib/libcom32core.a(common.o)
                0x00000000001058b6                findpath
                0x000000000010594b                image_load
                0x000000000010597d                image_unload
                0x00000000001059b4                image_read
                0x00000000001059ec                image_skip
                0x0000000000105a41                image_seek
                0x0000000000105a65                modules_init
                0x0000000000105a68                modules_term
                0x0000000000105a69                module_alloc
                0x0000000000105ae0                module_dep_alloc
                0x0000000000105b04                module_find
                0x0000000000105b51                check_header_common
                0x0000000000105b95                enforce_dependency
                0x0000000000105c03                clear_dependency
                0x0000000000105c6b                module_unloadable
                0x0000000000105c7e                _module_unload
                0x0000000000105cfd                module_unload
                0x0000000000105d31                unload_modules_since
                0x0000000000105dca                module_find_symbol
                0x0000000000105f6d                check_symbols
                0x0000000000106067                global_find_symbol
 .text          0x00000000001060f5      0x408 /opt/syslinux/bios/com32/lib/libcom32core.a(elf_module.o)
                0x00000000001060f5                load_segments
                0x0000000000106324                perform_relocation
                0x0000000000106410                resolve_symbols
 .text          0x00000000001064fd       0xde /opt/syslinux/bios/com32/lib/libcom32core.a(elfutils.o)
                0x00000000001064fd                elf_hash
                0x0000000000106548                elf_gnu_hash
                0x0000000000106562                elf_malloc
                0x00000000001065c5                elf_free
 .text          0x00000000001065db      0x16b /opt/syslinux/bios/com32/lib/libcom32core.a(exec.o)
                0x00000000001065db                get_module_type
                0x00000000001065e9                spawn_load
                0x0000000000106733                exec_term
 .text          0x0000000000106746      0x45c /opt/syslinux/bios/com32/lib/libcom32core.a(elf_module.o)
                0x0000000000106746                undefined_symbol
                0x0000000000106762                module_load
 .text          0x0000000000106ba2      0x183 liblpxelinux.a(rawcon.o)
                0x0000000000106ba2                writechr
                0x0000000000106d1c                pm_writechr
 .text          0x0000000000106d25       0x4a liblpxelinux.a(pxeboot.o)
                0x0000000000106d25                local_boot
 .text          0x0000000000106d6f       0x60 liblpxelinux.a(pxelinux-c.o)
                0x0000000000106d6f                get_derivative_info
 .text          0x0000000000106dcf      0x2da liblpxelinux.a(dhcp_option.o)
                0x0000000000106f7a                parse_dhcp_options
                0x0000000000106feb                parse_dhcp
 .text          0x00000000001070a9      0x75f liblpxelinux.a(pxe.o)
                0x0000000000107541                free_socket
                0x000000000010774f                ip_ok
                0x0000000000107773                pxe_call
                0x00000000001077d2                pxe_getc
 .text          0x0000000000107808      0x716 liblpxelinux.a(tftp.o)
                0x000000000010799a                tftp_open
                0x0000000000107ccf                tftp_put
 .text          0x0000000000107f1e      0x261 liblpxelinux.a(urlparse.o)
                0x0000000000107f1e                url_type
                0x0000000000107f51                parse_url
                0x000000000010806a                url_escape_unsafe
                0x00000000001080d7                url_unescape
 .text          0x000000000010817f      0x615 liblpxelinux.a(bios.o)
                0x00000000001082cf                pxe_init
                0x0000000000108575                gpxe_init
                0x00000000001085bd                unload_pxe
                0x00000000001086b0                net_parse_dhcp
 .text          0x0000000000108794      0x171 liblpxelinux.a(sys_arch.o)
                0x0000000000108794                sys_init
                0x0000000000108795                sys_sem_new
                0x00000000001087c7                sys_sem_set_invalid
                0x00000000001087d9                sys_sem_free
                0x00000000001087fa                sys_sem_valid
                0x0000000000108813                sys_arch_sem_wait
                0x0000000000108826                sys_mbox_new
                0x000000000010885b                sys_mbox_post
                0x0000000000108869                sys_mbox_trypost
                0x000000000010887b                sys_arch_mbox_fetch
                0x000000000010888a                sys_arch_mbox_tryfetch
                0x000000000010889c                sys_mbox_set_invalid
                0x00000000001088ae                sys_mbox_free
                0x00000000001088cf                sys_mbox_valid
                0x00000000001088e8                sys_thread_new
 .text          0x0000000000108905      0x1cc liblpxelinux.a(raw.o)
                0x0000000000108905                raw_input
                0x0000000000108986                raw_bind
                0x0000000000108993                raw_connect
                0x00000000001089a1                raw_recv
                0x00000000001089a8                raw_sendto
                0x0000000000108a56                raw_send
                0x0000000000108a5e                raw_remove
                0x0000000000108a98                raw_new
 .text          0x0000000000108ad1      0x426 liblpxelinux.a(mem.o)
                0x0000000000108ad1                lwip_mem_init
                0x0000000000108b33                mem_free
                0x0000000000108c1b                mem_trim
                0x0000000000108d36                mem_malloc
                0x0000000000108ec6                mem_calloc
 .text          0x0000000000108ef7      0x67b liblpxelinux.a(dns.o)
                0x000000000010933a                dns_init
                0x0000000000109396                dns_setserver
                0x00000000001093b4                dns_getserver
                0x00000000001093c9                dns_tmr
                0x00000000001093e5                dns_gethostbyname
 .text          0x0000000000109572      0x797 liblpxelinux.a(pbuf.o)
                0x00000000001095df                pbuf_alloced_custom
                0x000000000010965a                pbuf_header
                0x00000000001096c3                pbuf_free
                0x000000000010973a                pbuf_alloc
                0x00000000001098c2                pbuf_realloc
                0x0000000000109946                pbuf_clen
                0x0000000000109954                pbuf_ref
                0x0000000000109962                pbuf_cat
                0x0000000000109995                pbuf_chain
                0x00000000001099a2                pbuf_dechain
                0x00000000001099fd                pbuf_copy
                0x0000000000109adb                pbuf_copy_partial
                0x0000000000109b48                pbuf_take
                0x0000000000109bb7                pbuf_coalesce
                0x0000000000109bf3                pbuf_get_at
                0x0000000000109c13                pbuf_memcmp
                0x0000000000109c6d                pbuf_memfind
                0x0000000000109cc8                pbuf_strstr
 .text          0x0000000000109d09        0x0 liblpxelinux.a(dhcp.o)
 .text          0x0000000000109d09      0x10a liblpxelinux.a(memp.o)
                0x0000000000109d09                memp_init
                0x0000000000109d90                memp_malloc
                0x0000000000109dec                memp_free
 .text          0x0000000000109e13      0x4fc liblpxelinux.a(udp.o)
                0x0000000000109e13                udp_input
                0x0000000000109ffe                udp_bind
                0x000000000010a0a9                udp_sendto_if
                0x000000000010a1e6                udp_sendto
                0x000000000010a229                udp_send
                0x000000000010a23a                udp_connect
                0x000000000010a294                udp_disconnect
                0x000000000010a2a6                udp_recv
                0x000000000010a2ad                udp_remove
                0x000000000010a2ea                udp_new
 .text          0x000000000010a30f     0x14f5 liblpxelinux.a(tcp_in.o)
                0x000000000010adfa                tcp_input
 .text          0x000000000010b804        0x0 liblpxelinux.a(asn1_dec.o)
 .text          0x000000000010b804        0x0 liblpxelinux.a(msg_in.o)
 .text          0x000000000010b804        0x0 liblpxelinux.a(mib2.o)
 .text          0x000000000010b804        0x0 liblpxelinux.a(mib_structs.o)
 .text          0x000000000010b804        0x0 liblpxelinux.a(asn1_enc.o)
 .text          0x000000000010b804        0x0 liblpxelinux.a(msg_out.o)
 .text          0x000000000010b804      0xed7 liblpxelinux.a(tcp_out.o)
                0x000000000010ba18                tcp_write
                0x000000000010bf2b                tcp_enqueue_flags
                0x000000000010c032                tcp_send_fin
                0x000000000010c063                tcp_send_empty_ack
                0x000000000010c101                tcp_output
                0x000000000010c3f1                tcp_rst
                0x000000000010c4c2                tcp_rexmit_rto
                0x000000000010c4f5                tcp_rexmit
                0x000000000010c549                tcp_rexmit_fast
                0x000000000010c59f                tcp_keepalive
                0x000000000010c60d                tcp_zero_window_probe
 .text          0x000000000010c6db      0x22b liblpxelinux.a(timers.o)
                0x000000000010c6db                sys_timeout
                0x000000000010c756                tcp_timer_needed
                0x000000000010c7c0                sys_timeouts_init
                0x000000000010c83a                sys_untimeout
                0x000000000010c88a                sys_timeouts_mbox_fetch
 .text          0x000000000010c906        0x0 liblpxelinux.a(def.o)
 .text          0x000000000010c906        0x6 liblpxelinux.a(stats.o)
                0x000000000010c906                stats_init
                0x000000000010c907                stats_display_proto
                0x000000000010c908                stats_display_mem
                0x000000000010c909                stats_display_memp
                0x000000000010c90a                stats_display_sys
                0x000000000010c90b                stats_display
 .text          0x000000000010c90c      0xd69 liblpxelinux.a(tcp.o)
                0x000000000010c94a                tcp_bind
                0x000000000010c9cc                tcp_listen_with_backlog
                0x000000000010caa5                tcp_update_rcv_ann_wnd
                0x000000000010cafd                tcp_recved
                0x000000000010cb41                tcp_seg_free
                0x000000000010cb62                tcp_segs_free
                0x000000000010cb77                tcp_setprio
                0x000000000010cb7b                tcp_seg_copy
                0x000000000010cba8                tcp_arg
                0x000000000010cbac                tcp_recv
                0x000000000010cbb3                tcp_sent
                0x000000000010cbba                tcp_err
                0x000000000010cbc1                tcp_accept
                0x000000000010cbc5                tcp_poll
                0x000000000010cbcf                tcp_pcb_purge
                0x000000000010cc3a                tcp_slowtmr
                0x000000000010cf5c                tcp_pcb_remove
                0x000000000010d190                tcp_close
                0x000000000010d1a4                tcp_recv_null
                0x000000000010d1ce                tcp_fasttmr
                0x000000000010d23d                tcp_tmr
                0x000000000010d257                tcp_shutdown
                0x000000000010d2b3                tcp_abandon
                0x000000000010d39b                tcp_abort
                0x000000000010d3a5                tcp_next_iss
                0x000000000010d3b6                tcp_alloc
                0x000000000010d501                tcp_new
                0x000000000010d50b                tcp_eff_send_mss
                0x000000000010d533                tcp_connect
                0x000000000010d66d                tcp_debug_state_str
 .text          0x000000000010d675      0x2bf liblpxelinux.a(icmp.o)
                0x000000000010d71f                icmp_input
                0x000000000010d91a                icmp_dest_unreach
                0x000000000010d927                icmp_time_exceeded
 .text          0x000000000010d934      0x279 liblpxelinux.a(ip_addr.o)
                0x000000000010d934                ip4_addr_isbroadcast
                0x000000000010d966                ip4_addr_netmask_valid
                0x000000000010d992                ipaddr_aton
                0x000000000010daec                ipaddr_addr
                0x000000000010db02                ipaddr_ntoa_r
                0x000000000010db9e                ipaddr_ntoa
 .text          0x000000000010dbad      0x719 liblpxelinux.a(ip_frag.o)
                0x000000000010dd3e                ip_reass_tmr
                0x000000000010dd6c                ip_reass
                0x000000000010e0bc                ip_frag
 .text          0x000000000010e2c6      0x40b liblpxelinux.a(ip.o)
                0x000000000010e2c6                ip_route
                0x000000000010e301                ip_input
                0x000000000010e509                ip_output_if
                0x000000000010e669                ip_output
 .text          0x000000000010e6d1        0x0 liblpxelinux.a(igmp.o)
 .text          0x000000000010e6d1        0x0 liblpxelinux.a(autoip.o)
 .text          0x000000000010e6d1      0x268 liblpxelinux.a(inet_chksum.o)
                0x000000000010e74c                inet_chksum_pseudo
                0x000000000010e7f9                inet_chksum_pseudo_partial
                0x000000000010e8d8                inet_chksum
                0x000000000010e8e3                inet_chksum_pbuf
 .text          0x000000000010e939        0x0 liblpxelinux.a(inet.o)
 .text          0x000000000010e939       0x23 liblpxelinux.a(init.o)
                0x000000000010e939                lwip_init
 .text          0x000000000010e95c      0x205 liblpxelinux.a(netif.o)
                0x000000000010e95c                netif_init
                0x000000000010e95d                netif_find
                0x000000000010e9a2                netif_set_ipaddr
                0x000000000010e9f0                netif_set_addr
                0x000000000010ea1a                netif_add
                0x000000000010ea9a                netif_set_gw
                0x000000000010eaa6                netif_set_netmask
                0x000000000010eab2                netif_set_default
                0x000000000010eab8                netif_set_up
                0x000000000010ead9                netif_set_down
                0x000000000010eae8                netif_remove
                0x000000000010eb31                netif_set_link_up
                0x000000000010eb52                netif_set_link_down
 .text          0x000000000010eb61       0x29 liblpxelinux.a(sys.o)
                0x000000000010eb61                sys_msleep
 .text          0x000000000010eb8a        0x0 liblpxelinux.a(slipif.o)
 .text          0x000000000010eb8a        0x0 liblpxelinux.a(ethernetif.o)
 .text          0x000000000010eb8a        0x0 liblpxelinux.a(ppp.o)
 .text          0x000000000010eb8a        0x0 liblpxelinux.a(auth.o)
 .text          0x000000000010eb8a        0x0 liblpxelinux.a(randm.o)
 .text          0x000000000010eb8a        0x0 liblpxelinux.a(pap.o)
 .text          0x000000000010eb8a        0x0 liblpxelinux.a(lcp.o)
 .text          0x000000000010eb8a        0x0 liblpxelinux.a(vj.o)
 .text          0x000000000010eb8a        0x0 liblpxelinux.a(md5.o)
 .text          0x000000000010eb8a        0x0 liblpxelinux.a(ipcp.o)
 .text          0x000000000010eb8a        0x0 liblpxelinux.a(magic.o)
 .text          0x000000000010eb8a        0x0 liblpxelinux.a(chpms.o)
 .text          0x000000000010eb8a        0x0 liblpxelinux.a(fsm.o)
 .text          0x000000000010eb8a        0x0 liblpxelinux.a(ppp_oe.o)
 .text          0x000000000010eb8a        0x0 liblpxelinux.a(chap.o)
 .text          0x000000000010eb8a      0x7de liblpxelinux.a(etharp.o)
                0x000000000010ed44                etharp_tmr
                0x000000000010ed86                etharp_find_addr
                0x000000000010edd1                etharp_request
                0x000000000010eeb7                etharp_query
                0x000000000010f01f                etharp_output
                0x000000000010f101                ethernet_input
 .text          0x000000000010f368      0x9aa liblpxelinux.a(undiif.o)
                0x000000000010f974                undiarp_tmr
                0x000000000010f9b4                undiif_input
                0x000000000010fcbb                undiif_start
 .text          0x000000000010fd12      0x5f0 liblpxelinux.a(api_lib.o)
                0x000000000010fe4a                netconn_new_with_proto_and_callback
                0x000000000010fed3                netconn_delete
                0x000000000010ff00                netconn_getaddr
                0x000000000010ff52                netconn_bind
                0x000000000010ff95                netconn_connect
                0x000000000010ffd8                netconn_disconnect
                0x0000000000110012                netconn_listen_with_backlog
                0x000000000011004c                netconn_accept
                0x00000000001100d7                netconn_recv_tcp_pbuf
                0x00000000001100ea                netconn_recv
                0x000000000011018e                netconn_recved
                0x00000000001101bb                netconn_send
                0x00000000001101f9                netconn_sendto
                0x000000000011021b                netconn_write
                0x0000000000110274                netconn_close
                0x000000000011027e                netconn_shutdown
                0x0000000000110294                netconn_gethostbyname
 .text          0x0000000000110302      0x10c liblpxelinux.a(netifapi.o)
                0x0000000000110309                do_netifapi_netif_add
                0x0000000000110339                do_netifapi_netif_common
                0x0000000000110359                do_netifapi_netif_set_addr
                0x0000000000110377                netifapi_netif_add
                0x00000000001103bc                netifapi_netif_set_addr
                0x00000000001103e9                netifapi_netif_common
 .text          0x000000000011040e      0xfb7 liblpxelinux.a(api_msg.o)
                0x0000000000110b5d                do_newconn
                0x0000000000110c02                netconn_alloc
                0x0000000000110cbd                netconn_free
                0x0000000000110e50                do_delconn
                0x0000000000110f30                do_bind
                0x0000000000110f90                do_connect
                0x0000000000111040                do_disconnect
                0x000000000011106e                do_listen
                0x000000000011114f                do_send
                0x00000000001111cf                do_recv
                0x0000000000111216                do_write
                0x0000000000111281                do_getaddr
                0x000000000011131f                do_close
                0x0000000000111396                do_gethostbyname
 .text          0x00000000001113c5      0x2f8 liblpxelinux.a(tcpip.o)
                0x000000000011145d                tcpip_input
                0x00000000001114b6                tcpip_callback_with_block
                0x0000000000111522                tcpip_timeout
                0x000000000011156e                tcpip_untimeout
                0x00000000001115b3                tcpip_apimsg
                0x00000000001115f7                tcpip_netifapi
                0x0000000000111655                tcpip_init
                0x00000000001116a1                pbuf_free_callback
                0x00000000001116af                mem_free_callback
 .text          0x00000000001116bd      0x1a1 liblpxelinux.a(netbuf.o)
                0x00000000001116bd                netbuf_new
                0x00000000001116e6                netbuf_delete
                0x0000000000111713                netbuf_alloc
                0x0000000000111752                netbuf_free
                0x0000000000111778                netbuf_ref
                0x00000000001117ce                netbuf_chain
                0x00000000001117fd                netbuf_data
                0x000000000011182f                netbuf_next
                0x000000000011184f                netbuf_first
 .text          0x000000000011185e        0x0 liblpxelinux.a(sockets.o)
 .text          0x000000000011185e        0x0 liblpxelinux.a(err.o)
 .text          0x000000000011185e        0x0 liblpxelinux.a(netdb.o)
 .text          0x000000000011185e      0x402 liblpxelinux.a(core.o)
                0x000000000011185e                core_udp_open
                0x00000000001118a0                core_udp_close
                0x00000000001118b6                core_udp_connect
                0x00000000001118ca                core_udp_disconnect
                0x00000000001118d1                core_udp_recv
                0x000000000011193f                core_udp_send
                0x00000000001119ae                core_udp_sendto
                0x0000000000111a3e                net_core_init
                0x0000000000111aaf                probe_undi
                0x0000000000111b06                core_tcp_open
                0x0000000000111b25                core_tcp_connect
                0x0000000000111b54                core_tcp_write
                0x0000000000111b80                core_tcp_close_file
                0x0000000000111bab                core_tcp_is_connected
                0x0000000000111bb2                core_tcp_fill_buffer
 .text          0x0000000000111c60       0xf2 liblpxelinux.a(dnsresolv.o)
                0x0000000000111d27                dns_resolv
                0x0000000000111d38                pm_pxe_dns_resolv
 .text          0x0000000000111d52      0x49e liblpxelinux.a(ftp.o)
                0x0000000000111fd6                ftp_open
 .text          0x00000000001121f0      0x1eb liblpxelinux.a(ftp_readdir.o)
                0x00000000001121f0                ftp_readdir
 .text          0x00000000001123db        0x1 liblpxelinux.a(gpxeurl.o)
                0x00000000001123db                gpxe_open
 .text          0x00000000001123dc      0x59c liblpxelinux.a(http.o)
                0x0000000000112543                http_bake_cookies
                0x00000000001125b7                http_open
 .text          0x0000000000112978      0x2cc liblpxelinux.a(http_readdir.o)
                0x0000000000112978                http_readdir
 .text          0x0000000000112c44        0xc liblpxelinux.a(idle.o)
                0x0000000000112c44                pxe_idle_init
                0x0000000000112c45                pxe_idle_cleanup
 .text          0x0000000000112c50      0x35d liblpxelinux.a(isr.o)
                0x0000000000112d4b                pxe_init_isr
                0x0000000000112d87                pxe_start_isr
                0x0000000000112f05                reset_pxe
 .text          0x0000000000112fad        0x0 liblpxelinux.a(tcp.o)
 .text          0x0000000000112fad       0x53 libcom32.a(kill_thread.o)
                0x0000000000112fad                kill_thread
 .text          0x0000000000113000       0x58 libcom32.a(timeout.o)
                0x0000000000113000                __thread_process_timeouts
 .text          0x0000000000113058      0x10b libcom32.a(mbox.o)
                0x0000000000113058                mbox_init
                0x000000000011309f                mbox_post
                0x00000000001130ff                mbox_fetch
 .text          0x0000000000113163       0xd7 libcom32.a(start_thread.o)
                0x0000000000113163                start_thread
 .text          0x000000000011323a       0x2f libcom32.a(idle_thread.o)
                0x000000000011324b                start_idle_thread
 *(.text.*)
 .text.__x86.get_pc_thunk.bx
                0x0000000000113269        0x4 /opt/syslinux/bios/com32/lib/libcom32core.a(printf.o)
                0x0000000000113269                __x86.get_pc_thunk.bx
 .text.__x86.get_pc_thunk.di
                0x000000000011326d        0x4 /opt/syslinux/bios/com32/lib/libcom32core.a(vsnprintf.o)
                0x000000000011326d                __x86.get_pc_thunk.di
 .text.__x86.get_pc_thunk.si
                0x0000000000113271        0x4 /opt/syslinux/bios/com32/lib/libcom32core.a(strntoumax.o)
                0x0000000000113271                __x86.get_pc_thunk.si
 .text.__x86.get_pc_thunk.cx
                0x0000000000113275        0x4 /opt/syslinux/bios/com32/lib/libcom32core.a(strcasecmp.o)
                0x0000000000113275                __x86.get_pc_thunk.cx
 .text.__x86.get_pc_thunk.ax
                0x0000000000113279        0x4 /opt/syslinux/bios/com32/lib/libcom32core.a(err_read.o)
                0x0000000000113279                __x86.get_pc_thunk.ax
 .text.__x86.get_pc_thunk.dx
                0x000000000011327d        0x4 /opt/syslinux/bios/com32/lib/libcom32core.a(memscan.o)
                0x000000000011327d                __x86.get_pc_thunk.dx
 .text.__x86.get_pc_thunk.bp
                0x0000000000113281        0x4 /opt/syslinux/bios/com32/lib/libcom32core.a(memscan.o)
                0x0000000000113281                __x86.get_pc_thunk.bp
                0x0000000000113285                __text_end = .

.plt            0x0000000000113290        0x0 load address 0x000000000001bcf0
 .plt           0x0000000000113290        0x0 lpxelinux.o

.plt.got        0x0000000000113288        0x0 load address 0x000000000001bce8
 .plt.got       0x0000000000113288        0x0 lpxelinux.o

.rodata         0x00000000001132a0     0x11c9 load address 0x000000000001bd00
                0x00000000001132a0                __rodata_start = .
 *(.rodata)
 .rodata        0x00000000001132a0        0xc lpxelinux.o
                0x00000000001132a8                __syslinux_shuffler_size
 *fill*         0x00000000001132ac       0x14 
 .rodata        0x00000000001132c0       0x44 libcom32.a(pmapi.o)
                0x00000000001132c0                pm_api_vector
 .rodata        0x0000000000113304        0x6 libcom32.a(sysappend.o)
 *fill*         0x000000000011330a       0x16 
 .rodata        0x0000000000113320       0xc8 libcom32.a(dmi.o)
 .rodata        0x00000000001133e8       0x7d /opt/syslinux/bios/com32/lib/libcom32core.a(vsnprintf.o)
 *fill*         0x0000000000113465       0x1b 
 .rodata        0x0000000000113480      0x101 /opt/syslinux/bios/com32/lib/libcom32core.a(ctypes.o)
                0x0000000000113480                __ctypes
 *fill*         0x0000000000113581        0x3 
 .rodata        0x0000000000113584       0x24 /opt/syslinux/bios/com32/lib/libcom32core.a(elf_module.o)
 *fill*         0x00000000001135a8       0x18 
 .rodata        0x00000000001135c0       0x68 liblpxelinux.a(dhcp_option.o)
 *fill*         0x0000000000113628       0x18 
 .rodata        0x0000000000113640       0x48 liblpxelinux.a(pxe.o)
                0x0000000000113640                pxe_fs_ops
 *fill*         0x0000000000113688       0x18 
 .rodata        0x00000000001136a0       0x60 liblpxelinux.a(tftp.o)
                0x00000000001136c4                tftp_conn_ops
                0x00000000001136e0                TimeoutTable
 .rodata        0x0000000000113700       0x11 liblpxelinux.a(urlparse.o)
 *fill*         0x0000000000113711        0x3 
 .rodata        0x0000000000113714        0x8 liblpxelinux.a(bios.o)
 .rodata        0x000000000011371c       0x38 liblpxelinux.a(memp.o)
 .rodata        0x0000000000113754       0x20 liblpxelinux.a(tcp_in.o)
 *fill*         0x0000000000113774        0xc 
 .rodata        0x0000000000113780       0x8c liblpxelinux.a(tcp.o)
                0x00000000001137a0                tcp_pcb_lists
                0x00000000001137b0                tcp_persist_backoff
                0x00000000001137b8                tcp_backoff
                0x00000000001137e0                tcp_state_str
 .rodata        0x000000000011380c       0x1c liblpxelinux.a(ip_addr.o)
                0x0000000000113820                ip_addr_broadcast
                0x0000000000113824                ip_addr_any
 .rodata        0x0000000000113828        0xe liblpxelinux.a(etharp.o)
                0x0000000000113828                ethzero
                0x0000000000113830                ethbroadcast
 *fill*         0x0000000000113836        0x2 
 .rodata        0x0000000000113838       0x18 liblpxelinux.a(tcpip.o)
 *fill*         0x0000000000113850       0x10 
 .rodata        0x0000000000113860       0x30 liblpxelinux.a(core.o)
                0x0000000000113860                url_schemes
 .rodata        0x0000000000113890        0xc liblpxelinux.a(ftp.o)
 *fill*         0x000000000011389c        0x4 
 .rodata        0x00000000001138a0       0x47 liblpxelinux.a(ftp_readdir.o)
 *fill*         0x00000000001138e7        0x1 
 .rodata        0x00000000001138e8       0x3c liblpxelinux.a(http.o)
 *fill*         0x0000000000113924       0x1c 
 .rodata        0x0000000000113940       0x94 liblpxelinux.a(http_readdir.o)
 .rodata        0x00000000001139d4        0xc liblpxelinux.a(tcp.o)
                0x00000000001139d4                tcp_conn_ops
 *(.rodata.*)
 .rodata.str1.1
                0x00000000001139e0        0x0 libcom32.a(conio.o)
                                          0x2 (size before relaxing)
 .rodata.str1.1
                0x00000000001139e0       0x7a libcom32.a(load_env32.o)
                                         0x90 (size before relaxing)
 .rodata.str1.1
                0x0000000000113a5a       0x41 libcom32.a(fs.o)
                                         0x46 (size before relaxing)
 .rodata.str1.1
                0x0000000000113a9b        0x2 libcom32.a(chdir.o)
 .rodata.str1.1
                0x0000000000113a9b       0x5b libcom32.a(diskio_bios.o)
 .rodata.str1.1
                0x0000000000113af6        0x7 libcom32.a(searchconfig.o)
                                          0xa (size before relaxing)
 .rodata.str1.1
                0x0000000000113afd       0x3f libcom32.a(hello.o)
                                         0x44 (size before relaxing)
 .rodata.str1.1
                0x0000000000113b3c        0x2 libcom32.a(font.o)
 .rodata.str1.1
                0x0000000000113b3c       0xd2 libcom32.a(bios.o)
 .rodata.str1.1
                0x0000000000113c0e       0x30 libcom32.a(free.o)
 .rodata.str1.1
                0x0000000000113c3e       0x30 libcom32.a(sysappend.o)
                                          0xc (size before relaxing)
 .rodata.str1.1
                0x0000000000113c3e       0x98 libcom32.a(dmi.o)
                                         0x9b (size before relaxing)
 .rodata.str1.1
                0x0000000000113cd6        0x5 libcom32.a(root_thread.o)
 .rodata.str1.1
                0x0000000000113cdb        0x7 /opt/syslinux/bios/com32/lib/libcom32core.a(vsnprintf.o)
 .rodata.str1.1
                0x0000000000113ce2        0x2 /opt/syslinux/bios/com32/lib/libcom32core.a(puts.o)
 .rodata.str1.1
                0x0000000000113ce2       0x1a /opt/syslinux/bios/com32/lib/libcom32core.a(debug.o)
 .rodata.str1.1
                0x0000000000113cfc       0x1a /opt/syslinux/bios/com32/lib/libcom32core.a(common.o)
                                         0x24 (size before relaxing)
 .rodata.str1.1
                0x0000000000113d16       0x11 /opt/syslinux/bios/com32/lib/libcom32core.a(elf_module.o)
 .rodata.str1.1
                0x0000000000113d27       0xcf /opt/syslinux/bios/com32/lib/libcom32core.a(elf_module.o)
 .rodata.str1.1
                0x0000000000113df6       0x1b liblpxelinux.a(pxeboot.o)
 .rodata.str1.1
                0x0000000000113e11       0xe6 liblpxelinux.a(pxe.o)
                                         0xec (size before relaxing)
 .rodata.str1.1
                0x0000000000113ef7       0x95 liblpxelinux.a(tftp.o)
 .rodata.str1.1
                0x0000000000113f8c        0x5 liblpxelinux.a(urlparse.o)
                                          0x6 (size before relaxing)
 .rodata.str1.1
                0x0000000000113f91      0x197 liblpxelinux.a(bios.o)
                                        0x199 (size before relaxing)
 .rodata.str1.1
                0x0000000000114128        0xf liblpxelinux.a(dns.o)
 .rodata.str1.1
                0x0000000000114137       0x68 liblpxelinux.a(tcp.o)
 .rodata.str1.1
                0x000000000011419f       0x62 liblpxelinux.a(undiif.o)
 .rodata.str1.1
                0x0000000000114201        0xd liblpxelinux.a(tcpip.o)
 .rodata.str1.1
                0x000000000011420e      0x121 liblpxelinux.a(core.o)
                                        0x12a (size before relaxing)
 .rodata.str1.1
                0x000000000011432f        0x6 liblpxelinux.a(dnsresolv.o)
 .rodata.str1.1
                0x0000000000114335       0x40 liblpxelinux.a(ftp.o)
 .rodata.str1.1
                0x0000000000114375        0xe liblpxelinux.a(ftp_readdir.o)
 .rodata.str1.1
                0x0000000000114383       0x7f liblpxelinux.a(http.o)
                                         0x80 (size before relaxing)
 .rodata.str1.1
                0x0000000000114402       0x62 liblpxelinux.a(isr.o)
 .rodata.str1.1
                0x0000000000114464        0x5 libcom32.a(idle_thread.o)
                0x0000000000114469                __rodata_end = .

.gnu.version_d  0x000000000011446c        0x0 load address 0x000000000001cecc
 .gnu.version_d
                0x000000000011446c        0x0 lpxelinux.o

.gnu.version    0x000000000011446a        0x0 load address 0x000000000001ceca
 .gnu.version   0x000000000011446a        0x0 lpxelinux.o

.gnu.version_r  0x000000000011446c        0x0 load address 0x000000000001cecc
 .gnu.version_r
                0x000000000011446c        0x0 lpxelinux.o

.ctors          0x0000000000114469        0x0 load address 0x000000000001cec9
                0x0000000000114469                __ctors_start = .
 *(SORT(.ctors.*))
 *(.ctors)
                0x0000000000114469                __ctors_end = .

.dtors          0x0000000000114469        0x0 load address 0x000000000001cec9
                0x0000000000114469                __dtors_start = .
 *(SORT(.dtors.*))
 *(.dtors)
                0x0000000000114469                __dtors_end = .

.dynsym         0x000000000011446c     0x1760 load address 0x000000000001cecc
                0x000000000011446c                __dynsym_start = .
 *(.dynsym)
 .dynsym        0x000000000011446c     0x1760 lpxelinux.o
                0x0000000000115bcc                __dynsym_end = .
                0x0000000000001760                __dynsym_len = (__dynsym_end - __dynsym_start)

.dynstr         0x0000000000115bcc     0x1156 load address 0x000000000001e62c
                0x0000000000115bcc                __dynstr_start = .
 *(.dynstr)
 .dynstr        0x0000000000115bcc     0x1156 lpxelinux.o
                0x0000000000116d22                __dynstr_end = .
                0x0000000000001156                __dynstr_len = (__dynstr_end - __dynstr_start)

.gnu.hash       0x0000000000116d24      0xb00 load address 0x000000000001f784
                0x0000000000116d24                __gnu_hash_start = .
 *(.gnu.hash)
 .gnu.hash      0x0000000000116d24      0xb00 lpxelinux.o
                0x0000000000117824                __gnu_hash_end = .

.rel.dyn        0x0000000000117824     0x3aa0 load address 0x0000000000020284
 .rel.plt       0x0000000000117824        0x0 lpxelinux.o
 .rel.got       0x0000000000117824        0x8 lpxelinux.o
 .rel.bss       0x000000000011782c        0x0 lpxelinux.o
 .rel.data.rel.ro
                0x000000000011782c       0x10 lpxelinux.o
 .rel.ifunc     0x000000000011783c        0x0 lpxelinux.o
 .rel.text16    0x000000000011783c       0xc8 lpxelinux.o
 .rel.textnr    0x0000000000117904       0xd8 lpxelinux.o
 .rel.bcopyxx.text
                0x00000000001179dc       0x28 lpxelinux.o
 .rel.bcopyxx.data
                0x0000000000117a04        0x8 lpxelinux.o
 .rel.data16    0x0000000000117a0c       0x38 lpxelinux.o
 .rel.rodata    0x0000000000117a44      0x3c0 lpxelinux.o
 .rel.text      0x0000000000117e04     0x3248 lpxelinux.o
 .rel.data      0x000000000011b04c      0x210 lpxelinux.o
 .rel.prefix    0x000000000011b25c       0x18 lpxelinux.o
 .rel.data.rel.ro.local
                0x000000000011b274       0x28 lpxelinux.o
 .rel.data.rel.local
                0x000000000011b29c       0x10 lpxelinux.o
 .rel.data.rel  0x000000000011b2ac       0x18 lpxelinux.o

.dynlink        0x000000000011b2c4        0x0 load address 0x0000000000023d24
                0x000000000011b2c4                __dynlink_start = .
 *(.dynlink)
                0x000000000011b2c4                __dynlink_end = .

.got            0x000000000011b2c4       0x10 load address 0x0000000000023d24
                0x000000000011b2c4                __got_start = .
 *(.got)
 .got           0x000000000011b2c4        0x4 lpxelinux.o
 *(.got.plt)
 .got.plt       0x000000000011b2c8        0xc lpxelinux.o
                0x000000000011b2c8                _GLOBAL_OFFSET_TABLE_
                0x000000000011b2d4                __got_end = .

.dynamic        0x000000000011b2d4       0x90 load address 0x0000000000023d34
                0x000000000011b2d4                __dynamic_start = .
 *(.dynamic)
 .dynamic       0x000000000011b2d4       0x90 lpxelinux.o
                0x000000000011b2d4                _DYNAMIC
                0x000000000011b364                __dynamic_end = .

.data           0x000000000011b380      0x55c load address 0x0000000000023de0
                0x000000000011b380                __data_start = .
 *(.data)
 .data          0x000000000011b380        0x8 lpxelinux.o
                0x000000000011b380                __syslinux_adv_ptr
                0x000000000011b384                __syslinux_adv_size
 .data          0x000000000011b388        0x0 libcom32.a(writestr.o)
 .data          0x000000000011b388        0x0 libcom32.a(idle.o)
 .data          0x000000000011b388        0x0 libcom32.a(cleanup.o)
 .data          0x000000000011b388        0x0 libcom32.a(init.o)
 .data          0x000000000011b388        0x6 libcom32.a(conio.o)
                0x000000000011b388                ScrollAttribute
                0x000000000011b389                DisplayMask
                0x000000000011b38a                DisplayCon
                0x000000000011b38c                BaudDivisor
 .data          0x000000000011b38e        0x0 libcom32.a(writehex.o)
 *fill*         0x000000000011b38e       0x12 
 .data          0x000000000011b3a0      0x298 libcom32.a(load_env32.o)
                0x000000000011b3c0                core_module
 .data          0x000000000011b638        0x0 libcom32.a(getcwd.o)
 .data          0x000000000011b638        0x0 libcom32.a(readdir.o)
 .data          0x000000000011b638        0x2 libcom32.a(fs.o)
 .data          0x000000000011b63a        0x0 libcom32.a(chdir.o)
 .data          0x000000000011b63a        0x0 libcom32.a(diskio.o)
 .data          0x000000000011b63a        0x0 libcom32.a(diskio_bios.o)
 .data          0x000000000011b63a        0x0 libcom32.a(searchconfig.o)
 .data          0x000000000011b63a        0x0 libcom32.a(cache.o)
 .data          0x000000000011b63a        0x0 libcom32.a(pmapi.o)
 .data          0x000000000011b63a        0x0 libcom32.a(rllpack.o)
 *fill*         0x000000000011b63a        0x2 
 .data          0x000000000011b63c        0xe libcom32.a(hello.o)
 *fill*         0x000000000011b64a        0x2 
 .data          0x000000000011b64c       0x14 libcom32.a(graphics.o)
                0x000000000011b65e                VGAFontSize
 .data          0x000000000011b660        0x4 libcom32.a(font.o)
                0x000000000011b660                GXPixRows
                0x000000000011b662                GXPixCols
 *fill*         0x000000000011b664       0x1c 
 .data          0x000000000011b680       0xa4 libcom32.a(bios.o)
                0x000000000011b680                bios_fw
                0x000000000011b6ac                bios_mem_ops
                0x000000000011b6c4                bios_vesa_ops
                0x000000000011b6d0                bios_adv_ops
                0x000000000011b6d8                bios_input_ops
                0x000000000011b700                bios_output_ops
 .data          0x000000000011b724        0x8 libcom32.a(path.o)
                0x000000000011b724                PATH
 .data          0x000000000011b72c        0x0 libcom32.a(init.o)
 .data          0x000000000011b72c        0x0 libcom32.a(lzo1x_f2.o)
 .data          0x000000000011b72c        0x0 libcom32.a(errno.o)
 .data          0x000000000011b72c        0x8 libcom32.a(serirq.o)
                0x000000000011b72c                SerialTail
                0x000000000011b730                SerialHead
 .data          0x000000000011b734        0xc libcom32.a(malloc.o)
                0x000000000011b734                __malloc_semaphore
 .data          0x000000000011b740        0x0 libcom32.a(free.o)
 .data          0x000000000011b740       0x6d libcom32.a(sysappend.o)
 .data          0x000000000011b7ad        0x0 libcom32.a(kaboom.o)
 .data          0x000000000011b7ad        0x0 libcom32.a(call16.o)
 *fill*         0x000000000011b7ad        0x3 
 .data          0x000000000011b7b0       0x18 libcom32.a(dmi.o)
 .data          0x000000000011b7c8        0x0 libcom32.a(sem_asm.o)
 .data          0x000000000011b7c8        0x0 libcom32.a(semaphore.o)
 *fill*         0x000000000011b7c8       0x18 
 .data          0x000000000011b7e0       0x48 libcom32.a(root_thread.o)
                0x000000000011b7e0                __current
                0x000000000011b800                __root_thread
 .data          0x000000000011b828        0x0 libcom32.a(schedule.o)
 .data          0x000000000011b828        0x0 libcom32.a(thread_asm.o)
 .data          0x000000000011b828        0x0 libcom32.a(exit_thread.o)
 .data          0x000000000011b828        0x0 /opt/syslinux/bios/com32/lib/libcom32core.a(memcpy.o)
 .data          0x000000000011b828        0x0 /opt/syslinux/bios/com32/lib/libcom32core.a(memset.o)
 .data          0x000000000011b828        0x0 /opt/syslinux/bios/com32/lib/libcom32core.a(memcmp.o)
 .data          0x000000000011b828        0x0 /opt/syslinux/bios/com32/lib/libcom32core.a(printf.o)
 .data          0x000000000011b828        0x0 /opt/syslinux/bios/com32/lib/libcom32core.a(strncmp.o)
 .data          0x000000000011b828        0x0 /opt/syslinux/bios/com32/lib/libcom32core.a(vfprintf.o)
 .data          0x000000000011b828        0x0 /opt/syslinux/bios/com32/lib/libcom32core.a(strlen.o)
 .data          0x000000000011b828        0x0 /opt/syslinux/bios/com32/lib/libcom32core.a(vsnprintf.o)
 .data          0x000000000011b828        0x0 /opt/syslinux/bios/com32/lib/libcom32core.a(snprintf.o)
 .data          0x000000000011b828        0x0 /opt/syslinux/bios/com32/lib/libcom32core.a(stpcpy.o)
 .data          0x000000000011b828        0x0 /opt/syslinux/bios/com32/lib/libcom32core.a(strcmp.o)
 .data          0x000000000011b828        0x0 /opt/syslinux/bios/com32/lib/libcom32core.a(strdup.o)
 .data          0x000000000011b828        0x0 /opt/syslinux/bios/com32/lib/libcom32core.a(strcpy.o)
 .data          0x000000000011b828        0x0 /opt/syslinux/bios/com32/lib/libcom32core.a(strncpy.o)
 .data          0x000000000011b828        0x0 /opt/syslinux/bios/com32/lib/libcom32core.a(setjmp.o)
 .data          0x000000000011b828        0x0 /opt/syslinux/bios/com32/lib/libcom32core.a(fopen.o)
 .data          0x000000000011b828        0x0 /opt/syslinux/bios/com32/lib/libcom32core.a(fread.o)
 .data          0x000000000011b828        0x0 /opt/syslinux/bios/com32/lib/libcom32core.a(fread2.o)
 .data          0x000000000011b828        0x0 /opt/syslinux/bios/com32/lib/libcom32core.a(puts.o)
 .data          0x000000000011b828        0x0 /opt/syslinux/bios/com32/lib/libcom32core.a(strtoul.o)
 .data          0x000000000011b828        0x0 /opt/syslinux/bios/com32/lib/libcom32core.a(strntoumax.o)
 .data          0x000000000011b828        0x0 /opt/syslinux/bios/com32/lib/libcom32core.a(strcasecmp.o)
 .data          0x000000000011b828        0x0 /opt/syslinux/bios/com32/lib/libcom32core.a(sprintf.o)
 .data          0x000000000011b828        0x0 /opt/syslinux/bios/com32/lib/libcom32core.a(strlcat.o)
 .data          0x000000000011b828        0x0 /opt/syslinux/bios/com32/lib/libcom32core.a(strchr.o)
 .data          0x000000000011b828        0x0 /opt/syslinux/bios/com32/lib/libcom32core.a(strlcpy.o)
 .data          0x000000000011b828        0x0 /opt/syslinux/bios/com32/lib/libcom32core.a(strncasecmp.o)
 .data          0x000000000011b828        0x0 /opt/syslinux/bios/com32/lib/libcom32core.a(ctypes.o)
 .data          0x000000000011b828        0x0 /opt/syslinux/bios/com32/lib/libcom32core.a(fputs.o)
 .data          0x000000000011b828        0x0 /opt/syslinux/bios/com32/lib/libcom32core.a(fwrite2.o)
 .data          0x000000000011b828        0x0 /opt/syslinux/bios/com32/lib/libcom32core.a(fwrite.o)
 .data          0x000000000011b828        0x0 /opt/syslinux/bios/com32/lib/libcom32core.a(fgetc.o)
 .data          0x000000000011b828        0x0 /opt/syslinux/bios/com32/lib/libcom32core.a(fclose.o)
 .data          0x000000000011b828        0x0 /opt/syslinux/bios/com32/lib/libcom32core.a(lmalloc.o)
 .data          0x000000000011b828        0x0 /opt/syslinux/bios/com32/lib/libcom32core.a(err_read.o)
 .data          0x000000000011b828        0x0 /opt/syslinux/bios/com32/lib/libcom32core.a(err_write.o)
 .data          0x000000000011b828        0x0 /opt/syslinux/bios/com32/lib/libcom32core.a(null_read.o)
 .data          0x000000000011b828        0x0 /opt/syslinux/bios/com32/lib/libcom32core.a(stdcon_write.o)
 .data          0x000000000011b828        0x0 /opt/syslinux/bios/com32/lib/libcom32core.a(memscan.o)
 .data          0x000000000011b828        0x0 /opt/syslinux/bios/com32/lib/libcom32core.a(strrchr.o)
 .data          0x000000000011b828        0x0 /opt/syslinux/bios/com32/lib/libcom32core.a(strcat.o)
 .data          0x000000000011b828        0x0 /opt/syslinux/bios/com32/lib/libcom32core.a(__ashldi3.o)
 .data          0x000000000011b828        0x0 /opt/syslinux/bios/com32/lib/libcom32core.a(__udivdi3.o)
 .data          0x000000000011b828        0x0 /opt/syslinux/bios/com32/lib/libcom32core.a(__negdi2.o)
 .data          0x000000000011b828        0x0 /opt/syslinux/bios/com32/lib/libcom32core.a(__ashrdi3.o)
 .data          0x000000000011b828        0x0 /opt/syslinux/bios/com32/lib/libcom32core.a(__lshrdi3.o)
 .data          0x000000000011b828        0x0 /opt/syslinux/bios/com32/lib/libcom32core.a(__muldi3.o)
 .data          0x000000000011b828        0x0 /opt/syslinux/bios/com32/lib/libcom32core.a(__udivmoddi4.o)
 .data          0x000000000011b828        0x0 /opt/syslinux/bios/com32/lib/libcom32core.a(__umoddi3.o)
 .data          0x000000000011b828        0x0 /opt/syslinux/bios/com32/lib/libcom32core.a(__divdi3.o)
 .data          0x000000000011b828        0x0 /opt/syslinux/bios/com32/lib/libcom32core.a(__moddi3.o)
 .data          0x000000000011b828        0x0 /opt/syslinux/bios/com32/lib/libcom32core.a(debug.o)
 .data          0x000000000011b828        0x0 /opt/syslinux/bios/com32/lib/libcom32core.a(intcall.o)
 .data          0x000000000011b828        0x0 /opt/syslinux/bios/com32/lib/libcom32core.a(farcall.o)
 .data          0x000000000011b828        0x0 /opt/syslinux/bios/com32/lib/libcom32core.a(cfarcall.o)
 .data          0x000000000011b828        0x0 /opt/syslinux/bios/com32/lib/libcom32core.a(zeroregs.o)
 .data          0x000000000011b828        0x0 /opt/syslinux/bios/com32/lib/libcom32core.a(argv.o)
 .data          0x000000000011b828        0x0 /opt/syslinux/bios/com32/lib/libcom32core.a(sleep.o)
 .data          0x000000000011b828        0x0 /opt/syslinux/bios/com32/lib/libcom32core.a(fileinfo.o)
 .data          0x000000000011b828        0x0 /opt/syslinux/bios/com32/lib/libcom32core.a(opendev.o)
 .data          0x000000000011b828        0x0 /opt/syslinux/bios/com32/lib/libcom32core.a(read.o)
 .data          0x000000000011b828        0x0 /opt/syslinux/bios/com32/lib/libcom32core.a(write.o)
 .data          0x000000000011b828        0x0 /opt/syslinux/bios/com32/lib/libcom32core.a(ftell.o)
 .data          0x000000000011b828        0x0 /opt/syslinux/bios/com32/lib/libcom32core.a(close.o)
 .data          0x000000000011b828        0x0 /opt/syslinux/bios/com32/lib/libcom32core.a(open.o)
 .data          0x000000000011b828        0x0 /opt/syslinux/bios/com32/lib/libcom32core.a(fileread.o)
 .data          0x000000000011b828        0x0 /opt/syslinux/bios/com32/lib/libcom32core.a(fileclose.o)
 .data          0x000000000011b828        0x0 /opt/syslinux/bios/com32/lib/libcom32core.a(openmem.o)
 .data          0x000000000011b828        0x0 /opt/syslinux/bios/com32/lib/libcom32core.a(isatty.o)
 .data          0x000000000011b828        0x0 /opt/syslinux/bios/com32/lib/libcom32core.a(fstat.o)
 .data          0x000000000011b828        0x0 /opt/syslinux/bios/com32/lib/libcom32core.a(dprintf.o)
 .data          0x000000000011b828        0x0 /opt/syslinux/bios/com32/lib/libcom32core.a(vdprintf.o)
 .data          0x000000000011b828        0x0 /opt/syslinux/bios/com32/lib/libcom32core.a(idle.o)
 .data          0x000000000011b828        0x0 /opt/syslinux/bios/com32/lib/libcom32core.a(exit.o)
 .data          0x000000000011b828        0x0 /opt/syslinux/bios/com32/lib/libcom32core.a(common.o)
 .data          0x000000000011b828        0x0 /opt/syslinux/bios/com32/lib/libcom32core.a(elf_module.o)
 .data          0x000000000011b828        0x0 /opt/syslinux/bios/com32/lib/libcom32core.a(elfutils.o)
 .data          0x000000000011b828        0x0 /opt/syslinux/bios/com32/lib/libcom32core.a(exec.o)
 .data          0x000000000011b828        0x0 /opt/syslinux/bios/com32/lib/libcom32core.a(elf_module.o)
 .data          0x000000000011b828        0x0 liblpxelinux.a(rawcon.o)
 .data          0x000000000011b828        0x0 liblpxelinux.a(pxeboot.o)
 .data          0x000000000011b828        0x0 liblpxelinux.a(pxelinux-c.o)
 .data          0x000000000011b828        0x0 liblpxelinux.a(dhcp_option.o)
 .data          0x000000000011b828        0xc liblpxelinux.a(pxe.o)
 .data          0x000000000011b834        0x0 liblpxelinux.a(tftp.o)
 .data          0x000000000011b834        0x0 liblpxelinux.a(urlparse.o)
 .data          0x000000000011b834        0x0 liblpxelinux.a(bios.o)
 .data          0x000000000011b834        0x0 liblpxelinux.a(sys_arch.o)
 .data          0x000000000011b834        0x0 liblpxelinux.a(raw.o)
 .data          0x000000000011b834        0x0 liblpxelinux.a(mem.o)
 .data          0x000000000011b834        0x0 liblpxelinux.a(dns.o)
 .data          0x000000000011b834        0x0 liblpxelinux.a(pbuf.o)
 .data          0x000000000011b834        0x0 liblpxelinux.a(dhcp.o)
 .data          0x000000000011b834        0x0 liblpxelinux.a(memp.o)
 .data          0x000000000011b834        0x0 liblpxelinux.a(udp.o)
 .data          0x000000000011b834        0x0 liblpxelinux.a(tcp_in.o)
 .data          0x000000000011b834        0x0 liblpxelinux.a(asn1_dec.o)
 .data          0x000000000011b834        0x0 liblpxelinux.a(msg_in.o)
 .data          0x000000000011b834        0x0 liblpxelinux.a(mib2.o)
 .data          0x000000000011b834        0x0 liblpxelinux.a(mib_structs.o)
 .data          0x000000000011b834        0x0 liblpxelinux.a(asn1_enc.o)
 .data          0x000000000011b834        0x0 liblpxelinux.a(msg_out.o)
 .data          0x000000000011b834        0x0 liblpxelinux.a(tcp_out.o)
 .data          0x000000000011b834        0x0 liblpxelinux.a(timers.o)
 .data          0x000000000011b834        0x0 liblpxelinux.a(def.o)
 .data          0x000000000011b834        0x0 liblpxelinux.a(stats.o)
 .data          0x000000000011b834        0x6 liblpxelinux.a(tcp.o)
 .data          0x000000000011b83a        0x0 liblpxelinux.a(icmp.o)
 .data          0x000000000011b83a        0x0 liblpxelinux.a(ip_addr.o)
 .data          0x000000000011b83a        0x0 liblpxelinux.a(ip_frag.o)
 .data          0x000000000011b83a        0x0 liblpxelinux.a(ip.o)
 .data          0x000000000011b83a        0x0 liblpxelinux.a(igmp.o)
 .data          0x000000000011b83a        0x0 liblpxelinux.a(autoip.o)
 .data          0x000000000011b83a        0x0 liblpxelinux.a(inet_chksum.o)
 .data          0x000000000011b83a        0x0 liblpxelinux.a(inet.o)
 .data          0x000000000011b83a        0x0 liblpxelinux.a(init.o)
 .data          0x000000000011b83a        0x0 liblpxelinux.a(netif.o)
 .data          0x000000000011b83a        0x0 liblpxelinux.a(sys.o)
 .data          0x000000000011b83a        0x0 liblpxelinux.a(slipif.o)
 .data          0x000000000011b83a        0x0 liblpxelinux.a(ethernetif.o)
 .data          0x000000000011b83a        0x0 liblpxelinux.a(ppp.o)
 .data          0x000000000011b83a        0x0 liblpxelinux.a(auth.o)
 .data          0x000000000011b83a        0x0 liblpxelinux.a(randm.o)
 .data          0x000000000011b83a        0x0 liblpxelinux.a(pap.o)
 .data          0x000000000011b83a        0x0 liblpxelinux.a(lcp.o)
 .data          0x000000000011b83a        0x0 liblpxelinux.a(vj.o)
 .data          0x000000000011b83a        0x0 liblpxelinux.a(md5.o)
 .data          0x000000000011b83a        0x0 liblpxelinux.a(ipcp.o)
 .data          0x000000000011b83a        0x0 liblpxelinux.a(magic.o)
 .data          0x000000000011b83a        0x0 liblpxelinux.a(chpms.o)
 .data          0x000000000011b83a        0x0 liblpxelinux.a(fsm.o)
 .data          0x000000000011b83a        0x0 liblpxelinux.a(ppp_oe.o)
 .data          0x000000000011b83a        0x0 liblpxelinux.a(chap.o)
 .data          0x000000000011b83a        0x0 liblpxelinux.a(etharp.o)
 .data          0x000000000011b83a        0x0 liblpxelinux.a(undiif.o)
 .data          0x000000000011b83a        0x0 liblpxelinux.a(api_lib.o)
 .data          0x000000000011b83a        0x0 liblpxelinux.a(netifapi.o)
 .data          0x000000000011b83a        0x0 liblpxelinux.a(api_msg.o)
 .data          0x000000000011b83a        0x0 liblpxelinux.a(tcpip.o)
 .data          0x000000000011b83a        0x0 liblpxelinux.a(netbuf.o)
 .data          0x000000000011b83a        0x0 liblpxelinux.a(sockets.o)
 .data          0x000000000011b83a        0x0 liblpxelinux.a(err.o)
 .data          0x000000000011b83a        0x0 liblpxelinux.a(netdb.o)
 .data          0x000000000011b83a        0x0 liblpxelinux.a(core.o)
 .data          0x000000000011b83a        0x0 liblpxelinux.a(dnsresolv.o)
 .data          0x000000000011b83a        0x0 liblpxelinux.a(ftp.o)
 .data          0x000000000011b83a        0x0 liblpxelinux.a(ftp_readdir.o)
 .data          0x000000000011b83a        0x0 liblpxelinux.a(gpxeurl.o)
 *fill*         0x000000000011b83a        0x2 
 .data          0x000000000011b83c        0x4 liblpxelinux.a(http.o)
                0x000000000011b83c                SendCookies
 .data          0x000000000011b840        0x0 liblpxelinux.a(http_readdir.o)
 .data          0x000000000011b840        0x0 liblpxelinux.a(idle.o)
 .data          0x000000000011b840       0x18 liblpxelinux.a(isr.o)
 .data          0x000000000011b858        0x0 liblpxelinux.a(tcp.o)
 .data          0x000000000011b858        0x0 libcom32.a(kill_thread.o)
 .data          0x000000000011b858        0x0 libcom32.a(timeout.o)
 .data          0x000000000011b858        0x0 libcom32.a(mbox.o)