Archive member included to satisfy reference by file (symbol)

libcom32.a(writestr.o)        pxelinux.o (crlf)
libcom32.a(idle.o)            pxelinux.o (reset_idle)
libcom32.a(cleanup.o)         pxelinux.o (cleanup_hardware)
libcom32.a(init.o)            pxelinux.o (mem_init)
libcom32.a(conio.o)           pxelinux.o (pm_write_serial)
libcom32.a(writehex.o)        pxelinux.o (pm_writehex2)
libcom32.a(load_env32.o)      pxelinux.o (load_env32)
libcom32.a(getcwd.o)          libcom32.a(load_env32.o) (core_getcwd)
libcom32.a(readdir.o)         pxelinux.o (opendir)
libcom32.a(fs.o)              libcom32.a(readdir.o) (_close_file)
libcom32.a(chdir.o)           pxelinux.o (pm_realpath)
libcom32.a(diskio.o)          libcom32.a(fs.o) (device_init)
libcom32.a(diskio_bios.o)     pxelinux.o (pm_fs_init)
libcom32.a(searchconfig.o)    libcom32.a(load_env32.o) (search_dirs)
libcom32.a(cache.o)           libcom32.a(fs.o) (cache_init)
libcom32.a(pmapi.o)           pxelinux.o (pm_api_vector)
libcom32.a(rllpack.o)         pxelinux.o (rllpack)
libcom32.a(hello.o)           pxelinux.o (hello)
libcom32.a(graphics.o)        pxelinux.o (syslinux_force_text_mode)
libcom32.a(font.o)            libcom32.a(graphics.o) (use_font)
libcom32.a(bios.o)            libcom32.a(conio.o) (KbdMap)
libcom32.a(path.o)            libcom32.a(load_env32.o) (path_add)
libcom32.a(init.o)            pxelinux.o (init)
libcom32.a(lzo1x_f2.o)        pxelinux.o (_lzo1x_decompress_asm_fast_safe)
libcom32.a(errno.o)           libcom32.a(fs.o) (errno)
libcom32.a(serirq.o)          libcom32.a(conio.o) (SerialHead)
libcom32.a(malloc.o)          libcom32.a(bios.o) (bios_malloc)
libcom32.a(free.o)            libcom32.a(bios.o) (bios_free)
libcom32.a(sysappend.o)       libcom32.a(pmapi.o) (sysappend_strings)
libcom32.a(kaboom.o)          libcom32.a(bios.o) (_kaboom)
libcom32.a(call16.o)          libcom32.a(bios.o) (call16)
libcom32.a(dmi.o)             libcom32.a(bios.o) (dmi_init)
libcom32.a(sem_asm.o)         libcom32.a(malloc.o) (sem_down)
libcom32.a(semaphore.o)       libcom32.a(sem_asm.o) (__sem_down_slow)
libcom32.a(root_thread.o)     libcom32.a(semaphore.o) (__current)
libcom32.a(schedule.o)        libcom32.a(semaphore.o) (__schedule)
libcom32.a(thread_asm.o)      libcom32.a(schedule.o) (__switch_to)
libcom32.a(exit_thread.o)     libcom32.a(thread_asm.o) (__exit_thread)
/opt/syslinux/bios/com32/lib/libcom32core.a(memcpy.o)
                              (--whole-archive)
/opt/syslinux/bios/com32/lib/libcom32core.a(memset.o)
                              (--whole-archive)
/opt/syslinux/bios/com32/lib/libcom32core.a(memcmp.o)
                              (--whole-archive)
/opt/syslinux/bios/com32/lib/libcom32core.a(printf.o)
                              (--whole-archive)
/opt/syslinux/bios/com32/lib/libcom32core.a(strncmp.o)
                              (--whole-archive)
/opt/syslinux/bios/com32/lib/libcom32core.a(vfprintf.o)
                              (--whole-archive)
/opt/syslinux/bios/com32/lib/libcom32core.a(strlen.o)
                              (--whole-archive)
/opt/syslinux/bios/com32/lib/libcom32core.a(vsnprintf.o)
                              (--whole-archive)
/opt/syslinux/bios/com32/lib/libcom32core.a(snprintf.o)
                              (--whole-archive)
/opt/syslinux/bios/com32/lib/libcom32core.a(stpcpy.o)
                              (--whole-archive)
/opt/syslinux/bios/com32/lib/libcom32core.a(strcmp.o)
                              (--whole-archive)
/opt/syslinux/bios/com32/lib/libcom32core.a(strdup.o)
                              (--whole-archive)
/opt/syslinux/bios/com32/lib/libcom32core.a(strcpy.o)
                              (--whole-archive)
/opt/syslinux/bios/com32/lib/libcom32core.a(strncpy.o)
                              (--whole-archive)
/opt/syslinux/bios/com32/lib/libcom32core.a(setjmp.o)
                              (--whole-archive)
/opt/syslinux/bios/com32/lib/libcom32core.a(fopen.o)
                              (--whole-archive)
/opt/syslinux/bios/com32/lib/libcom32core.a(fread.o)
                              (--whole-archive)
/opt/syslinux/bios/com32/lib/libcom32core.a(fread2.o)
                              (--whole-archive)
/opt/syslinux/bios/com32/lib/libcom32core.a(puts.o)
                              (--whole-archive)
/opt/syslinux/bios/com32/lib/libcom32core.a(strtoul.o)
                              (--whole-archive)
/opt/syslinux/bios/com32/lib/libcom32core.a(strntoumax.o)
                              (--whole-archive)
/opt/syslinux/bios/com32/lib/libcom32core.a(strcasecmp.o)
                              (--whole-archive)
/opt/syslinux/bios/com32/lib/libcom32core.a(sprintf.o)
                              (--whole-archive)
/opt/syslinux/bios/com32/lib/libcom32core.a(strlcat.o)
                              (--whole-archive)
/opt/syslinux/bios/com32/lib/libcom32core.a(strchr.o)
                              (--whole-archive)
/opt/syslinux/bios/com32/lib/libcom32core.a(strlcpy.o)
[...]
Memory Configuration

Name             Origin             Length             Attributes
*default*        0x0000000000000000 0xffffffffffffffff

Linker script and memory map

                0x0000000000010000                STACK32_LEN = 0x10000
                0x0000000000000000                . = 0x0
                0x0000000000000000                __module_start = ABSOLUTE (.)

.prefix         0x0000000000000000       0x14
 *(.prefix)
 .prefix        0x0000000000000000       0x14 pxelinux.o
                0x0000000000001000                . = 0x1000

.earlybss       0x0000000000001000     0x280c
                0x0000000000001000                __earlybss_start = .
 *(.earlybss)
 .earlybss      0x0000000000001000     0x280c pxelinux.o
                0x0000000000001000                trackbuf
                0x0000000000003000                InitStack
                0x0000000000003808                RealModeSSSP
                0x000000000000380c                __earlybss_end = .
                0x000000000000280c                __earlybss_len = (ABSOLUTE (__earlybss_end) - ABSOLUTE (__earlybss_start))
                0x0000000000000a03                __earlybss_dwords = ((__earlybss_len + 0x3) >> 0x2)
                0x000000000000380c                . = ALIGN (0x4)

.bss16          0x0000000000003810      0x242
                0x0000000000003810                __bss16_start = .
 *(.bss16)
 .bss16         0x0000000000003810      0x23d pxelinux.o
                0x0000000000003814                RebootTime
                0x000000000000381a                DHCPMagic
                0x000000000000381b                BIOSName
                0x0000000000003834                KernelName
                0x0000000000003934                CurrentDirName
                0x0000000000003a49                OrigFDCTabPtr
 *fill*         0x0000000000003a4d        0x1 
 .bss16         0x0000000000003a4e        0x4 libcom32.a(fs.o)
                0x0000000000003a4e                SectorShift
                0x0000000000003a50                SectorSize
                0x0000000000003a52                __bss16_end = .
                0x0000000000000242                __bss16_len = (ABSOLUTE (__bss16_end) - ABSOLUTE (__bss16_start))
                0x0000000000000091                __bss16_dwords = ((__bss16_len + 0x3) >> 0x2)
                0x0000000000003a54                . = ALIGN (0x4)

.config         0x0000000000003a54        0x0 load address 0x0000000000008988
                0x0000000000003a54                __config_start = .
 *(.config)
 .config        0x0000000000003a54        0x0 pxelinux.o
                0x0000000000003a54                __config_end = .
                0x0000000000000000                __config_len = (ABSOLUTE (__config_end) - ABSOLUTE (__config_start))
                0x0000000000000000                __config_dwords = ((__config_len + 0x3) >> 0x2)
                0x0000000000003a80                . = ALIGN (0x80)

.replacestub    0x0000000000003a80        0x0 load address 0x0000000000008988
                0x0000000000003a80                __replacestub_start = .
 *(.replacestub)
 .replacestub   0x0000000000003a80        0x0 pxelinux.o
                0x0000000000003a80                __replacestub_end = .
                0x0000000000000000                __replacestub_len = (ABSOLUTE (__replacestub_end) - ABSOLUTE (__replacestub_start))
                0x0000000000000000                __replacestub_dwords = ((__replacestub_len + 0x3) >> 0x2)
                0x0000000000003a80                . = ALIGN (0x10)
                0x0000000000003a80                __gentextnr_lma = .

.gentextnr      0x0000000000003a80      0x418
                0x0000000000003a80                __gentextnr_start = .
 *(.gentextnr)
 .gentextnr     0x0000000000003a80      0x418 pxelinux.o
                0x0000000000003e98                __gentextnr_end = .
                0x0000000000000418                __gentextnr_len = (ABSOLUTE (__gentextnr_end) - ABSOLUTE (__gentextnr_start))
                0x0000000000000106                __gentextnr_dwords = ((__gentextnr_len + 0x3) >> 0x2)
                0x0000000000006000                . = STACK_BASE

.stack16        0x0000000000006000     0x1000
                0x0000000000006000                __stack16_start = .
                0x0000000000007000                . = (. + STACK_LEN)
 *fill*         0x0000000000006000     0x1000 
                0x0000000000007000                __stack16_end = .
 .stack16       0x0000000000007000        0x0 pxelinux.o
                0x0000000000001000                __stack16_len = (ABSOLUTE (__stack16_end) - ABSOLUTE (__stack16_start))
                0x0000000000000400                __stack16_dwords = ((__stack16_len + 0x3) >> 0x2)
                0x0000000000007c00                . = 0x7c00

.init           0x0000000000007c00        0x0
 FILL mask 0x90909090
                0x0000000000007c00                __init_start = .
 *(.init)
 .init          0x0000000000007c00        0x0 pxelinux.o
                0x0000000000007c00                __init_end = .
                0x0000000000000000                __init_len = (ABSOLUTE (__init_end) - ABSOLUTE (__init_start))
                0x0000000000000000                __init_dwords = ((__init_len + 0x3) >> 0x2)
                0x0000000000007c00                . = ALIGN (0x4)

.text16         0x0000000000007c00      0x6fd
 FILL mask 0x90909090
                0x0000000000007c00                __text16_start = .
 *(.text16)
 .text16        0x0000000000007c00      0x6fd pxelinux.o
                0x0000000000007c00                _start
                0x0000000000007c18                bdhcp_len
                0x0000000000007c20                adhcp_len
                0x0000000000007cae                local_boot16
                0x0000000000007cd4                kaboom
                0x0000000000007d53                pxenv
                0x0000000000007d88                PXEEntry
                0x0000000000007dc0                pxe_int1a
                0x0000000000007dd9                gpxe_unload
                0x0000000000008074                adv_init
                0x00000000000081a7                adv_write
                0x00000000000082db                bios_timer_cleanup
                0x00000000000082e4                timer_irq
                0x00000000000082f9                BIOS_timer_next
                0x00000000000082fd                __text16_end = .
                0x00000000000006fd                __text16_len = (ABSOLUTE (__text16_end) - ABSOLUTE (__text16_start))
                0x00000000000001c0                __text16_dwords = ((__text16_len + 0x3) >> 0x2)
                0x0000000000008300                . = ALIGN (0x10)

.textnr         0x0000000000008300      0x3c0
 FILL mask 0x90909090
                0x0000000000008300                __textnr_start = .
 *(.textnr)
 .textnr        0x0000000000008300      0x10c pxelinux.o
                0x000000000000840b                core_pm_null_hook
 *fill*         0x000000000000840c        0x4 90909090
 .textnr        0x0000000000008410      0x2b0 libcom32.a(lzo1x_f2.o)
                0x0000000000008410                _lzo1x_decompress_asm_fast_safe
                0x00000000000086c0                __textnr_end = .
                0x00000000000003c0                __textnr_len = (ABSOLUTE (__textnr_end) - ABSOLUTE (__textnr_start))
                0x00000000000000f0                __textnr_dwords = ((__textnr_len + 0x3) >> 0x2)
                0x00000000000086c0                . = ALIGN (0x10)
                0x00000000000086c0                __bcopyxx_start = .

.bcopyxx.text   0x00000000000086c0      0x147
 FILL mask 0x90909090
                0x00000000000086c0                __bcopyxx_text_start = .
 *(.bcopyxx.text)
 .bcopyxx.text  0x00000000000086c0      0x147 pxelinux.o
                0x0000000000008776                do_raw_shuffle_and_boot
                0x0000000000008807                __bcopyxx_text_end = .
                0x0000000000000147                __bcopyxx_text_len = (ABSOLUTE (__bcopyxx_text_end) - ABSOLUTE (__bcopyxx_text_start))
                0x0000000000000052                __bcopyxx_text_dwords = ((__bcopyxx_text_len + 0x3) >> 0x2)

.bcopyxx.data   0x0000000000008810       0x36
                0x0000000000008810                __bcopyxx_data_start = .
 *(.bcopyxx.text)
                0x0000000000008810                __bcopyxx_data_end = .
 .bcopyxx.data  0x0000000000008810       0x36 pxelinux.o
                0x0000000000000000                __bcopyxx_data_len = (ABSOLUTE (__bcopyxx_data_end) - ABSOLUTE (__bcopyxx_data_start))
                0x0000000000000000                __bcopyxx_data_dwords = ((__bcopyxx_data_len + 0x3) >> 0x2)
                0x0000000000008846                __bcopyxx_end = .
                0x0000000000000186                __bcopyxx_len = (ABSOLUTE (__bcopyxx_end) - ABSOLUTE (__bcopyxx_start))
                0x0000000000000062                __bcopyxx_dwords = ((__bcopyxx_len + 0x3) >> 0x2)
                0x0000000000008848                . = ALIGN (0x4)

.data16         0x0000000000008850      0x135
                0x0000000000008850                __data16_start = .
 *(.data16)
 .data16        0x0000000000008850      0x135 pxelinux.o
                0x0000000000008850                BaseStack
                0x0000000000008860                __com32
                0x00000000000088a0                core_pm_hook
                0x00000000000088dc                __jiffies
                0x00000000000088e0                __ms_timer
                0x00000000000088e6                copyright_str
                0x000000000000896e                syslinux_banner
                0x0000000000008984                KeepPXE
                0x0000000000008985                __data16_end = .
                0x0000000000000135                __data16_len = (ABSOLUTE (__data16_end) - ABSOLUTE (__data16_start))
                0x000000000000004e                __data16_dwords = ((__data16_len + 0x3) >> 0x2)
                0x0000000000008988                . = ALIGN (0x4)
                0x0000000000008988                __config_lma = ABSOLUTE (.)
                0x0000000000008988                . = (. + SIZEOF (.config))
                0x0000000000008988                . = ALIGN (0x4)
                0x0000000000008988                __replacestub_lma = ABSOLUTE (.)
                0x0000000000008988                . = (. + SIZEOF (.replacestub))
                0x0000000000008990                . = ALIGN (0x10)
                0x0000000000008990                __pm_code_lma = ABSOLUTE (.)
                0x0000000000008990                __high_clear_start = .
                0x0000000000008a00                . = ALIGN (0x200)

.adv            0x0000000000008a00      0x400
                0x0000000000008a00                __adv_start = .
 *(.adv)
 .adv           0x0000000000008a00      0x400 pxelinux.o
                0x0000000000008e00                __adv_end = .
                0x0000000000000400                __adv_len = (ABSOLUTE (__adv_end) - ABSOLUTE (__adv_start))
                0x0000000000000100                __adv_dwords = ((__adv_len + 0x3) >> 0x2)
                0x0000000000008e00                . = ALIGN (0x4)

.uibss          0x0000000000008e00      0x100
                0x0000000000008e00                __uibss_start = .
 *(.uibss)
 .uibss         0x0000000000008e00      0x100 pxelinux.o
                0x0000000000008f00                __uibss_end = .
                0x0000000000000100                __uibss_len = (ABSOLUTE (__uibss_end) - ABSOLUTE (__uibss_start))
                0x0000000000000040                __uibss_dwords = ((__uibss_len + 0x3) >> 0x2)
                0x0000000000008f00                _end16 = .
                0x0000000000000001                __assert_end16 = ASSERT ((_end16 <= 0x10000), 64K overflow)
                0x0000000000010000                . = ALIGN (0x10000)

.xfer_buf       0x0000000000010000    0x10000
 *(.xfer_buf)
 .xfer_buf      0x0000000000010000    0x10000 pxelinux.o
                0x0000000000010000                core_xfer_buf
                0x0000000000001000                xfer_buf_seg = (core_xfer_buf >> 0x4)
                0x0000000000020000                . = ALIGN (0x10)

.auxseg         0x0000000000020000        0x0
                0x0000000000020000                __auxseg_start = .
 *(.auxseg)
                0x0000000000020000                __auxseg_end = .
                0x0000000000000000                __auxseg_len = (ABSOLUTE (__auxseg_end) - ABSOLUTE (__auxseg_start))
                0x0000000000000000                __auxseg_dwords = ((__auxseg_len + 0x3) >> 0x2)
                0x0000000000002000                aux_seg = (__auxseg_start >> 0x4)

.lowmem         0x0000000000020000     0x4400
                0x0000000000020000                __lowmem_start = .
 *(.lowmem)
 .lowmem        0x0000000000020000       0x5c libcom32.a(diskio_bios.o)
 *fill*         0x000000000002005c        0x4 
 .lowmem        0x0000000000020060     0x2000 libcom32.a(font.o)
                0x0000000000020060                fontbuf
 .lowmem        0x0000000000022060       0x72 libpxelinux.a(pxe.o)
                0x0000000000022060                pxe_undi_iface
                0x00000000000220a0                pxe_undi_info
 *fill*         0x00000000000220d2        0x2 
 .lowmem        0x00000000000220d4       0x2c libpxelinux.a(bios.o)
 .lowmem        0x0000000000022100      0x840 libpxelinux.a(idle.o)
 .lowmem        0x0000000000022940      0xa70 libpxelinux.a(core.o)
 *fill*         0x00000000000233b0       0x10 
 .lowmem        0x00000000000233c0     0x1040 libpxelinux.a(dnsresolv.o)
                0x0000000000024400                __lowmem_end = .
                0x0000000000004400                __lowmem_len = (ABSOLUTE (__lowmem_end) - ABSOLUTE (__lowmem_start))
                0x0000000000001100                __lowmem_dwords = ((__lowmem_len + 0x3) >> 0x2)
                0x0000000000024400                __high_clear_end = .
                0x000000000001ba70                __high_clear_len = (ABSOLUTE (__high_clear_end) - ABSOLUTE (__high_clear_start))
                0x0000000000006e9c                __high_clear_dwords = ((__high_clear_len + 0x3) >> 0x2)
                0x0000000000024400                . = ALIGN (0x10)
                0x0000000000024400                __lowmem_heap = .
                0x0000000000100000                . = 0x100000
                0x0000000000100000                __pm_code_start = .
                0xfffffffffff08990                __vma_to_lma = ABSOLUTE ((__pm_code_lma - __pm_code_start))

.text           0x0000000000100000     0x90fe load address 0x0000000000008990
 FILL mask 0x90909090
                0x0000000000100000                __text_start = .
 *(.text)
 .text          0x0000000000100000      0x12d pxelinux.o
                0x0000000000100000                core_farcall
                0x0000000000100006                core_intcall
                0x00000000001000a6                core_cfarcall
 .text          0x000000000010012d       0x37 libcom32.a(writestr.o)
                0x000000000010012d                crlf
                0x0000000000100141                writestr
                0x0000000000100155                pm_writestr
 .text          0x0000000000100164       0x3c libcom32.a(idle.o)
                0x0000000000100164                reset_idle
                0x0000000000100170                __idle
 .text          0x00000000001001a0        0x8 libcom32.a(cleanup.o)
                0x00000000001001a0                cleanup_hardware
 .text          0x00000000001001a8      0x115 libcom32.a(init.o)
                0x00000000001001a8                scan_highmem_area
                0x0000000000100200                mem_init
 .text          0x00000000001002bd      0x2f5 libcom32.a(conio.o)
                0x00000000001002bd                loadkeys
                0x00000000001002ef                write_serial
                0x0000000000100340                pm_write_serial
                0x0000000000100346                serialcfg
                0x0000000000100388                pm_serialcfg
                0x0000000000100393                write_serial_str
                0x00000000001003a8                bios_pollchar
                0x000000000010041f                pollchar
                0x000000000010042a                pm_pollchar
                0x0000000000100446                bios_getchar
                0x0000000000100543                bios_shiftflags
                0x0000000000100583                kbd_shiftflags
                0x0000000000100597                getchar
                0x00000000001005a2                pm_getchar
 .text          0x00000000001005b2       0x61 libcom32.a(writehex.o)
                0x00000000001005e6                writehex2
                0x00000000001005ed                writehex4
                0x00000000001005f7                writehex8
                0x0000000000100601                pm_writehex2
                0x0000000000100607                pm_writehex4
                0x000000000010060d                pm_writehex8
 .text          0x0000000000100613      0x3af libcom32.a(load_env32.o)
                0x0000000000100628                init_module_subsystem
                0x000000000010064e                start_ldlinux
                0x00000000001007aa                load_env32
                0x00000000001008af                com32_cmdline
                0x00000000001008b5                create_args_and_load
                0x00000000001009a0                pm_env32_run
 .text          0x00000000001009c2       0x33 libcom32.a(getcwd.o)
                0x00000000001009c2                core_getcwd
 .text          0x00000000001009f5       0x64 libcom32.a(readdir.o)
                0x00000000001009f5                opendir
                0x0000000000100a2d                readdir
                0x0000000000100a51                closedir
 .text          0x0000000000100a59      0x520 libcom32.a(fs.o)
                0x0000000000100a59                alloc_inode
                0x0000000000100a81                put_inode
                0x0000000000100aab                _close_file
                0x0000000000100aca                open_config
                0x0000000000100b2f                mangle_name
                0x0000000000100b3a                pmapi_read_file
                0x0000000000100b8a                searchdir
                0x0000000000100ded                open_file
                0x0000000000100e60                close_file
                0x0000000000100e77                fs_uuid
                0x0000000000100e92                fs_init
 .text          0x0000000000100f79      0x1f7 libcom32.a(chdir.o)
                0x0000000000100feb                realpath
                0x0000000000101072                pm_realpath
                0x0000000000101096                chdir
 .text          0x0000000000101170       0x72 libcom32.a(diskio.o)
                0x0000000000101170                getoneblk
                0x00000000001011ae                device_init
 .text          0x00000000001011e2      0x716 libcom32.a(diskio_bios.o)
                0x00000000001016ce                bios_disk_init
                0x00000000001018e6                pm_fs_init
 .text          0x00000000001018f8       0xb2 libcom32.a(searchconfig.o)
                0x00000000001018f8                search_dirs
 .text          0x00000000001019aa      0x1c1 libcom32.a(cache.o)
                0x00000000001019aa                cache_init
                0x0000000000101a45                cache_lock_block
                0x0000000000101a63                _get_cache_block
                0x0000000000101ab0                get_cache
                0x0000000000101aec                cache_read
 .text          0x0000000000101b6b        0x0 libcom32.a(pmapi.o)
 .text          0x0000000000101b6b      0x15e libcom32.a(rllpack.o)
                0x0000000000101b6b                rllpack
                0x0000000000101c29                rllunpack
 .text          0x0000000000101cc9       0xeb libcom32.a(hello.o)
                0x0000000000101cf0                myputchar
                0x0000000000101d0b                myputs
                0x0000000000101d1f                hello
                0x0000000000101d37                hexdump
                0x0000000000101d82                mp1
                0x0000000000101d8c                mp2
                0x0000000000101d96                mp3
                0x0000000000101da0                mp4
                0x0000000000101daa                mp5
 .text          0x0000000000101db4      0x446 libcom32.a(graphics.o)
                0x0000000000101e0e                syslinux_force_text_mode
                0x0000000000101e87                vgadisplayfile
                0x00000000001021a7                vgahidecursor
                0x00000000001021bb                vgashowcursor
                0x00000000001021cf                using_vga
                0x00000000001021ec                pm_using_vga
 .text          0x00000000001021fa      0x1f6 libcom32.a(font.o)
                0x00000000001021fa                bios_adjust_screen
                0x000000000010223e                use_font
                0x000000000010233d                loadfont
                0x00000000001023cc                adjust_screen
                0x00000000001023db                pm_adjust_screen
                0x00000000001023dd                pm_userfont
 .text          0x00000000001023f0      0xb72 libcom32.a(bios.o)
                0x00000000001026fc                bios_adv_init
                0x000000000010271e                bios_adv_write
                0x0000000000102b6a                bios_init
                0x0000000000102f57                syslinux_register_bios
 .text          0x0000000000102f62       0x52 libcom32.a(path.o)
                0x0000000000102f62                path_add
 .text          0x0000000000102fb4        0x7 libcom32.a(init.o)
                0x0000000000102fb4                init
 .text          0x0000000000102fbb        0x0 libcom32.a(lzo1x_f2.o)
 .text          0x0000000000102fbb        0x0 libcom32.a(errno.o)
 .text          0x0000000000102fbb      0x293 libcom32.a(serirq.o)
                0x00000000001030af                sirq_cleanup_nowipe
                0x0000000000103118                sirq_cleanup
                0x000000000010312e                sirq_install
 .text          0x000000000010324e      0x2d5 libcom32.a(malloc.o)
                0x0000000000103289                bios_malloc
                0x0000000000103341                malloc
                0x000000000010334d                lmalloc
                0x000000000010336b                pmapi_lmalloc
                0x000000000010337a                bios_realloc
                0x00000000001034fa                realloc
                0x0000000000103506                zalloc
 .text          0x0000000000103523      0x1db libcom32.a(free.o)
                0x00000000001035f1                bios_free
                0x00000000001035f9                free
                0x0000000000103625                __inject_free_block
                0x00000000001036a4                comboot_cleanup_lowmem
 .text          0x00000000001036fe      0x132 libcom32.a(sysappend.o)
                0x00000000001036fe                do_sysappend
                0x0000000000103774                sysappend_set_uuid
                0x00000000001037d2                sysappend_set_fs_uuid
                0x000000000010380d                print_sysappend
 .text          0x0000000000103830       0x14 libcom32.a(kaboom.o)
                0x0000000000103830                _kaboom
 .text          0x0000000000103844       0x3b libcom32.a(call16.o)
                0x0000000000103844                call16
 .text          0x000000000010387f      0x42d libcom32.a(dmi.o)
                0x000000000010395f                dmi_init
 .text          0x0000000000103cac       0x14 libcom32.a(sem_asm.o)
                0x0000000000103cac                sem_down
                0x0000000000103cb7                sem_up
 .text          0x0000000000103cc0       0xc9 libcom32.a(semaphore.o)
                0x0000000000103cc0                sem_init
                0x0000000000103cd0                __sem_down_slow
                0x0000000000103d5a                __sem_up_slow
 .text          0x0000000000103d89        0x0 libcom32.a(root_thread.o)
 .text          0x0000000000103d89       0x84 libcom32.a(schedule.o)
                0x0000000000103d89                __schedule
                0x0000000000103e00                thread_yield
 .text          0x0000000000103e0d       0x3f libcom32.a(thread_asm.o)
                0x0000000000103e0d                __switch_to
                0x0000000000103e3d                __start_thread
 .text          0x0000000000103e4c       0x30 libcom32.a(exit_thread.o)
                0x0000000000103e4c                __exit_thread
 .text          0x0000000000103e7c       0x1a /opt/syslinux/bios/com32/lib/libcom32core.a(memcpy.o)
                0x0000000000103e7c                memcpy
 .text          0x0000000000103e96       0x29 /opt/syslinux/bios/com32/lib/libcom32core.a(memset.o)
                0x0000000000103e96                memset
 .text          0x0000000000103ebf       0x1e /opt/syslinux/bios/com32/lib/libcom32core.a(memcmp.o)
                0x0000000000103ebf                memcmp
 .text          0x0000000000103edd       0x20 /opt/syslinux/bios/com32/lib/libcom32core.a(printf.o)
                0x0000000000103edd                printf
 .text          0x0000000000103efd       0x27 /opt/syslinux/bios/com32/lib/libcom32core.a(strncmp.o)
                0x0000000000103efd                strncmp
 .text          0x0000000000103f24       0x4d /opt/syslinux/bios/com32/lib/libcom32core.a(vfprintf.o)
                0x0000000000103f24                vfprintf
 .text          0x0000000000103f71        0xf /opt/syslinux/bios/com32/lib/libcom32core.a(strlen.o)
                0x0000000000103f71                strlen
 .text          0x0000000000103f80      0x856 /opt/syslinux/bios/com32/lib/libcom32core.a(vsnprintf.o)
                0x0000000000103f80                vsnprintf
 .text          0x00000000001047d6       0x25 /opt/syslinux/bios/com32/lib/libcom32core.a(snprintf.o)
                0x00000000001047d6                snprintf
 .text          0x00000000001047fb       0x17 /opt/syslinux/bios/com32/lib/libcom32core.a(stpcpy.o)
                0x00000000001047fb                stpcpy
 .text          0x0000000000104812       0x20 /opt/syslinux/bios/com32/lib/libcom32core.a(strcmp.o)
                0x0000000000104812                strcmp
 .text          0x0000000000104832       0x38 /opt/syslinux/bios/com32/lib/libcom32core.a(strdup.o)
                0x0000000000104832                strdup
 .text          0x000000000010486a       0x10 /opt/syslinux/bios/com32/lib/libcom32core.a(strcpy.o)
                0x000000000010486a                strcpy
 .text          0x000000000010487a       0x19 /opt/syslinux/bios/com32/lib/libcom32core.a(strncpy.o)
                0x000000000010487a                strncpy
 *fill*         0x0000000000104893        0x1 90909090
 .text          0x0000000000104894       0x2a /opt/syslinux/bios/com32/lib/libcom32core.a(setjmp.o)
                0x0000000000104894                setjmp
                0x0000000000104894                _setjmp
                0x00000000001048ac                longjmp
 .text          0x00000000001048be       0x71 /opt/syslinux/bios/com32/lib/libcom32core.a(fopen.o)
                0x00000000001048be                fopen
 .text          0x000000000010492f       0x63 /opt/syslinux/bios/com32/lib/libcom32core.a(fread.o)
                0x000000000010492f                _fread
 .text          0x0000000000104992       0x24 /opt/syslinux/bios/com32/lib/libcom32core.a(fread2.o)
                0x0000000000104992                fread
 .text          0x00000000001049b6       0x36 /opt/syslinux/bios/com32/lib/libcom32core.a(puts.o)
                0x00000000001049b6                puts
 .text          0x00000000001049ec       0x16 /opt/syslinux/bios/com32/lib/libcom32core.a(strtoul.o)
                0x00000000001049ec                strtoul
 .text          0x0000000000104a02      0x1c6 /opt/syslinux/bios/com32/lib/libcom32core.a(strntoumax.o)
                0x0000000000104a02                strntoumax
 .text          0x0000000000104bc8       0x47 /opt/syslinux/bios/com32/lib/libcom32core.a(strcasecmp.o)
                0x0000000000104bc8                strcasecmp
 .text          0x0000000000104c0f       0x24 /opt/syslinux/bios/com32/lib/libcom32core.a(sprintf.o)
                0x0000000000104c0f                sprintf
 .text          0x0000000000104c33       0x2f /opt/syslinux/bios/com32/lib/libcom32core.a(strlcat.o)
                0x0000000000104c33                strlcat
 .text          0x0000000000104c62       0x11 /opt/syslinux/bios/com32/lib/libcom32core.a(strchr.o)
                0x0000000000104c62                strchr
 .text          0x0000000000104c73       0x1f /opt/syslinux/bios/com32/lib/libcom32core.a(strlcpy.o)
                0x0000000000104c73                strlcpy
 .text          0x0000000000104c92       0x4e /opt/syslinux/bios/com32/lib/libcom32core.a(strncasecmp.o)
                0x0000000000104c92                strncasecmp
 .text          0x0000000000104ce0        0x0 /opt/syslinux/bios/com32/lib/libcom32core.a(ctypes.o)
 .text          0x0000000000104ce0       0x31 /opt/syslinux/bios/com32/lib/libcom32core.a(fputs.o)
                0x0000000000104ce0                fputs
 .text          0x0000000000104d11       0x24 /opt/syslinux/bios/com32/lib/libcom32core.a(fwrite2.o)
                0x0000000000104d11                fwrite
 .text          0x0000000000104d35       0x63 /opt/syslinux/bios/com32/lib/libcom32core.a(fwrite.o)
                0x0000000000104d35                _fwrite
 .text          0x0000000000104d98       0x31 /opt/syslinux/bios/com32/lib/libcom32core.a(fgetc.o)
                0x0000000000104d98                fgetc
 .text          0x0000000000104dc9       0x14 /opt/syslinux/bios/com32/lib/libcom32core.a(fclose.o)
                0x0000000000104dc9                fclose
 .text          0x0000000000104ddd       0x4a /opt/syslinux/bios/com32/lib/libcom32core.a(lmalloc.o)
                0x0000000000104ddd                lzalloc
                0x0000000000104e14                lfree
 .text          0x0000000000104e27       0x1a /opt/syslinux/bios/com32/lib/libcom32core.a(err_read.o)
 .text          0x0000000000104e41       0x1a /opt/syslinux/bios/com32/lib/libcom32core.a(err_write.o)
 .text          0x0000000000104e5b        0x3 /opt/syslinux/bios/com32/lib/libcom32core.a(null_read.o)
 .text          0x0000000000104e5e       0x6c /opt/syslinux/bios/com32/lib/libcom32core.a(stdcon_write.o)
 .text          0x0000000000104eca       0x99 /opt/syslinux/bios/com32/lib/libcom32core.a(memscan.o)
                0x0000000000104eca                syslinux_memscan_add
                0x0000000000104ef6                syslinux_memscan_new
                0x0000000000104f24                syslinux_scan_memory
 .text          0x0000000000104f63       0x16 /opt/syslinux/bios/com32/lib/libcom32core.a(strrchr.o)
                0x0000000000104f63                strrchr
 .text          0x0000000000104f79       0x2c /opt/syslinux/bios/com32/lib/libcom32core.a(strcat.o)
                0x0000000000104f79                strcat
 *fill*         0x0000000000104fa5        0x3 90909090
 .text          0x0000000000104fa8       0x11 /opt/syslinux/bios/com32/lib/libcom32core.a(__ashldi3.o)
                0x0000000000104fa8                __ashldi3
 .text          0x0000000000104fb9       0x2f /opt/syslinux/bios/com32/lib/libcom32core.a(__udivdi3.o)
                0x0000000000104fb9                __udivdi3
 .text          0x0000000000104fe8        0x8 /opt/syslinux/bios/com32/lib/libcom32core.a(__negdi2.o)
                0x0000000000104fe8                __negdi2
 .text          0x0000000000104ff0       0x11 /opt/syslinux/bios/com32/lib/libcom32core.a(__ashrdi3.o)
                0x0000000000104ff0                __ashrdi3
 *fill*         0x0000000000105001        0x3 90909090
 .text          0x0000000000105004       0x11 /opt/syslinux/bios/com32/lib/libcom32core.a(__lshrdi3.o)
                0x0000000000105004                __lshrdi3
 *fill*         0x0000000000105015        0x3 90909090
 .text          0x0000000000105018       0x15 /opt/syslinux/bios/com32/lib/libcom32core.a(__muldi3.o)
                0x0000000000105018                __muldi3
 .text          0x000000000010502d       0xa0 /opt/syslinux/bios/com32/lib/libcom32core.a(__udivmoddi4.o)
                0x000000000010502d                __udivmoddi4
 .text          0x00000000001050cd       0x3a /opt/syslinux/bios/com32/lib/libcom32core.a(__umoddi3.o)
                0x00000000001050cd                __umoddi3
 .text          0x0000000000105107       0x5f /opt/syslinux/bios/com32/lib/libcom32core.a(__divdi3.o)
                0x0000000000105107                __divdi3
 .text          0x0000000000105166       0x6c /opt/syslinux/bios/com32/lib/libcom32core.a(__moddi3.o)
                0x0000000000105166                __moddi3
 .text          0x00000000001051d2       0x1c /opt/syslinux/bios/com32/lib/libcom32core.a(debug.o)
                0x00000000001051d2                syslinux_debug
 .text          0x00000000001051ee       0x20 /opt/syslinux/bios/com32/lib/libcom32core.a(intcall.o)
                0x00000000001051ee                __intcall
 .text          0x000000000010520e       0x53 /opt/syslinux/bios/com32/lib/libcom32core.a(farcall.o)
                0x000000000010520e                __farcall
 .text          0x0000000000105261       0x28 /opt/syslinux/bios/com32/lib/libcom32core.a(cfarcall.o)
                0x0000000000105261                __cfarcall
 .text          0x0000000000105289        0x0 /opt/syslinux/bios/com32/lib/libcom32core.a(zeroregs.o)
 .text          0x0000000000105289       0xad /opt/syslinux/bios/com32/lib/libcom32core.a(argv.o)
                0x0000000000105289                __parse_argv
 .text          0x0000000000105336       0x4a /opt/syslinux/bios/com32/lib/libcom32core.a(sleep.o)
                0x0000000000105336                msleep
                0x0000000000105367                sleep
 .text          0x0000000000105380        0x0 /opt/syslinux/bios/com32/lib/libcom32core.a(fileinfo.o)
 .text          0x0000000000105380       0xec /opt/syslinux/bios/com32/lib/libcom32core.a(opendev.o)
                0x0000000000105380                opendev
 .text          0x000000000010546c       0x3f /opt/syslinux/bios/com32/lib/libcom32core.a(read.o)
                0x000000000010546c                read
 .text          0x00000000001054ab       0x40 /opt/syslinux/bios/com32/lib/libcom32core.a(write.o)
                0x00000000001054ab                write
 .text          0x00000000001054eb       0x1c /opt/syslinux/bios/com32/lib/libcom32core.a(ftell.o)
                0x00000000001054eb                ftell
 .text          0x0000000000105507       0x86 /opt/syslinux/bios/com32/lib/libcom32core.a(close.o)
                0x0000000000105507                close
 .text          0x000000000010558d       0x78 /opt/syslinux/bios/com32/lib/libcom32core.a(open.o)
                0x000000000010558d                open
 .text          0x0000000000105605      0x116 /opt/syslinux/bios/com32/lib/libcom32core.a(fileread.o)
                0x0000000000105605                __file_get_block
                0x000000000010564f                __file_read
 .text          0x000000000010571b       0x1e /opt/syslinux/bios/com32/lib/libcom32core.a(fileclose.o)
                0x000000000010571b                __file_close
 .text          0x0000000000105739       0x4e /opt/syslinux/bios/com32/lib/libcom32core.a(openmem.o)
                0x0000000000105739                openmem
 .text          0x0000000000105787       0x3a /opt/syslinux/bios/com32/lib/libcom32core.a(isatty.o)
                0x0000000000105787                isatty
 .text          0x00000000001057c1       0x67 /opt/syslinux/bios/com32/lib/libcom32core.a(fstat.o)
                0x00000000001057c1                fstat
 .text          0x0000000000105828        0x0 /opt/syslinux/bios/com32/lib/libcom32core.a(dprintf.o)
 .text          0x0000000000105828        0x0 /opt/syslinux/bios/com32/lib/libcom32core.a(vdprintf.o)
 .text          0x0000000000105828       0x26 /opt/syslinux/bios/com32/lib/libcom32core.a(idle.o)
                0x0000000000105828                syslinux_reset_idle
                0x000000000010583b                syslinux_idle
 .text          0x000000000010584e       0x68 /opt/syslinux/bios/com32/lib/libcom32core.a(exit.o)
                0x000000000010584e                _exit
                0x0000000000105870                exit
                0x00000000001058a5                _Exit
 .text          0x00000000001058b6      0x83f /opt/syslinux/bios/com32/lib/libcom32core.a(common.o)
                0x00000000001058b6                findpath
                0x000000000010594b                image_load
                0x000000000010597d                image_unload
                0x00000000001059b4                image_read
                0x00000000001059ec                image_skip
                0x0000000000105a41                image_seek
                0x0000000000105a65                modules_init
                0x0000000000105a68                modules_term
                0x0000000000105a69                module_alloc
                0x0000000000105ae0                module_dep_alloc
                0x0000000000105b04                module_find
                0x0000000000105b51                check_header_common
                0x0000000000105b95                enforce_dependency
                0x0000000000105c03                clear_dependency
                0x0000000000105c6b                module_unloadable
                0x0000000000105c7e                _module_unload
                0x0000000000105cfd                module_unload
                0x0000000000105d31                unload_modules_since
                0x0000000000105dca                module_find_symbol
                0x0000000000105f6d                check_symbols
                0x0000000000106067                global_find_symbol
 .text          0x00000000001060f5      0x408 /opt/syslinux/bios/com32/lib/libcom32core.a(elf_module.o)
                0x00000000001060f5                load_segments
                0x0000000000106324                perform_relocation
                0x0000000000106410                resolve_symbols
 .text          0x00000000001064fd       0xde /opt/syslinux/bios/com32/lib/libcom32core.a(elfutils.o)
                0x00000000001064fd                elf_hash
                0x0000000000106548                elf_gnu_hash
                0x0000000000106562                elf_malloc
                0x00000000001065c5                elf_free
 .text          0x00000000001065db      0x16b /opt/syslinux/bios/com32/lib/libcom32core.a(exec.o)
                0x00000000001065db                get_module_type
                0x00000000001065e9                spawn_load
                0x0000000000106733                exec_term
 .text          0x0000000000106746      0x45c /opt/syslinux/bios/com32/lib/libcom32core.a(elf_module.o)
                0x0000000000106746                undefined_symbol
                0x0000000000106762                module_load
 .text          0x0000000000106ba2      0x183 libpxelinux.a(rawcon.o)
                0x0000000000106ba2                writechr
                0x0000000000106d1c                pm_writechr
 .text          0x0000000000106d25       0x4a libpxelinux.a(pxeboot.o)
                0x0000000000106d25                local_boot
 .text          0x0000000000106d6f       0x60 libpxelinux.a(pxelinux-c.o)
                0x0000000000106d6f                get_derivative_info
 .text          0x0000000000106dcf      0x2da libpxelinux.a(dhcp_option.o)
                0x0000000000106f7a                parse_dhcp_options
                0x0000000000106feb                parse_dhcp
 .text          0x00000000001070a9      0x75f libpxelinux.a(pxe.o)
                0x0000000000107541                free_socket
                0x000000000010774f                ip_ok
                0x0000000000107773                pxe_call
                0x00000000001077d2                pxe_getc
 .text          0x0000000000107808      0x716 libpxelinux.a(tftp.o)
                0x000000000010799a                tftp_open
                0x0000000000107ccf                tftp_put
 .text          0x0000000000107f1e      0x261 libpxelinux.a(urlparse.o)
                0x0000000000107f1e                url_type
                0x0000000000107f51                parse_url
                0x000000000010806a                url_escape_unsafe
                0x00000000001080d7                url_unescape
 .text          0x000000000010817f      0x615 libpxelinux.a(bios.o)
                0x00000000001082cf                pxe_init
                0x0000000000108575                gpxe_init
                0x00000000001085bd                unload_pxe
                0x00000000001086b0                net_parse_dhcp
 .text          0x0000000000108794       0xcb libpxelinux.a(idle.o)
                0x00000000001087ed                pxe_idle_init
                0x0000000000108854                pxe_idle_cleanup
 .text          0x000000000010885f      0x3f4 libpxelinux.a(core.o)
                0x0000000000108925                core_udp_open
                0x0000000000108935                core_udp_close
                0x0000000000108944                core_udp_connect
                0x000000000010894d                core_udp_disconnect
                0x000000000010894e                core_udp_recv
                0x00000000001089f6                core_udp_send
                0x0000000000108a86                core_udp_sendto
                0x0000000000108b30                net_core_init
                0x0000000000108b79                probe_undi
                0x0000000000108b7a                pxe_init_isr
                0x0000000000108b7b                reset_pxe
                0x0000000000108b92                gpxe_open
 .text          0x0000000000108c53      0x444 libpxelinux.a(dnsresolv.o)
                0x0000000000108c53                dns_mangle
                0x0000000000108cc6                dns_resolv
 .text          0x0000000000109097       0x4b libpxelinux.a(portnum.o)
                0x0000000000109097                get_port
                0x00000000001090cb                free_port
 *(.text.*)
 .text.__x86.get_pc_thunk.bx
                0x00000000001090e2        0x4 /opt/syslinux/bios/com32/lib/libcom32core.a(printf.o)
                0x00000000001090e2                __x86.get_pc_thunk.bx
 .text.__x86.get_pc_thunk.di
                0x00000000001090e6        0x4 /opt/syslinux/bios/com32/lib/libcom32core.a(vsnprintf.o)
                0x00000000001090e6                __x86.get_pc_thunk.di
 .text.__x86.get_pc_thunk.si
                0x00000000001090ea        0x4 /opt/syslinux/bios/com32/lib/libcom32core.a(strntoumax.o)
                0x00000000001090ea                __x86.get_pc_thunk.si
 .text.__x86.get_pc_thunk.cx
                0x00000000001090ee        0x4 /opt/syslinux/bios/com32/lib/libcom32core.a(strcasecmp.o)
                0x00000000001090ee                __x86.get_pc_thunk.cx
 .text.__x86.get_pc_thunk.ax
                0x00000000001090f2        0x4 /opt/syslinux/bios/com32/lib/libcom32core.a(err_read.o)
                0x00000000001090f2                __x86.get_pc_thunk.ax
 .text.__x86.get_pc_thunk.dx
                0x00000000001090f6        0x4 /opt/syslinux/bios/com32/lib/libcom32core.a(memscan.o)
                0x00000000001090f6                __x86.get_pc_thunk.dx
 .text.__x86.get_pc_thunk.bp
                0x00000000001090fa        0x4 /opt/syslinux/bios/com32/lib/libcom32core.a(memscan.o)
                0x00000000001090fa                __x86.get_pc_thunk.bp
                0x00000000001090fe                __text_end = .

.plt            0x0000000000109100        0x0 load address 0x0000000000011a90
 .plt           0x0000000000109100        0x0 pxelinux.o

.plt.got        0x0000000000109100        0x0 load address 0x0000000000011a90
 .plt.got       0x0000000000109100        0x0 pxelinux.o

.rodata         0x0000000000109100      0xc3b load address 0x0000000000011a90
                0x0000000000109100                __rodata_start = .
 *(.rodata)
 .rodata        0x0000000000109100        0xc pxelinux.o
                0x0000000000109108                __syslinux_shuffler_size
 *fill*         0x000000000010910c       0x14 
 .rodata        0x0000000000109120       0x44 libcom32.a(pmapi.o)
                0x0000000000109120                pm_api_vector
 .rodata        0x0000000000109164        0x6 libcom32.a(sysappend.o)
 *fill*         0x000000000010916a       0x16 
 .rodata        0x0000000000109180       0xc8 libcom32.a(dmi.o)
 .rodata        0x0000000000109248       0x7d /opt/syslinux/bios/com32/lib/libcom32core.a(vsnprintf.o)
 *fill*         0x00000000001092c5       0x1b 
 .rodata        0x00000000001092e0      0x101 /opt/syslinux/bios/com32/lib/libcom32core.a(ctypes.o)
                0x00000000001092e0                __ctypes
 *fill*         0x00000000001093e1        0x3 
 .rodata        0x00000000001093e4       0x24 /opt/syslinux/bios/com32/lib/libcom32core.a(elf_module.o)
 *fill*         0x0000000000109408       0x18 
 .rodata        0x0000000000109420       0x68 libpxelinux.a(dhcp_option.o)
 *fill*         0x0000000000109488       0x18 
 .rodata        0x00000000001094a0       0x48 libpxelinux.a(pxe.o)
                0x00000000001094a0                pxe_fs_ops
 *fill*         0x00000000001094e8       0x18 
 .rodata        0x0000000000109500       0x60 libpxelinux.a(tftp.o)
                0x0000000000109524                tftp_conn_ops
                0x0000000000109540                TimeoutTable
 .rodata        0x0000000000109560       0x11 libpxelinux.a(urlparse.o)
 *fill*         0x0000000000109571        0x3 
 .rodata        0x0000000000109574        0x8 libpxelinux.a(bios.o)
 *fill*         0x000000000010957c        0x4 
 .rodata        0x0000000000109580       0x2c libpxelinux.a(idle.o)
 .rodata        0x00000000001095ac       0x24 libpxelinux.a(core.o)
                0x00000000001095ac                gpxe_conn_ops
                0x00000000001095b8                url_schemes
 *(.rodata.*)
 .rodata.str1.1
                0x00000000001095d0        0x0 libcom32.a(conio.o)
                                          0x2 (size before relaxing)
 .rodata.str1.1
                0x00000000001095d0       0x7a libcom32.a(load_env32.o)
                                         0x90 (size before relaxing)
 .rodata.str1.1
                0x000000000010964a       0x41 libcom32.a(fs.o)
                                         0x46 (size before relaxing)
 .rodata.str1.1
                0x000000000010968b        0x2 libcom32.a(chdir.o)
 .rodata.str1.1
                0x000000000010968b       0x5b libcom32.a(diskio_bios.o)
 .rodata.str1.1
                0x00000000001096e6        0x7 libcom32.a(searchconfig.o)
                                          0xa (size before relaxing)
 .rodata.str1.1
                0x00000000001096ed       0x42 libcom32.a(hello.o)
                                         0x44 (size before relaxing)
 .rodata.str1.1
                0x000000000010972f        0x2 libcom32.a(font.o)
 .rodata.str1.1
                0x000000000010972f       0xd2 libcom32.a(bios.o)
 .rodata.str1.1
                0x0000000000109801       0x30 libcom32.a(free.o)
 .rodata.str1.1
                0x0000000000109831       0x30 libcom32.a(sysappend.o)
                                          0xc (size before relaxing)
 .rodata.str1.1
                0x0000000000109831       0x98 libcom32.a(dmi.o)
                                         0x9b (size before relaxing)
 .rodata.str1.1
                0x00000000001098c9        0x5 libcom32.a(root_thread.o)
 .rodata.str1.1
                0x00000000001098ce        0x7 /opt/syslinux/bios/com32/lib/libcom32core.a(vsnprintf.o)
 .rodata.str1.1
                0x00000000001098d5        0x2 /opt/syslinux/bios/com32/lib/libcom32core.a(puts.o)
 .rodata.str1.1
                0x00000000001098d5       0x1a /opt/syslinux/bios/com32/lib/libcom32core.a(debug.o)
 .rodata.str1.1
                0x00000000001098ef       0x1a /opt/syslinux/bios/com32/lib/libcom32core.a(common.o)
                                         0x24 (size before relaxing)
 .rodata.str1.1
                0x0000000000109909       0x11 /opt/syslinux/bios/com32/lib/libcom32core.a(elf_module.o)
 .rodata.str1.1
                0x000000000010991a       0xcf /opt/syslinux/bios/com32/lib/libcom32core.a(elf_module.o)
 .rodata.str1.1
                0x00000000001099e9       0x1b libpxelinux.a(pxeboot.o)
 .rodata.str1.1
                0x0000000000109a04       0xe6 libpxelinux.a(pxe.o)
                                         0xec (size before relaxing)
 .rodata.str1.1
                0x0000000000109aea       0x95 libpxelinux.a(tftp.o)
 .rodata.str1.1
                0x0000000000109b7f        0x5 libpxelinux.a(urlparse.o)
                                          0x6 (size before relaxing)
 .rodata.str1.1
                0x0000000000109b84      0x197 libpxelinux.a(bios.o)
                                        0x199 (size before relaxing)
 .rodata.str1.1
                0x0000000000109d1b       0x20 libpxelinux.a(core.o)
                                         0x2c (size before relaxing)
                0x0000000000109d3b                __rodata_end = .

.gnu.version_d  0x0000000000109d3c        0x0 load address 0x00000000000126cc
 .gnu.version_d
                0x0000000000109d3c        0x0 pxelinux.o

.gnu.version    0x0000000000109d3c        0x0 load address 0x00000000000126cc
 .gnu.version   0x0000000000109d3c        0x0 pxelinux.o

.gnu.version_r  0x0000000000109d3c        0x0 load address 0x00000000000126cc
 .gnu.version_r
                0x0000000000109d3c        0x0 pxelinux.o

.ctors          0x0000000000109d3b        0x0 load address 0x00000000000126cb
                0x0000000000109d3b                __ctors_start = .
 *(SORT(.ctors.*))
 *(.ctors)
                0x0000000000109d3b                __ctors_end = .

.dtors          0x0000000000109d3b        0x0 load address 0x00000000000126cb
                0x0000000000109d3b                __dtors_start = .
 *(SORT(.dtors.*))
 *(.dtors)
                0x0000000000109d3b                __dtors_end = .

.dynsym         0x0000000000109d3c     0x16d0 load address 0x00000000000126cc
                0x0000000000109d3c                __dynsym_start = .
 *(.dynsym)
 .dynsym        0x0000000000109d3c     0x16d0 pxelinux.o
                0x000000000010b40c                __dynsym_end = .
                0x00000000000016d0                __dynsym_len = (__dynsym_end - __dynsym_start)

.dynstr         0x000000000010b40c     0x10de load address 0x0000000000013d9c
                0x000000000010b40c                __dynstr_start = .
 *(.dynstr)
 .dynstr        0x000000000010b40c     0x10de pxelinux.o
                0x000000000010c4ea                __dynstr_end = .
                0x00000000000010de                __dynstr_len = (__dynstr_end - __dynstr_start)

.gnu.hash       0x000000000010c4ec      0xadc load address 0x0000000000014e7c
                0x000000000010c4ec                __gnu_hash_start = .
 *(.gnu.hash)
 .gnu.hash      0x000000000010c4ec      0xadc pxelinux.o
                0x000000000010cfc8                __gnu_hash_end = .

.rel.dyn        0x000000000010cfc8     0x20f0 load address 0x0000000000015958
 .rel.plt       0x000000000010cfc8        0x0 pxelinux.o
 .rel.got       0x000000000010cfc8        0x8 pxelinux.o
 .rel.bss       0x000000000010cfd0        0x0 pxelinux.o
 .rel.data.rel.ro
                0x000000000010cfd0       0x10 pxelinux.o
 .rel.ifunc     0x000000000010cfe0        0x0 pxelinux.o
 .rel.text16    0x000000000010cfe0       0xc8 pxelinux.o
 .rel.textnr    0x000000000010d0a8       0xd8 pxelinux.o
 .rel.bcopyxx.text
                0x000000000010d180       0x28 pxelinux.o
 .rel.bcopyxx.data
                0x000000000010d1a8        0x8 pxelinux.o
 .rel.data16    0x000000000010d1b0       0x38 pxelinux.o
 .rel.rodata    0x000000000010d1e8      0x1e0 pxelinux.o
 .rel.text      0x000000000010d3c8     0x1aa0 pxelinux.o
 .rel.data      0x000000000010ee68      0x1e8 pxelinux.o
 .rel.prefix    0x000000000010f050       0x18 pxelinux.o
 .rel.data.rel.ro.local
                0x000000000010f068       0x28 pxelinux.o
 .rel.data.rel.local
                0x000000000010f090       0x10 pxelinux.o
 .rel.data.rel  0x000000000010f0a0       0x18 pxelinux.o

.dynlink        0x000000000010f0b8        0x0 load address 0x0000000000017a48
                0x000000000010f0b8                __dynlink_start = .
 *(.dynlink)
                0x000000000010f0b8                __dynlink_end = .

.got            0x000000000010f0b8       0x10 load address 0x0000000000017a48
                0x000000000010f0b8                __got_start = .
 *(.got)
 .got           0x000000000010f0b8        0x4 pxelinux.o
 *(.got.plt)
 .got.plt       0x000000000010f0bc        0xc pxelinux.o
                0x000000000010f0bc                _GLOBAL_OFFSET_TABLE_
                0x000000000010f0c8                __got_end = .

.dynamic        0x000000000010f0c8       0x90 load address 0x0000000000017a58
                0x000000000010f0c8                __dynamic_start = .
 *(.dynamic)
 .dynamic       0x000000000010f0c8       0x90 pxelinux.o
                0x000000000010f0c8                _DYNAMIC
                0x000000000010f158                __dynamic_end = .

.data           0x000000000010f160      0x534 load address 0x0000000000017af0
                0x000000000010f160                __data_start = .
 *(.data)
 .data          0x000000000010f160        0x8 pxelinux.o
                0x000000000010f160                __syslinux_adv_ptr
                0x000000000010f164                __syslinux_adv_size
 .data          0x000000000010f168        0x0 libcom32.a(writestr.o)
 .data          0x000000000010f168        0x0 libcom32.a(idle.o)
 .data          0x000000000010f168        0x0 libcom32.a(cleanup.o)
 .data          0x000000000010f168        0x0 libcom32.a(init.o)
 .data          0x000000000010f168        0x6 libcom32.a(conio.o)
                0x000000000010f168                ScrollAttribute
                0x000000000010f169                DisplayMask
                0x000000000010f16a                DisplayCon
                0x000000000010f16c                BaudDivisor
 .data          0x000000000010f16e        0x0 libcom32.a(writehex.o)
 *fill*         0x000000000010f16e       0x12 
 .data          0x000000000010f180      0x298 libcom32.a(load_env32.o)
                0x000000000010f1a0                core_module
 .data          0x000000000010f418        0x0 libcom32.a(getcwd.o)
 .data          0x000000000010f418        0x0 libcom32.a(readdir.o)
 .data          0x000000000010f418        0x2 libcom32.a(fs.o)
 .data          0x000000000010f41a        0x0 libcom32.a(chdir.o)
 .data          0x000000000010f41a        0x0 libcom32.a(diskio.o)
 .data          0x000000000010f41a        0x0 libcom32.a(diskio_bios.o)
 .data          0x000000000010f41a        0x0 libcom32.a(searchconfig.o)
 .data          0x000000000010f41a        0x0 libcom32.a(cache.o)
 .data          0x000000000010f41a        0x0 libcom32.a(pmapi.o)
 .data          0x000000000010f41a        0x0 libcom32.a(rllpack.o)
 *fill*         0x000000000010f41a        0x2 
 .data          0x000000000010f41c        0xe libcom32.a(hello.o)
 *fill*         0x000000000010f42a        0x2 
 .data          0x000000000010f42c       0x14 libcom32.a(graphics.o)
                0x000000000010f43e                VGAFontSize
 .data          0x000000000010f440        0x4 libcom32.a(font.o)
                0x000000000010f440                GXPixRows
                0x000000000010f442                GXPixCols
 *fill*         0x000000000010f444       0x1c 
 .data          0x000000000010f460       0xa4 libcom32.a(bios.o)
                0x000000000010f460                bios_fw
                0x000000000010f48c                bios_mem_ops
                0x000000000010f4a4                bios_vesa_ops
                0x000000000010f4b0                bios_adv_ops
                0x000000000010f4b8                bios_input_ops
                0x000000000010f4e0                bios_output_ops
 .data          0x000000000010f504        0x8 libcom32.a(path.o)
                0x000000000010f504                PATH
 .data          0x000000000010f50c        0x0 libcom32.a(init.o)
 .data          0x000000000010f50c        0x0 libcom32.a(lzo1x_f2.o)
 .data          0x000000000010f50c        0x0 libcom32.a(errno.o)
 .data          0x000000000010f50c        0x8 libcom32.a(serirq.o)
                0x000000000010f50c                SerialTail
                0x000000000010f510                SerialHead
 .data          0x000000000010f514        0xc libcom32.a(malloc.o)
                0x000000000010f514                __malloc_semaphore
 .data          0x000000000010f520        0x0 libcom32.a(free.o)
 .data          0x000000000010f520       0x6d libcom32.a(sysappend.o)
 .data          0x000000000010f58d        0x0 libcom32.a(kaboom.o)
 .data          0x000000000010f58d        0x0 libcom32.a(call16.o)
 *fill*         0x000000000010f58d        0x3 
 .data          0x000000000010f590       0x18 libcom32.a(dmi.o)
 .data          0x000000000010f5a8        0x0 libcom32.a(sem_asm.o)
 .data          0x000000000010f5a8        0x0 libcom32.a(semaphore.o)
 *fill*         0x000000000010f5a8       0x18 
 .data          0x000000000010f5c0       0x48 libcom32.a(root_thread.o)
                0x000000000010f5c0                __current
                0x000000000010f5e0                __root_thread
 .data          0x000000000010f608        0x0 libcom32.a(schedule.o)
 .data          0x000000000010f608        0x0 libcom32.a(thread_asm.o)
 .data          0x000000000010f608        0x0 libcom32.a(exit_thread.o)
 .data          0x000000000010f608        0x0 /opt/syslinux/bios/com32/lib/libcom32core.a(memcpy.o)
 .data          0x000000000010f608        0x0 /opt/syslinux/bios/com32/lib/libcom32core.a(memset.o)
 .data          0x000000000010f608        0x0 /opt/syslinux/bios/com32/lib/libcom32core.a(memcmp.o)
 .data          0x000000000010f608        0x0 /opt/syslinux/bios/com32/lib/libcom32core.a(printf.o)
 .data          0x000000000010f608        0x0 /opt/syslinux/bios/com32/lib/libcom32core.a(strncmp.o)
 .data          0x000000000010f608        0x0 /opt/syslinux/bios/com32/lib/libcom32core.a(vfprintf.o)
 .data          0x000000000010f608        0x0 /opt/syslinux/bios/com32/lib/libcom32core.a(strlen.o)
 .data          0x000000000010f608        0x0 /opt/syslinux/bios/com32/lib/libcom32core.a(vsnprintf.o)
 .data          0x000000000010f608        0x0 /opt/syslinux/bios/com32/lib/libcom32core.a(snprintf.o)
 .data          0x000000000010f608        0x0 /opt/syslinux/bios/com32/lib/libcom32core.a(stpcpy.o)
 .data          0x000000000010f608        0x0 /opt/syslinux/bios/com32/lib/libcom32core.a(strcmp.o)
 .data          0x000000000010f608        0x0 /opt/syslinux/bios/com32/lib/libcom32core.a(strdup.o)
 .data          0x000000000010f608        0x0 /opt/syslinux/bios/com32/lib/libcom32core.a(strcpy.o)
 .data          0x000000000010f608        0x0 /opt/syslinux/bios/com32/lib/libcom32core.a(strncpy.o)
 .data          0x000000000010f608        0x0 /opt/syslinux/bios/com32/lib/libcom32core.a(setjmp.o)
 .data          0x000000000010f608        0x0 /opt/syslinux/bios/com32/lib/libcom32core.a(fopen.o)
 .data          0x000000000010f608        0x0 /opt/syslinux/bios/com32/lib/libcom32core.a(fread.o)
 .data          0x000000000010f608        0x0 /opt/syslinux/bios/com32/lib/libcom32core.a(fread2.o)
 .data          0x000000000010f608        0x0 /opt/syslinux/bios/com32/lib/libcom32core.a(puts.o)
 .data          0x000000000010f608        0x0 /opt/syslinux/bios/com32/lib/libcom32core.a(strtoul.o)
 .data          0x000000000010f608        0x0 /opt/syslinux/bios/com32/lib/libcom32core.a(strntoumax.o)
 .data          0x000000000010f608        0x0 /opt/syslinux/bios/com32/lib/libcom32core.a(strcasecmp.o)
 .data          0x000000000010f608        0x0 /opt/syslinux/bios/com32/lib/libcom32core.a(sprintf.o)
 .data          0x000000000010f608        0x0 /opt/syslinux/bios/com32/lib/libcom32core.a(strlcat.o)
 .data          0x000000000010f608        0x0 /opt/syslinux/bios/com32/lib/libcom32core.a(strchr.o)
 .data          0x000000000010f608        0x0 /opt/syslinux/bios/com32/lib/libcom32core.a(strlcpy.o)
 .data          0x000000000010f608        0x0 /opt/syslinux/bios/com32/lib/libcom32core.a(strncasecmp.o)
 .data          0x000000000010f608        0x0 /opt/syslinux/bios/com32/lib/libcom32core.a(ctypes.o)
 .data          0x000000000010f608        0x0 /opt/syslinux/bios/com32/lib/libcom32core.a(fputs.o)
 .data          0x000000000010f608        0x0 /opt/syslinux/bios/com32/lib/libcom32core.a(fwrite2.o)
 .data          0x000000000010f608        0x0 /opt/syslinux/bios/com32/lib/libcom32core.a(fwrite.o)
 .data          0x000000000010f608        0x0 /opt/syslinux/bios/com32/lib/libcom32core.a(fgetc.o)
 .data          0x000000000010f608        0x0 /opt/syslinux/bios/com32/lib/libcom32core.a(fclose.o)
 .data          0x000000000010f608        0x0 /opt/syslinux/bios/com32/lib/libcom32core.a(lmalloc.o)
 .data          0x000000000010f608        0x0 /opt/syslinux/bios/com32/lib/libcom32core.a(err_read.o)
 .data          0x000000000010f608        0x0 /opt/syslinux/bios/com32/lib/libcom32core.a(err_write.o)
 .data          0x000000000010f608        0x0 /opt/syslinux/bios/com32/lib/libcom32core.a(null_read.o)
 .data          0x000000000010f608        0x0 /opt/syslinux/bios/com32/lib/libcom32core.a(stdcon_write.o)
 .data          0x000000000010f608        0x0 /opt/syslinux/bios/com32/lib/libcom32core.a(memscan.o)
 .data          0x000000000010f608        0x0 /opt/syslinux/bios/com32/lib/libcom32core.a(strrchr.o)
 .data          0x000000000010f608        0x0 /opt/syslinux/bios/com32/lib/libcom32core.a(strcat.o)
 .data          0x000000000010f608        0x0 /opt/syslinux/bios/com32/lib/libcom32core.a(__ashldi3.o)
 .data          0x000000000010f608        0x0 /opt/syslinux/bios/com32/lib/libcom32core.a(__udivdi3.o)
 .data          0x000000000010f608        0x0 /opt/syslinux/bios/com32/lib/libcom32core.a(__negdi2.o)
 .data          0x000000000010f608        0x0 /opt/syslinux/bios/com32/lib/libcom32core.a(__ashrdi3.o)
 .data          0x000000000010f608        0x0 /opt/syslinux/bios/com32/lib/libcom32core.a(__lshrdi3.o)
 .data          0x000000000010f608        0x0 /opt/syslinux/bios/com32/lib/libcom32core.a(__muldi3.o)
 .data          0x000000000010f608        0x0 /opt/syslinux/bios/com32/lib/libcom32core.a(__udivmoddi4.o)
 .data          0x000000000010f608        0x0 /opt/syslinux/bios/com32/lib/libcom32core.a(__umoddi3.o)
 .data          0x000000000010f608        0x0 /opt/syslinux/bios/com32/lib/libcom32core.a(__divdi3.o)
 .data          0x000000000010f608        0x0 /opt/syslinux/bios/com32/lib/libcom32core.a(__moddi3.o)
 .data          0x000000000010f608        0x0 /opt/syslinux/bios/com32/lib/libcom32core.a(debug.o)
 .data          0x000000000010f608        0x0 /opt/syslinux/bios/com32/lib/libcom32core.a(intcall.o)
 .data          0x000000000010f608        0x0 /opt/syslinux/bios/com32/lib/libcom32core.a(farcall.o)
 .data          0x000000000010f608        0x0 /opt/syslinux/bios/com32/lib/libcom32core.a(cfarcall.o)
 .data          0x000000000010f608        0x0 /opt/syslinux/bios/com32/lib/libcom32core.a(zeroregs.o)
 .data          0x000000000010f608        0x0 /opt/syslinux/bios/com32/lib/libcom32core.a(argv.o)
 .data          0x000000000010f608        0x0 /opt/syslinux/bios/com32/lib/libcom32core.a(sleep.o)
 .data          0x000000000010f608        0x0 /opt/syslinux/bios/com32/lib/libcom32core.a(fileinfo.o)
 .data          0x000000000010f608        0x0 /opt/syslinux/bios/com32/lib/libcom32core.a(opendev.o)
 .data          0x000000000010f608        0x0 /opt/syslinux/bios/com32/lib/libcom32core.a(read.o)
 .data          0x000000000010f608        0x0 /opt/syslinux/bios/com32/lib/libcom32core.a(write.o)
 .data          0x000000000010f608        0x0 /opt/syslinux/bios/com32/lib/libcom32core.a(ftell.o)
 .data          0x000000000010f608        0x0 /opt/syslinux/bios/com32/lib/libcom32core.a(close.o)
 .data          0x000000000010f608        0x0 /opt/syslinux/bios/com32/lib/libcom32core.a(open.o)
 .data          0x000000000010f608        0x0 /opt/syslinux/bios/com32/lib/libcom32core.a(fileread.o)
 .data          0x000000000010f608        0x0 /opt/syslinux/bios/com32/lib/libcom32core.a(fileclose.o)
 .data          0x000000000010f608        0x0 /opt/syslinux/bios/com32/lib/libcom32core.a(openmem.o)
 .data          0x000000000010f608        0x0 /opt/syslinux/bios/com32/lib/libcom32core.a(isatty.o)
 .data          0x000000000010f608        0x0 /opt/syslinux/bios/com32/lib/libcom32core.a(fstat.o)
 .data          0x000000000010f608        0x0 /opt/syslinux/bios/com32/lib/libcom32core.a(dprintf.o)
 .data          0x000000000010f608        0x0 /opt/syslinux/bios/com32/lib/libcom32core.a(vdprintf.o)
 .data          0x000000000010f608        0x0 /opt/syslinux/bios/com32/lib/libcom32core.a(idle.o)
 .data          0x000000000010f608        0x0 /opt/syslinux/bios/com32/lib/libcom32core.a(exit.o)
 .data          0x000000000010f608        0x0 /opt/syslinux/bios/com32/lib/libcom32core.a(common.o)
 .data          0x000000000010f608        0x0 /opt/syslinux/bios/com32/lib/libcom32core.a(elf_module.o)
 .data          0x000000000010f608        0x0 /opt/syslinux/bios/com32/lib/libcom32core.a(elfutils.o)
 .data          0x000000000010f608        0x0 /opt/syslinux/bios/com32/lib/libcom32core.a(exec.o)
 .data          0x000000000010f608        0x0 /opt/syslinux/bios/com32/lib/libcom32core.a(elf_module.o)
 .data          0x000000000010f608        0x0 libpxelinux.a(rawcon.o)
 .data          0x000000000010f608        0x0 libpxelinux.a(pxeboot.o)
 .data          0x000000000010f608        0x0 libpxelinux.a(pxelinux-c.o)
 .data          0x000000000010f608        0x0 libpxelinux.a(dhcp_option.o)
 .data          0x000000000010f608        0xc libpxelinux.a(pxe.o)
 .data          0x000000000010f614        0x0 libpxelinux.a(tftp.o)
 .data          0x000000000010f614        0x0 libpxelinux.a(urlparse.o)
 .data          0x000000000010f614        0x0 libpxelinux.a(bios.o)
 .data          0x000000000010f614        0x0 libpxelinux.a(idle.o)
 .data          0x000000000010f614        0x0 libpxelinux.a(core.o)
 .data          0x000000000010f614        0x0 libpxelinux.a(dnsresolv.o)
 .data          0x000000000010f614        0x0 libpxelinux.a(portnum.o)
 *(.data.*)
 .data.rel.ro   0x000000000010f614        0x0 pxelinux.o
 .data.rel.ro.local
                0x000000000010f614       0x14 /opt/syslinux/bios/com32/lib/libcom32core.a(err_read.o)
                0x000000000010f614                dev_error_r
 .data.rel.ro.local
                0x000000000010f628       0x18 /opt/syslinux/bios/com32/lib/libcom32core.a(err_write.o)
                0x000000000010f628                dev_error_w
 .data.rel.ro.local
                0x000000000010f640       0x14 /opt/syslinux/bios/com32/lib/libcom32core.a(null_read.o)
                0x000000000010f640                dev_null_r
 .data.rel.ro.local
                0x000000000010f654       0x18 /opt/syslinux/bios/com32/lib/libcom32core.a(stdcon_write.o)
                0x000000000010f654                dev_stdcon_w
 .data.rel.local
                0x000000000010f66c        0x8 /opt/syslinux/bios/com32/lib/libcom32core.a(memscan.o)
 .data.rel      0x000000000010f674        0x4 /opt/syslinux/bios/com32/lib/libcom32core.a(argv.o)
                0x000000000010f674                __mem_end
 .data.rel.ro   0x000000000010f678       0x14 /opt/syslinux/bios/com32/lib/libcom32core.a(open.o)
                0x000000000010f678                __file_dev
 .data.rel      0x000000000010f68c        0x8 /opt/syslinux/bios/com32/lib/libcom32core.a(common.o)
                0x000000000010f68c                modules_head
                0x000000000010f694                __data_end = .
                0x000000000010f694                __pm_code_end = .
                0x000000000000f694                __pm_code_len = (ABSOLUTE (__pm_code_end) - ABSOLUTE (__pm_code_start))
                0x0000000000003da5                __pm_code_dwords = ((__pm_code_len + 0x3) >> 0x2)
                0x000000000010f700                . = ALIGN (0x80)
                0x000000000010f700                __bss_vma = .
                0x000000000010f700                __bss_lma = ABSOLUTE (.)

.bss            0x000000000010f700   0x204728
                0x000000000010f700                __bss_start = .
 *(.bss)
 .bss           0x000000000010f700        0x0 libcom32.a(writestr.o)
 .bss           0x000000000010f700        0x8 libcom32.a(idle.o)
                0x000000000010f700                NoHalt
 .bss           0x000000000010f708        0x0 libcom32.a(cleanup.o)
 .bss           0x000000000010f708        0x0 libcom32.a(init.o)
 .bss           0x000000000010f708        0x6 libcom32.a(conio.o)
                0x000000000010f708                FlowOutput
                0x000000000010f709                FlowIgnore
                0x000000000010f70a                FlowInput
                0x000000000010f70c                SerialPort
 .bss           0x000000000010f70e        0x0 libcom32.a(writehex.o)
 *fill*         0x000000000010f70e        0x2 
 .bss           0x000000000010f710       0x2c libcom32.a(load_env32.o)
 .bss           0x000000000010f73c        0x0 libcom32.a(getcwd.o)
 *fill*         0x000000000010f73c        0x4 
 .bss           0x000000000010f740      0x10c libcom32.a(readdir.o)
 *fill*         0x000000000010f84c       0x14 
 .bss           0x000000000010f860      0x144 libcom32.a(fs.o)
                0x000000000010f860                this_fs
 .bss           0x000000000010f9a4        0x0 libcom32.a(chdir.o)
 .bss           0x000000000010f9a4       0x18 libcom32.a(diskio.o)
 *fill*         0x000000000010f9bc        0x4 
 .bss           0x000000000010f9c0       0x50 libcom32.a(diskio_bios.o)
 .bss           0x000000000010fa10        0x0 libcom32.a(searchconfig.o)
 .bss           0x000000000010fa10        0x0 libcom32.a(cache.o)
 .bss           0x000000000010fa10        0x0 libcom32.a(pmapi.o)
 .bss           0x000000000010fa10        0x0 libcom32.a(rllpack.o)
 .bss           0x000000000010fa10        0x0 libcom32.a(hello.o)
 *fill*         0x000000000010fa10       0x10 
 .bss           0x000000000010fa20      0x470 libcom32.a(graphics.o)
                0x000000000010fa20                UsingVGA
 .bss           0x000000000010fe90        0x1 libcom32.a(font.o)
                0x000000000010fe90                UserFont
 *fill*         0x000000000010fe91        0xf 
 .bss           0x000000000010fea0      0x28e libcom32.a(bios.o)
                0x000000000010fea0                firmware
 .bss           0x000000000011012e        0x0 libcom32.a(path.o)
 .bss           0x000000000011012e        0x0 libcom32.a(init.o)
 .bss           0x000000000011012e        0x0 libcom32.a(lzo1x_f2.o)
 .bss           0x000000000011012e        0x0 libcom32.a(errno.o)
 *fill*         0x000000000011012e       0x12 
 .bss           0x0000000000110140     0x1060 libcom32.a(serirq.o)
 .bss           0x00000000001111a0        0x0 libcom32.a(malloc.o)
 .bss           0x00000000001111a0        0x0 libcom32.a(free.o)
 .bss           0x00000000001111a0        0x0 libcom32.a(sysappend.o)
 .bss           0x00000000001111a0        0x0 libcom32.a(kaboom.o)
 .bss           0x00000000001111a0        0x0 libcom32.a(call16.o)
 .bss           0x00000000001111a0        0x4 libcom32.a(dmi.o)
 .bss           0x00000000001111a4        0x0 libcom32.a(sem_asm.o)
 .bss           0x00000000001111a4        0x0 libcom32.a(semaphore.o)
 .bss           0x00000000001111a4        0x0 libcom32.a(root_thread.o)
 .bss           0x00000000001111a4        0x1 libcom32.a(schedule.o)
 .bss           0x00000000001111a5        0x0 libcom32.a(thread_asm.o)
 .bss           0x00000000001111a5        0x0 libcom32.a(exit_thread.o)
 .bss           0x00000000001111a5        0x0 /opt/syslinux/bios/com32/lib/libcom32core.a(memcpy.o)
 .bss           0x00000000001111a5        0x0 /opt/syslinux/bios/com32/lib/libcom32core.a(memset.o)
 .bss           0x00000000001111a5        0x0 /opt/syslinux/bios/com32/lib/libcom32core.a(memcmp.o)
 .bss           0x00000000001111a5        0x0 /opt/syslinux/bios/com32/lib/libcom32core.a(printf.o)
 .bss           0x00000000001111a5        0x0 /opt/syslinux/bios/com32/lib/libcom32core.a(strncmp.o)
 .bss           0x00000000001111a5        0x0 /opt/syslinux/bios/com32/lib/libcom32core.a(vfprintf.o)
 .bss           0x00000000001111a5        0x0 /opt/syslinux/bios/com32/lib/libcom32core.a(strlen.o)
 .bss           0x00000000001111a5        0x0 /opt/syslinux/bios/com32/lib/libcom32core.a(vsnprintf.o)
 .bss           0x00000000001111a5        0x0 /opt/syslinux/bios/com32/lib/libcom32core.a(snprintf.o)
 .bss           0x00000000001111a5        0x0 /opt/syslinux/bios/com32/lib/libcom32core.a(stpcpy.o)
 .bss           0x00000000001111a5        0x0 /opt/syslinux/bios/com32/lib/libcom32core.a(strcmp.o)
 .bss           0x00000000001111a5        0x0 /opt/syslinux/bios/com32/lib/libcom32core.a(strdup.o)
 .bss           0x00000000001111a5        0x0 /opt/syslinux/bios/com32/lib/libcom32core.a(strcpy.o)
 .bss           0x00000000001111a5        0x0 /opt/syslinux/bios/com32/lib/libcom32core.a(strncpy.o)
 .bss           0x00000000001111a5        0x0 /opt/syslinux/bios/com32/lib/libcom32core.a(setjmp.o)
 .bss           0x00000000001111a5        0x0 /opt/syslinux/bios/com32/lib/libcom32core.a(fopen.o)
 .bss           0x00000000001111a5        0x0 /opt/syslinux/bios/com32/lib/libcom32core.a(fread.o)
 .bss           0x00000000001111a5        0x0 /opt/syslinux/bios/com32/lib/libcom32core.a(fread2.o)
 .bss           0x00000000001111a5        0x0 /opt/syslinux/bios/com32/lib/libcom32core.a(puts.o)
 .bss           0x00000000001111a5        0x0 /opt/syslinux/bios/com32/lib/libcom32core.a(strtoul.o)
 .bss           0x00000000001111a5        0x0 /opt/syslinux/bios/com32/lib/libcom32core.a(strntoumax.o)
 .bss           0x00000000001111a5        0x0 /opt/syslinux/bios/com32/lib/libcom32core.a(strcasecmp.o)
 .bss           0x00000000001111a5        0x0 /opt/syslinux/bios/com32/lib/libcom32core.a(sprintf.o)
 .bss           0x00000000001111a5        0x0 /opt/syslinux/bios/com32/lib/libcom32core.a(strlcat.o)
 .bss           0x00000000001111a5        0x0 /opt/syslinux/bios/com32/lib/libcom32core.a(strchr.o)
 .bss           0x00000000001111a5        0x0 /opt/syslinux/bios/com32/lib/libcom32core.a(strlcpy.o)
 .bss           0x00000000001111a5        0x0 /opt/syslinux/bios/com32/lib/libcom32core.a(strncasecmp.o)
 .bss           0x00000000001111a5        0x0 /opt/syslinux/bios/com32/lib/libcom32core.a(ctypes.o)
 .bss           0x00000000001111a5        0x0 /opt/syslinux/bios/com32/lib/libcom32core.a(fputs.o)
 .bss           0x00000000001111a5        0x0 /opt/syslinux/bios/com32/lib/libcom32core.a(fwrite2.o)
 .bss           0x00000000001111a5        0x0 /opt/syslinux/bios/com32/lib/libcom32core.a(fwrite.o)
 .bss           0x00000000001111a5        0x0 /opt/syslinux/bios/com32/lib/libcom32core.a(fgetc.o)
 .bss           0x00000000001111a5        0x0 /opt/syslinux/bios/com32/lib/libcom32core.a(fclose.o)
 .bss           0x00000000001111a5        0x0 /opt/syslinux/bios/com32/lib/libcom32core.a(lmalloc.o)
 .bss           0x00000000001111a5        0x0 /opt/syslinux/bios/com32/lib/libcom32core.a(err_read.o)
 .bss           0x00000000001111a5        0x0 /opt/syslinux/bios/com32/lib/libcom32core.a(err_write.o)
 .bss           0x00000000001111a5        0x0 /opt/syslinux/bios/com32/lib/libcom32core.a(null_read.o)
 .bss           0x00000000001111a5        0x0 /opt/syslinux/bios/com32/lib/libcom32core.a(stdcon_write.o)
 .bss           0x00000000001111a5        0x0 /opt/syslinux/bios/com32/lib/libcom32core.a(memscan.o)
 .bss           0x00000000001111a5        0x0 /opt/syslinux/bios/com32/lib/libcom32core.a(strrchr.o)
 .bss           0x00000000001111a5        0x0 /opt/syslinux/bios/com32/lib/libcom32core.a(strcat.o)
 .bss           0x00000000001111a5        0x0 /opt/syslinux/bios/com32/lib/libcom32core.a(__ashldi3.o)
 .bss           0x00000000001111a5        0x0 /opt/syslinux/bios/com32/lib/libcom32core.a(__udivdi3.o)
 .bss           0x00000000001111a5        0x0 /opt/syslinux/bios/com32/lib/libcom32core.a(__negdi2.o)
 .bss           0x00000000001111a5        0x0 /opt/syslinux/bios/com32/lib/libcom32core.a(__ashrdi3.o)
 .bss           0x00000000001111a5        0x0 /opt/syslinux/bios/com32/lib/libcom32core.a(__lshrdi3.o)
 .bss           0x00000000001111a5        0x0 /opt/syslinux/bios/com32/lib/libcom32core.a(__muldi3.o)
 .bss           0x00000000001111a5        0x0 /opt/syslinux/bios/com32/lib/libcom32core.a(__udivmoddi4.o)
 .bss           0x00000000001111a5        0x0 /opt/syslinux/bios/com32/lib/libcom32core.a(__umoddi3.o)
 .bss           0x00000000001111a5        0x0 /opt/syslinux/bios/com32/lib/libcom32core.a(__divdi3.o)
 .bss           0x00000000001111a5        0x0 /opt/syslinux/bios/com32/lib/libcom32core.a(__moddi3.o)
 .bss           0x00000000001111a5        0x0 /opt/syslinux/bios/com32/lib/libcom32core.a(debug.o)
 .bss           0x00000000001111a5        0x0 /opt/syslinux/bios/com32/lib/libcom32core.a(intcall.o)
 .bss           0x00000000001111a5        0x0 /opt/syslinux/bios/com32/lib/libcom32core.a(farcall.o)
 .bss           0x00000000001111a5        0x0 /opt/syslinux/bios/com32/lib/libcom32core.a(cfarcall.o)
 .bss           0x00000000001111a5        0x0 /opt/syslinux/bios/com32/lib/libcom32core.a(zeroregs.o)
 .bss           0x00000000001111a5        0x0 /opt/syslinux/bios/com32/lib/libcom32core.a(argv.o)
 .bss           0x00000000001111a5        0x0 /opt/syslinux/bios/com32/lib/libcom32core.a(sleep.o)
 .bss           0x00000000001111a5        0x0 /opt/syslinux/bios/com32/lib/libcom32core.a(fileinfo.o)
 .bss           0x00000000001111a5        0x0 /opt/syslinux/bios/com32/lib/libcom32core.a(opendev.o)
 .bss           0x00000000001111a5        0x0 /opt/syslinux/bios/com32/lib/libcom32core.a(read.o)
 .bss           0x00000000001111a5        0x0 /opt/syslinux/bios/com32/lib/libcom32core.a(write.o)
 .bss           0x00000000001111a5        0x0 /opt/syslinux/bios/com32/lib/libcom32core.a(ftell.o)
 .bss           0x00000000001111a5        0x0 /opt/syslinux/bios/com32/lib/libcom32core.a(close.o)
 .bss           0x00000000001111a5        0x0 /opt/syslinux/bios/com32/lib/libcom32core.a(open.o)
 .bss           0x00000000001111a5        0x0 /opt/syslinux/bios/com32/lib/libcom32core.a(fileread.o)
 .bss           0x00000000001111a5        0x0 /opt/syslinux/bios/com32/lib/libcom32core.a(fileclose.o)
 .bss           0x00000000001111a5        0x0 /opt/syslinux/bios/com32/lib/libcom32core.a(openmem.o)
 .bss           0x00000000001111a5        0x0 /opt/syslinux/bios/com32/lib/libcom32core.a(isatty.o)
 .bss           0x00000000001111a5        0x0 /opt/syslinux/bios/com32/lib/libcom32core.a(fstat.o)
 .bss           0x00000000001111a5        0x0 /opt/syslinux/bios/com32/lib/libcom32core.a(dprintf.o)
 .bss           0x00000000001111a5        0x0 /opt/syslinux/bios/com32/lib/libcom32core.a(vdprintf.o)
 .bss           0x00000000001111a5        0x0 /opt/syslinux/bios/com32/lib/libcom32core.a(idle.o)
 .bss           0x00000000001111a5        0x0 /opt/syslinux/bios/com32/lib/libcom32core.a(exit.o)
 .bss           0x00000000001111a5        0x0 /opt/syslinux/bios/com32/lib/libcom32core.a(common.o)
 .bss           0x00000000001111a5        0x0 /opt/syslinux/bios/com32/lib/libcom32core.a(elf_module.o)
 .bss           0x00000000001111a5        0x0 /opt/syslinux/bios/com32/lib/libcom32core.a(elfutils.o)
 *fill*         0x00000000001111a5        0x3 
 .bss           0x00000000001111a8        0x4 /opt/syslinux/bios/com32/lib/libcom32core.a(exec.o)
                0x00000000001111a8                __syslinux_current
 .bss           0x00000000001111ac        0x0 /opt/syslinux/bios/com32/lib/libcom32core.a(elf_module.o)
 .bss           0x00000000001111ac        0x0 libpxelinux.a(rawcon.o)
 .bss           0x00000000001111ac        0x0 libpxelinux.a(pxeboot.o)
 .bss           0x00000000001111ac        0x0 libpxelinux.a(pxelinux-c.o)
 .bss           0x00000000001111ac        0x0 libpxelinux.a(dhcp_option.o)
 *fill*         0x00000000001111ac       0x14 
 .bss           0x00000000001111c0       0xea libpxelinux.a(pxe.o)
                0x00000000001111c0                have_uuid
 *fill*         0x00000000001112aa       0x16 
 .bss           0x00000000001112c0       0x64 libpxelinux.a(tftp.o)
 .bss           0x0000000000111324        0x0 libpxelinux.a(urlparse.o)
 .bss           0x0000000000111324        0x6 libpxelinux.a(bios.o)
 .bss           0x000000000011132a        0x0 libpxelinux.a(idle.o)
 .bss           0x000000000011132a        0x0 libpxelinux.a(core.o)
 *fill*         0x000000000011132a        0x2 
 .bss           0x000000000011132c       0x10 libpxelinux.a(dnsresolv.o)
                0x000000000011132c                dns_server
 *fill*         0x000000000011133c        0x4 
 .bss           0x0000000000111340      0x420 libpxelinux.a(portnum.o)
 *(.bss.*)
 *(COMMON)
 COMMON         0x0000000000111760        0x4 libcom32.a(idle.o)
                0x0000000000111760                idle_hook_func
 *fill*         0x0000000000111764       0x1c 
 COMMON         0x0000000000111780       0x90 libcom32.a(init.o)
                0x0000000000111780                bios_free_mem
                0x00000000001117a0                __core_malloc_head
 COMMON         0x0000000000111810        0x4 libcom32.a(conio.o)
                0x0000000000111810                _screensize
                0x0000000000111812                _cursor
 *fill*         0x0000000000111814        0xc 
 COMMON         0x0000000000111820      0x600 libcom32.a(fs.o)
                0x0000000000111820                files
 COMMON         0x0000000000111e20      0x200 libcom32.a(searchconfig.o)
                0x0000000000111e20                ConfigName
                0x0000000000111f20                config_cwd
 COMMON         0x0000000000112020      0x224 libcom32.a(graphics.o)
                0x0000000000112020                VGAPos
                0x0000000000112040                VGAFileBuf
                0x0000000000112140                VGAFileMBuf
                0x0000000000112240                VGAFilePtr
 *fill*         0x0000000000112244       0x1c 
 COMMON         0x0000000000112260      0x103 libcom32.a(bios.o)
                0x0000000000112260                KbdMap
                0x0000000000112360                PXERetry
                0x0000000000112362                KbdFlags
 *fill*         0x0000000000112363        0x1 
 COMMON         0x0000000000112364        0x4 libcom32.a(errno.o)
                0x0000000000112364                errno
 *fill*         0x0000000000112368       0x18 
 COMMON         0x0000000000112380       0x6c libcom32.a(sysappend.o)
                0x0000000000112380                SysAppends
                0x00000000001123a0                sysappend_strings
 *fill*         0x00000000001123ec       0x14 
 COMMON         0x0000000000112400       0x2c libcom32.a(call16.o)
                0x0000000000112400                zero_regs
 COMMON         0x000000000011242c        0x4 libcom32.a(schedule.o)
                0x000000000011242c                sched_hook_func
 *fill*         0x0000000000112430       0x10 
 COMMON         0x0000000000112440       0x2c /opt/syslinux/bios/com32/lib/libcom32core.a(zeroregs.o)
                0x0000000000112440                __com32_zero_regs
 *fill*         0x000000000011246c       0x14 
 COMMON         0x0000000000112480   0x201600 /opt/syslinux/bios/com32/lib/libcom32core.a(fileinfo.o)
                0x0000000000112480                __file_info
 COMMON         0x0000000000313a80       0x18 /opt/syslinux/bios/com32/lib/libcom32core.a(exec.o)
                0x0000000000313a80                __process_exit_jmp
 COMMON         0x0000000000313a98        0xc libpxelinux.a(pxeboot.o)
                0x0000000000313a98                tcp_conn_ops
 COMMON         0x0000000000313aa4       0x16 libpxelinux.a(pxelinux-c.o)
                0x0000000000313aa4                IPInfo
                0x0000000000313ab8                APIVer
 *fill*         0x0000000000313aba        0x6 
 COMMON         0x0000000000313ac0      0x120 libpxelinux.a(dhcp_option.o)
                0x0000000000313ac0                uuid
                0x0000000000313ad0                uuid_type
                0x0000000000313ad4                over_load
                0x0000000000313ae0                LocalDomain
 COMMON         0x0000000000313be0      0x241 libpxelinux.a(pxe.o)
                0x0000000000313be0                MAC_type
                0x0000000000313c00                MAC
                0x0000000000313c20                path_prefix
                0x0000000000313d20                boot_file
                0x0000000000313e20                MAC_len
 *fill*         0x0000000000313e21        0x3 
 COMMON         0x0000000000313e24        0x4 libpxelinux.a(bios.o)
                0x0000000000313e24                StrucPtr
                0x0000000000313e28                __bss_end = .
                0x0000000000204728                __bss_len = (ABSOLUTE (__bss_end) - ABSOLUTE (__bss_start))
                0x00000000000811ca                __bss_dwords = ((__bss_len + 0x3) >> 0x2)
                0x0000000000313e28                __hugebss_vma = .
                0x0000000000313e28                __hugebss_lma = ABSOLUTE (.)

.savedata       0x0000000000313e30     0x2000
 .savedata      0x0000000000313e30     0x2000 pxelinux.o
                0x0000000000313e30                bdhcp_data
                0x0000000000314e30                adhcp_data

.dynbss         0x0000000000315e30        0x0
 .dynbss        0x0000000000315e30        0x0 pxelinux.o

.hugebss        0x0000000000315e30        0x0 load address 0x0000000000313e28
                0x0000000000315e30                __hugebss_start = .
 *(.hugebss)
 *(.hugebss.*)
                0x0000000000315e30                __hugebss_end = .
                0x0000000000000000                __hugebss_len = (ABSOLUTE (__hugebss_end) - ABSOLUTE (__hugebss_start))
                0x0000000000000000                __hugebss_dwords = ((__hugebss_len + 0x3) >> 0x2)
                0x0000000000315e30                __stack_vma = .
                0x0000000000315e30                __stack_lma = ABSOLUTE (.)

.stack          0x0000000000316000    0x10000 load address 0x0000000000315e30
                0x0000000000316000                __stack_start = .
 *(.stack)
 .stack         0x0000000000316000    0x10000 pxelinux.o
                0x0000000000326000                __stack_end = .
                0x0000000000010000                __stack_len = (ABSOLUTE (__stack_end) - ABSOLUTE (__stack_start))
                0x0000000000004000                __stack_dwords = ((__stack_len + 0x3) >> 0x2)
                0x0000000000326000                _end = .
                0x0000000000326000                . = ALIGN (0x1000)
                0x0000000000326000                free_high_memory = .

/DISCARD/
 *(.eh_frame)
 *(.interp)
LOAD pxelinux.o
START GROUP
LOAD libcom32.a
LOAD /opt/syslinux/bios/com32/lib/libcom32core.a
LOAD libpxelinux.a
END GROUP
OUTPUT(pxelinux.elf elf32-i386)

.debug_aranges  0x0000000000000000     0x1020
 .debug_aranges
                0x0000000000000000       0x40 pxelinux.o
 .debug_aranges
                0x0000000000000040       0x20 libcom32.a(writestr.o)
 .debug_aranges
                0x0000000000000060       0x20 libcom32.a(idle.o)
 .debug_aranges
                0x0000000000000080       0x20 libcom32.a(cleanup.o)
 .debug_aranges
                0x00000000000000a0       0x20 libcom32.a(init.o)
 .debug_aranges
                0x00000000000000c0       0x20 libcom32.a(conio.o)
 .debug_aranges
                0x00000000000000e0       0x20 libcom32.a(writehex.o)
 .debug_aranges
                0x0000000000000100       0x20 libcom32.a(load_env32.o)
 .debug_aranges
                0x0000000000000120       0x20 libcom32.a(getcwd.o)
 .debug_aranges
                0x0000000000000140       0x20 libcom32.a(readdir.o)
 .debug_aranges
                0x0000000000000160       0x20 libcom32.a(fs.o)
 .debug_aranges
                0x0000000000000180       0x20 libcom32.a(chdir.o)
 .debug_aranges
                0x00000000000001a0       0x20 libcom32.a(diskio.o)
 .debug_aranges
                0x00000000000001c0       0x20 libcom32.a(diskio_bios.o)
 .debug_aranges
                0x00000000000001e0       0x20 libcom32.a(searchconfig.o)
 .debug_aranges
                0x0000000000000200       0x20 libcom32.a(cache.o)
 .debug_aranges
                0x0000000000000220       0x18 libcom32.a(pmapi.o)
 .debug_aranges
                0x0000000000000238       0x20 libcom32.a(rllpack.o)
 .debug_aranges
                0x0000000000000258       0x20 libcom32.a(hello.o)
 .debug_aranges
                0x0000000000000278       0x20 libcom32.a(graphics.o)
 .debug_aranges
                0x0000000000000298       0x20 libcom32.a(font.o)
 .debug_aranges
                0x00000000000002b8       0x20 libcom32.a(bios.o)
 .debug_aranges
                0x00000000000002d8       0x20 libcom32.a(path.o)
 .debug_aranges
                0x00000000000002f8       0x20 libcom32.a(init.o)
 .debug_aranges
                0x0000000000000318       0x20 libcom32.a(lzo1x_f2.o)
 .debug_aranges
                0x0000000000000338       0x18 libcom32.a(errno.o)
 .debug_aranges
                0x0000000000000350       0x20 libcom32.a(serirq.o)
 .debug_aranges
                0x0000000000000370       0x20 libcom32.a(malloc.o)
 .debug_aranges
                0x0000000000000390       0x20 libcom32.a(free.o)
 .debug_aranges
                0x00000000000003b0       0x20 libcom32.a(sysappend.o)
 .debug_aranges
                0x00000000000003d0       0x20 libcom32.a(kaboom.o)
 .debug_aranges
                0x00000000000003f0       0x20 libcom32.a(call16.o)
 .debug_aranges
                0x0000000000000410       0x20 libcom32.a(dmi.o)
 .debug_aranges
                0x0000000000000430       0x20 libcom32.a(sem_asm.o)
 .debug_aranges
                0x0000000000000450       0x20 libcom32.a(semaphore.o)
 .debug_aranges
                0x0000000000000470       0x18 libcom32.a(root_thread.o)
 .debug_aranges
                0x0000000000000488       0x20 libcom32.a(schedule.o)
 .debug_aranges
                0x00000000000004a8       0x20 libcom32.a(thread_asm.o)
 .debug_aranges
                0x00000000000004c8       0x20 libcom32.a(exit_thread.o)
 .debug_aranges
                0x00000000000004e8       0x20 /opt/syslinux/bios/com32/lib/libcom32core.a(memcpy.o)
 .debug_aranges
                0x0000000000000508       0x20 /opt/syslinux/bios/com32/lib/libcom32core.a(memset.o)
 .debug_aranges
                0x0000000000000528       0x20 /opt/syslinux/bios/com32/lib/libcom32core.a(memcmp.o)
 .debug_aranges
                0x0000000000000548       0x20 /opt/syslinux/bios/com32/lib/libcom32core.a(printf.o)
 .debug_aranges
                0x0000000000000568       0x20 /opt/syslinux/bios/com32/lib/libcom32core.a(strncmp.o)
 .debug_aranges
                0x0000000000000588       0x20 /opt/syslinux/bios/com32/lib/libcom32core.a(vfprintf.o)
 .debug_aranges
                0x00000000000005a8       0x20 /opt/syslinux/bios/com32/lib/libcom32core.a(strlen.o)
 .debug_aranges
                0x00000000000005c8       0x20 /opt/syslinux/bios/com32/lib/libcom32core.a(vsnprintf.o)
 .debug_aranges
                0x00000000000005e8       0x20 /opt/syslinux/bios/com32/lib/libcom32core.a(snprintf.o)
 .debug_aranges
                0x0000000000000608       0x20 /opt/syslinux/bios/com32/lib/libcom32core.a(stpcpy.o)
 .debug_aranges
                0x0000000000000628       0x20 /opt/syslinux/bios/com32/lib/libcom32core.a(strcmp.o)
 .debug_aranges
                0x0000000000000648       0x20 /opt/syslinux/bios/com32/lib/libcom32core.a(strdup.o)
 .debug_aranges
                0x0000000000000668       0x20 /opt/syslinux/bios/com32/lib/libcom32core.a(strcpy.o)
 .debug_aranges
                0x0000000000000688       0x20 /opt/syslinux/bios/com32/lib/libcom32core.a(strncpy.o)
 .debug_aranges
                0x00000000000006a8       0x20 /opt/syslinux/bios/com32/lib/libcom32core.a(setjmp.o)
 .debug_aranges
                0x00000000000006c8       0x20 /opt/syslinux/bios/com32/lib/libcom32core.a(fopen.o)
 .debug_aranges
                0x00000000000006e8       0x20 /opt/syslinux/bios/com32/lib/libcom32core.a(fread.o)
 .debug_aranges
                0x0000000000000708       0x20 /opt/syslinux/bios/com32/lib/libcom32core.a(fread2.o)
 .debug_aranges
                0x0000000000000728       0x20 /opt/syslinux/bios/com32/lib/libcom32core.a(puts.o)
 .debug_aranges
                0x0000000000000748       0x20 /opt/syslinux/bios/com32/lib/libcom32core.a(strtoul.o)
 .debug_aranges
                0x0000000000000768       0x20 /opt/syslinux/bios/com32/lib/libcom32core.a(strntoumax.o)
 .debug_aranges
                0x0000000000000788       0x20 /opt/syslinux/bios/com32/lib/libcom32core.a(strcasecmp.o)
 .debug_aranges
                0x00000000000007a8       0x20 /opt/syslinux/bios/com32/lib/libcom32core.a(sprintf.o)
 .debug_aranges